
> school-backend@1.0.0 test
> jest __tests__/announcements-read.test.js --ci

[2026-03-12 06:05:20.358 +0300] [33mWARN[39m: [36mTwilio credentials not configured. SMS features disabled.[39m
[2026-03-12 06:05:20.412 +0300] [32mINFO[39m: [36mLoading Firebase credentials from local file...[39m
[2026-03-12 06:05:20.444 +0300] [32mINFO[39m: [36mFirebase Admin SDK initialized successfully.[39m
[2026-03-12 06:05:20.849 +0300] [32mINFO[39m: [36mLogin attempt[39m
    [35memail[39m: "admin-s1-1773284720818@test.com"
[2026-03-12 06:05:20.854 +0300] [34mDEBUG[39m: [36mUser lookup result[39m
    [35memail[39m: "admin-s1-1773284720818@test.com"
    [35mfound[39m: true
[2026-03-12 06:05:20.916 +0300] [34mDEBUG[39m: [36mPassword comparison result[39m
    [35memail[39m: "admin-s1-1773284720818@test.com"
    [35mmatch[39m: true
[2026-03-12 06:05:20.916 +0300] [32mINFO[39m: [36mLogin successful[39m
    [35memail[39m: "admin-s1-1773284720818@test.com"
    [35mrole[39m: "school_admin"
    [35mmappedRole[39m: "ADMIN"
[2026-03-12 06:05:20.918 +0300] [32mINFO[39m: [36mUser login successful[39m
    [35muserId[39m: "04c364ec-6ca9-4466-bc03-3b5f49d9fef9"
    [35memail[39m: "admin-s1-1773284720818@test.com"
    [35maudit[39m: true
    [35maction[39m: "LOGIN_SUCCESS"
[2026-03-12 06:05:20.920 +0300] [32mINFO[39m: [36mHTTP Request[39m
    [35mmethod[39m: "POST"
    [35murl[39m: "/api/auth/login"
    [35mstatus[39m: 200
    [35mduration[39m: "84ms"
[2026-03-12 06:05:20.925 +0300] [32mINFO[39m: [36mLogin attempt[39m
    [35memail[39m: "parent-s1-1773284720822@test.com"
[2026-03-12 06:05:20.927 +0300] [34mDEBUG[39m: [36mUser lookup result[39m
    [35memail[39m: "parent-s1-1773284720822@test.com"
    [35mfound[39m: true
[2026-03-12 06:05:20.991 +0300] [34mDEBUG[39m: [36mPassword comparison result[39m
    [35memail[39m: "parent-s1-1773284720822@test.com"
    [35mmatch[39m: true
[2026-03-12 06:05:20.991 +0300] [32mINFO[39m: [36mLogin successful[39m
    [35memail[39m: "parent-s1-1773284720822@test.com"
    [35mrole[39m: "parent"
    [35mmappedRole[39m: "PARENT"
[2026-03-12 06:05:20.992 +0300] [32mINFO[39m: [36mUser login successful[39m
    [35muserId[39m: "86be2d30-aa85-48cf-93b1-ec5fabf5f0be"
    [35memail[39m: "parent-s1-1773284720822@test.com"
    [35maudit[39m: true
    [35maction[39m: "LOGIN_SUCCESS"
[2026-03-12 06:05:20.992 +0300] [32mINFO[39m: [36mHTTP Request[39m
    [35mmethod[39m: "POST"
    [35murl[39m: "/api/auth/login"
    [35mstatus[39m: 200
    [35mduration[39m: "68ms"
[2026-03-12 06:05:20.995 +0300] [32mINFO[39m: [36mLogin attempt[39m
    [35memail[39m: "teacher-s1-1773284720824@test.com"
[2026-03-12 06:05:20.997 +0300] [34mDEBUG[39m: [36mUser lookup result[39m
    [35memail[39m: "teacher-s1-1773284720824@test.com"
    [35mfound[39m: true
[2026-03-12 06:05:21.057 +0300] [34mDEBUG[39m: [36mPassword comparison result[39m
    [35memail[39m: "teacher-s1-1773284720824@test.com"
    [35mmatch[39m: true
[2026-03-12 06:05:21.057 +0300] [32mINFO[39m: [36mLogin successful[39m
    [35memail[39m: "teacher-s1-1773284720824@test.com"
    [35mrole[39m: "teacher"
    [35mmappedRole[39m: "TEACHER"
[2026-03-12 06:05:21.057 +0300] [32mINFO[39m: [36mUser login successful[39m
    [35muserId[39m: "303f12de-7b92-4120-87fe-40ff51b09c21"
    [35memail[39m: "teacher-s1-1773284720824@test.com"
    [35maudit[39m: true
    [35maction[39m: "LOGIN_SUCCESS"
[2026-03-12 06:05:21.057 +0300] [32mINFO[39m: [36mHTTP Request[39m
    [35mmethod[39m: "POST"
    [35murl[39m: "/api/auth/login"
    [35mstatus[39m: 200
    [35mduration[39m: "63ms"
[2026-03-12 06:05:21.060 +0300] [32mINFO[39m: [36mLogin attempt[39m
    [35memail[39m: "parent-s2-1773284720826@test.com"
[2026-03-12 06:05:21.062 +0300] [34mDEBUG[39m: [36mUser lookup result[39m
    [35memail[39m: "parent-s2-1773284720826@test.com"
    [35mfound[39m: true
[2026-03-12 06:05:21.123 +0300] [34mDEBUG[39m: [36mPassword comparison result[39m
    [35memail[39m: "parent-s2-1773284720826@test.com"
    [35mmatch[39m: true
[2026-03-12 06:05:21.123 +0300] [32mINFO[39m: [36mLogin successful[39m
    [35memail[39m: "parent-s2-1773284720826@test.com"
    [35mrole[39m: "parent"
    [35mmappedRole[39m: "PARENT"
[2026-03-12 06:05:21.123 +0300] [32mINFO[39m: [36mUser login successful[39m
    [35muserId[39m: "a12fb57c-d9d7-4d4b-a3f9-8eda1ee6beed"
    [35memail[39m: "parent-s2-1773284720826@test.com"
    [35maudit[39m: true
    [35maction[39m: "LOGIN_SUCCESS"
[2026-03-12 06:05:21.124 +0300] [32mINFO[39m: [36mHTTP Request[39m
    [35mmethod[39m: "POST"
    [35murl[39m: "/api/auth/login"
    [35mstatus[39m: 200
    [35mduration[39m: "64ms"
  console.log
    prisma:error 
    Invalid `prisma.student.findMany()` invocation in
    C:\Users\Pc\Downloads\peek-school-system-backend-main\peek-school-system-backend-main\src\controllers\communicationController.js:78:51
    
      75 
      76 if (role === 'parent') {
      77     // Find all classes children are enrolled in
    ΓåÆ 78     const students = await prisma.student.findMany({
               where: {
                 parentId: "86be2d30-aa85-48cf-93b1-ec5fabf5f0be"
               },
               select: {
                 enrollments: {
                   where: {
                     academicYear: {
                       isActive: true,
                       ~~~~~~~~
             ?         is?: AcademicYearWhereInput,
             ?         isNot?: AcademicYearWhereInput
                     }
                   },
                   select: {
                     classId: true
                   }
                 }
               }
             })
    
    Unknown argument `isActive`. Available options are marked with ?.

      at Object.rc (node_modules/@prisma/client/runtime/library.js:21:432)

[2026-03-12 06:05:21.157 +0300] [31mERROR[39m: [36mError fetching announcements[39m
    [35muserId[39m: "86be2d30-aa85-48cf-93b1-ec5fabf5f0be"
    error: {
      "name": "PrismaClientValidationError",
      "clientVersion": "5.19.1"
    }
[2026-03-12 06:05:21.158 +0300] [31mERROR[39m: [36mHTTP Request[39m
    [35mmethod[39m: "GET"
    [35murl[39m: "/api/communication/announcements"
    [35mstatus[39m: 500
    [35mduration[39m: "26ms"
[2026-03-12 06:05:21.174 +0300] [32mINFO[39m: [36mHTTP Request[39m
    [35mmethod[39m: "GET"
    [35murl[39m: "/api/communication/announcements"
    [35mstatus[39m: 200
    [35mduration[39m: "10ms"
  console.log
    prisma:error 
    Invalid `prisma.student.findMany()` invocation in
    C:\Users\Pc\Downloads\peek-school-system-backend-main\peek-school-system-backend-main\src\controllers\communicationController.js:78:51
    
      75 
      76 if (role === 'parent') {
      77     // Find all classes children are enrolled in
    ΓåÆ 78     const students = await prisma.student.findMany({
               where: {
                 parentId: "a12fb57c-d9d7-4d4b-a3f9-8eda1ee6beed"
               },
               select: {
                 enrollments: {
                   where: {
                     academicYear: {
                       isActive: true,
                       ~~~~~~~~
             ?         is?: AcademicYearWhereInput,
             ?         isNot?: AcademicYearWhereInput
                     }
                   },
                   select: {
                     classId: true
                   }
                 }
               }
             })
    
    Unknown argument `isActive`. Available options are marked with ?.

      at Object.rc (node_modules/@prisma/client/runtime/library.js:21:432)

[2026-03-12 06:05:21.181 +0300] [31mERROR[39m: [36mError fetching announcements[39m
    [35muserId[39m: "a12fb57c-d9d7-4d4b-a3f9-8eda1ee6beed"
    error: {
      "name": "PrismaClientValidationError",
      "clientVersion": "5.19.1"
    }
[2026-03-12 06:05:21.182 +0300] [31mERROR[39m: [36mHTTP Request[39m
    [35mmethod[39m: "GET"
    [35murl[39m: "/api/communication/announcements"
    [35mstatus[39m: 500
    [35mduration[39m: "5ms"
  console.log
    prisma:error 
    Invalid `prisma.announcement.findMany()` invocation in
    C:\Users\Pc\Downloads\peek-school-system-backend-main\peek-school-system-backend-main\src\controllers\communicationController.js:109:57
    
      106 // School admins see everything or filter? Requirement: "Fetch announcements relevant to the user's school and (if applicable) their class."
      107 // Admin creates them, so maybe they see all. For now sticking to relevancy.
      108 
    ΓåÆ 109 const announcements = await prisma.announcement.findMany({
            where: {
              schoolId: "b77fe88d-04ac-490a-af3f-040dddf1e814",
              OR: [
                {
                  scope: "SCHOOL"
                }
              ]
            },
            orderBy: {
              createdAt: "desc"
            },
            include: {
              class: {
                select: {
                  name: true
                }
              }
            },
            take: "2"
                  ~~~
          })
    
    Argument `take`: Invalid value provided. Expected Int, provided String.

      at Object.rc (node_modules/@prisma/client/runtime/library.js:21:432)

[2026-03-12 06:05:21.193 +0300] [31mERROR[39m: [36mError fetching announcements[39m
    [35muserId[39m: "04c364ec-6ca9-4466-bc03-3b5f49d9fef9"
    error: {
      "name": "PrismaClientValidationError",
      "clientVersion": "5.19.1"
    }
[2026-03-12 06:05:21.193 +0300] [31mERROR[39m: [36mHTTP Request[39m
    [35mmethod[39m: "GET"
    [35murl[39m: "/api/communication/announcements?limit=2"
    [35mstatus[39m: 500
    [35mduration[39m: "4ms"
node.exe : FAIL 
__tests__/announcements-read.test.js
At line:1 char:1
+ & "C:\Program Files\nodejs/node.exe" 
"C:\Users\Pc\AppData\Roaming\npm ...
+ ~~~~~~~~~~~~~~~~~~~~~~~~~~~~~~~~~~~~~~
~~~~~~~~~~~~~~~~~~~~~~~~~~~~~~~
    + CategoryInfo          : NotSpecif 
   ied: (FAIL __tests__/...ts-read.tes  
  t.js:String) [], RemoteException
    + FullyQualifiedErrorId : NativeCom 
   mandError
 
  GET /api/communication/announcements
    ├ù Parent in school 1 can see the 
announcement (33 ms)
    ΓêÜ Teacher in school 1 can see the 
announcement (13 ms)
    ├ù Parent in school 2 CANNOT see 
school 1 announcement (Cross-Tenant 
block) (8 ms)
    ├ù Respects limit query parameter 
(11 ms)

  ΓùÅ GET 
/api/communication/announcements ΓÇ║ 
Parent in school 1 can see the 
announcement

    expect(received).toBe(expected) // 
Object.is equality

    Expected: 200
    Received: 500

    [0m [90m  99 |[39m             [
33m.[39m[36mset[39m([32m'Authorizati
on'[39m[33m,[39m [32m`Bearer 
${parentToken}`[39m)[33m;[39m
     [90m 100 |[39m
    [31m[1m>[22m[39m[90m 101 
|[39m         expect(res[33m.[39mstat
us)[33m.[39mtoBe([35m200[39m)[33m;
[39m
     [90m     |[39m                   
         [31m[1m^[22m[39m
     [90m 102 |[39m         expect(res
[33m.[39mbody[33m.[39msuccess)[33m.
[39mtoBe([36mtrue[39m)[33m;[39m
     [90m 103 |[39m         expect([3
3mArray[39m[33m.[39misArray(res[33m.
[39mbody[33m.[39mdata))[33m.[39mtoB
e([36mtrue[39m)[33m;[39m
     [90m 104 |[39m         expect(res
[33m.[39mbody[33m.[39mdata[33m.[39
msome(a [33m=>[39m a[33m.[39mid 
[33m===[39m announcementSchool1[33m.
[39mid))[33m.[39mtoBe([36mtrue[39m)
[33m;[39m[0m

      at Object.toBe (__tests__/announce
ments-read.test.js:101:28)

  ΓùÅ GET 
/api/communication/announcements ΓÇ║ 
Parent in school 2 CANNOT see school 1 
announcement (Cross-Tenant block)

    expect(received).toBe(expected) // 
Object.is equality

    Expected: 200
    Received: 500

    [0m [90m 121 |[39m             [
33m.[39m[36mset[39m([32m'Authorizati
on'[39m[33m,[39m [32m`Bearer 
${otherParentToken}`[39m)[33m;[39m
     [90m 122 |[39m
    [31m[1m>[22m[39m[90m 123 
|[39m         expect(res[33m.[39mstat
us)[33m.[39mtoBe([35m200[39m)[33m;
[39m
     [90m     |[39m                   
         [31m[1m^[22m[39m
     [90m 124 |[39m         expect(res
[33m.[39mbody[33m.[39msuccess)[33m.
[39mtoBe([36mtrue[39m)[33m;[39m
     [90m 125 |[39m         expect([3
3mArray[39m[33m.[39misArray(res[33m.
[39mbody[33m.[39mdata))[33m.[39mtoB
e([36mtrue[39m)[33m;[39m
     [90m 126 |[39m         expect(res
[33m.[39mbody[33m.[39mdata[33m.[39
msome(a [33m=>[39m a[33m.[39mid 
[33m===[39m announcementSchool1[33m.
[39mid))[33m.[39mtoBe([36mfalse[39m)
[33m;[39m[0m

      at Object.toBe (__tests__/announce
ments-read.test.js:123:28)

  ΓùÅ GET 
/api/communication/announcements ΓÇ║ 
Respects limit query parameter

    expect(received).toBe(expected) // 
Object.is equality

    Expected: 200
    Received: 500

    [0m [90m 139 |[39m             [
33m.[39m[36mset[39m([32m'Authorizati
on'[39m[33m,[39m [32m`Bearer 
${adminToken}`[39m)[33m;[39m
     [90m 140 |[39m
    [31m[1m>[22m[39m[90m 141 
|[39m         expect(res[33m.[39mstat
us)[33m.[39mtoBe([35m200[39m)[33m;
[39m
     [90m     |[39m                   
         [31m[1m^[22m[39m
     [90m 142 |[39m         expect(res
[33m.[39mbody[33m.[39msuccess)[33m.
[39mtoBe([36mtrue[39m)[33m;[39m
     [90m 143 |[39m         expect(res
[33m.[39mbody[33m.[39mdata[33m.[39
mlength)[33m.[39mtoBe([35m2[39m)[33
m;[39m
     [90m 144 |[39m     
})[33m;[39m[0m

      at Object.toBe (__tests__/announce
ments-read.test.js:141:28)

Test Suites: 1 failed, 1 total
Tests:       3 failed, 1 passed, 4 total
Snapshots:   0 total
Time:        1.464 s, estimated 2 s
Ran all test suites matching 
__tests__/announcements-read.test.js.
