
> school-backend@1.0.0 test
> jest

[2026-03-13 05:42:26.740 +0300] [33mWARN[39m: [36mTwilio credentials not configured. SMS features disabled.[39m
[2026-03-13 05:42:27.027 +0300] [32mINFO[39m: [36mLoading Firebase credentials from local file...[39m
[2026-03-13 05:42:27.083 +0300] [32mINFO[39m: [36mFirebase Admin SDK initialized successfully.[39m
[2026-03-13 05:42:28.024 +0300] [32mINFO[39m: [36mLogin attempt[39m
    [35memail[39m: "jawad.parent@email.com"
[2026-03-13 05:42:26.759 +0300] [33mWARN[39m: [36mTwilio credentials not configured. SMS features disabled.[39m
[2026-03-13 05:42:27.023 +0300] [32mINFO[39m: [36mLoading Firebase credentials from local file...[39m
[2026-03-13 05:42:27.086 +0300] [32mINFO[39m: [36mFirebase Admin SDK initialized successfully.[39m
[2026-03-13 05:42:28.025 +0300] [32mINFO[39m: [36mLogin attempt[39m
    [35memail[39m: "admin@peek.com"
[2026-03-13 05:42:26.909 +0300] [33mWARN[39m: [36mTwilio credentials not configured. SMS features disabled.[39m
[2026-03-13 05:42:27.048 +0300] [32mINFO[39m: [36mLoading Firebase credentials from local file...[39m
[2026-03-13 05:42:27.140 +0300] [32mINFO[39m: [36mFirebase Admin SDK initialized successfully.[39m
[2026-03-13 05:42:28.117 +0300] [32mINFO[39m: [36mLogin attempt[39m
    [35memail[39m: "admin@peek.com"
[2026-03-13 05:42:28.207 +0300] [34mDEBUG[39m: [36mUser lookup result[39m
    [35memail[39m: "jawad.parent@email.com"
    [35mfound[39m: false
[2026-03-13 05:42:26.963 +0300] [33mWARN[39m: [36mTwilio credentials not configured. SMS features disabled.[39m
[2026-03-13 05:42:27.145 +0300] [32mINFO[39m: [36mLoading Firebase credentials from local file...[39m
[2026-03-13 05:42:27.259 +0300] [32mINFO[39m: [36mFirebase Admin SDK initialized successfully.[39m
[2026-03-13 05:42:28.207 +0300] [34mDEBUG[39m: [36mPassword comparison result[39m
    [35memail[39m: "jawad.parent@email.com"
    [35mmatch[39m: false
[2026-03-13 05:42:28.207 +0300] [33mWARN[39m: [36mFailed login attempt: Invalid credentials[39m
    [35memail[39m: "jawad.parent@email.com"
    [35maudit[39m: true
    [35maction[39m: "LOGIN_FAILED"
[2026-03-13 05:42:28.214 +0300] [33mWARN[39m: [36mHTTP Request[39m
    [35mmethod[39m: "POST"
    [35murl[39m: "/api/users/login"
    [35mstatus[39m: 401
    [35mduration[39m: "233ms"
[2026-03-13 05:42:28.227 +0300] [32mINFO[39m: [36mLogin attempt[39m
    [35memail[39m: "principal@almustaqbal.com"
[2026-03-13 05:42:28.270 +0300] [34mDEBUG[39m: [36mUser lookup result[39m
    [35memail[39m: "principal@almustaqbal.com"
    [35mfound[39m: false
[2026-03-13 05:42:28.270 +0300] [34mDEBUG[39m: [36mPassword comparison result[39m
    [35memail[39m: "principal@almustaqbal.com"
    [35mmatch[39m: false
[2026-03-13 05:42:28.270 +0300] [33mWARN[39m: [36mFailed login attempt: Invalid credentials[39m
    [35memail[39m: "principal@almustaqbal.com"
    [35maudit[39m: true
    [35maction[39m: "LOGIN_FAILED"
[2026-03-13 05:42:28.271 +0300] [33mWARN[39m: [36mHTTP Request[39m
    [35mmethod[39m: "POST"
    [35murl[39m: "/api/users/login"
    [35mstatus[39m: 401
    [35mduration[39m: "45ms"
[2026-03-13 05:42:26.923 +0300] [33mWARN[39m: [36mTwilio credentials not configured. SMS features disabled.[39m
[2026-03-13 05:42:26.934 +0300] [33mWARN[39m: [36mTwilio credentials not configured. SMS features disabled.[39m
[2026-03-13 05:42:27.115 +0300] [32mINFO[39m: [36mLoading Firebase credentials from local file...[39m
[2026-03-13 05:42:27.206 +0300] [32mINFO[39m: [36mFirebase Admin SDK initialized successfully.[39m
[2026-03-13 05:42:28.268 +0300] [32mINFO[39m: [36mLogin attempt[39m
    [35memail[39m: "admin@peek.com"
[2026-03-13 05:42:27.124 +0300] [32mINFO[39m: [36mLoading Firebase credentials from local file...[39m
[2026-03-13 05:42:27.209 +0300] [32mINFO[39m: [36mFirebase Admin SDK initialized successfully.[39m
[2026-03-13 05:42:26.982 +0300] [33mWARN[39m: [36mTwilio credentials not configured. SMS features disabled.[39m
[2026-03-13 05:42:27.149 +0300] [32mINFO[39m: [36mLoading Firebase credentials from local file...[39m
[2026-03-13 05:42:27.286 +0300] [32mINFO[39m: [36mFirebase Admin SDK initialized successfully.[39m
[2026-03-13 05:42:28.218 +0300] [32mINFO[39m: [36mLogin attempt[39m
    [35memail[39m: "jawad.parent@email.com"
[2026-03-13 05:42:28.301 +0300] [32mINFO[39m: [36mLogin attempt[39m
    [35memail[39m: "parent@peek.com"
[2026-03-13 05:42:26.993 +0300] [33mWARN[39m: [36mTwilio credentials not configured. SMS features disabled.[39m
[2026-03-13 05:42:27.114 +0300] [33mWARN[39m: [36mTwilio credentials not configured. SMS features disabled.[39m
[2026-03-13 05:42:27.172 +0300] [32mINFO[39m: [36mLoading Firebase credentials from local file...[39m
[2026-03-13 05:42:27.256 +0300] [32mINFO[39m: [36mFirebase Admin SDK initialized successfully.[39m
[2026-03-13 05:42:28.305 +0300] [32mINFO[39m: [36mLogin attempt[39m
    [35memail[39m: "parent@peek.com"
[2026-03-13 05:42:27.270 +0300] [32mINFO[39m: [36mLoading Firebase credentials from local file...[39m
[2026-03-13 05:42:27.342 +0300] [32mINFO[39m: [36mFirebase Admin SDK initialized successfully.[39m
[2026-03-13 05:42:28.297 +0300] [32mINFO[39m: [36mHTTP Request[39m
    [35mmethod[39m: "GET"
    [35murl[39m: "/api/health"
    [35mstatus[39m: 200
    [35mduration[39m: "48ms"
[2026-03-13 05:42:28.334 +0300] [32mINFO[39m: [36mHTTP Request[39m
    [35mmethod[39m: "GET"
    [35murl[39m: "/api/health"
    [35mstatus[39m: 200
    [35mduration[39m: "4ms"
[2026-03-13 05:42:28.196 +0300] [34mDEBUG[39m: [36mUser lookup result[39m
    [35memail[39m: "admin@peek.com"
    [35mfound[39m: true
[2026-03-13 05:42:28.319 +0300] [34mDEBUG[39m: [36mUser lookup result[39m
    [35memail[39m: "jawad.parent@email.com"
    [35mfound[39m: false
[2026-03-13 05:42:28.322 +0300] [34mDEBUG[39m: [36mPassword comparison result[39m
    [35memail[39m: "jawad.parent@email.com"
    [35mmatch[39m: false
[2026-03-13 05:42:28.322 +0300] [33mWARN[39m: [36mFailed login attempt: Invalid credentials[39m
    [35memail[39m: "jawad.parent@email.com"
    [35maudit[39m: true
    [35maction[39m: "LOGIN_FAILED"
[2026-03-13 05:42:28.328 +0300] [33mWARN[39m: [36mHTTP Request[39m
    [35mmethod[39m: "POST"
    [35murl[39m: "/api/users/login"
    [35mstatus[39m: 401
    [35mduration[39m: "158ms"
[2026-03-13 05:42:28.242 +0300] [34mDEBUG[39m: [36mUser lookup result[39m
    [35memail[39m: "admin@peek.com"
    [35mfound[39m: true
[2026-03-13 05:42:28.330 +0300] [34mDEBUG[39m: [36mPassword comparison result[39m
    [35memail[39m: "admin@peek.com"
    [35mmatch[39m: true
[2026-03-13 05:42:28.330 +0300] [32mINFO[39m: [36mLogin successful[39m
    [35memail[39m: "admin@peek.com"
    [35mrole[39m: "school_admin"
    [35mmappedRole[39m: "ADMIN"
[2026-03-13 05:42:28.336 +0300] [32mINFO[39m: [36mUser login successful[39m
    [35muserId[39m: "b9319d14-8109-448e-8d63-4731b87de898"
    [35memail[39m: "admin@peek.com"
    [35maudit[39m: true
    [35maction[39m: "LOGIN_SUCCESS"
[2026-03-13 05:42:28.339 +0300] [32mINFO[39m: [36mHTTP Request[39m
    [35mmethod[39m: "POST"
    [35murl[39m: "/api/users/login"
    [35mstatus[39m: 200
    [35mduration[39m: "364ms"
node.exe : FAIL __tests
__/finance.test.js
At line:1 char:1
+ & "C:\Program 
Files\nodejs/node.exe" 
"C:\Users\Pc\AppData\Ro
aming\npm ...
+ ~~~~~~~~~~~~~~~~~~~~~
~~~~~~~~~~~~~~~~~~~~~~~
~~~~~~~~~~~~~~~~~~~~~~~
~~
    + CategoryInfo     
         : NotSpecifi  
  ed: (FAIL __tests_   
 _/finance.test.js:    
String) [], Remote    
Exception
    + FullyQualifiedEr 
   rorId : NativeComm  
  andError
 
  ΓùÅ Finance & POS 
Modules ΓÇ║ should 
allow a parent to top 
up their child wallet

    TypeError: Cannot 
read properties of 
null (reading 'id')

    [0m [90m 16 
|[39m         
adminToken [33m=[39m 
[36mawait[39m getAuth
Token([32m'principal@a
lmustaqbal.com'[39m[3
3m,[39m [32m'principa
lpassword'[39m)[33m;
[39m
     [90m 17 |[39m   
      [36mconst[39m 
student [33m=[39m 
[36mawait[39m prisma
[33m.[39mstudent[33m.
[39mfindFirst({ 
where[33m:[39m { 
fullName[33m:[39m 
[32m"Omar 
Haddad"[39m } 
})[33m;[39m
    [31m[1m>[22m[39
m[90m 18 |[39m       
  studentId 
[33m=[39m student[33
m.[39mid[33m;[39m
     [90m    |[39m   
                       
   [31m[1m^[22m[39m
     [90m 19 |[39m   
      [36mconst[39m 
sandwich [33m=[39m 
[36mawait[39m prisma
[33m.[39mcanteenItem[
33m.[39mfindFirst({ 
where[33m:[39m { 
name[33m:[39m 
[32m"Chicken 
Sandwich"[39m } 
})[33m;[39m
     [90m 20 |[39m   
      sandwichId 
[33m=[39m sandwich[3
3m.[39mid[33m;[39m
     [90m 21 |[39m   
  })[33m;[39m[0m

      at Object.id (__t
ests__/finance.test.js:
18:29)

  ΓùÅ Finance & POS 
Modules ΓÇ║ should 
allow an admin to 
create a POS order for 
a student

    TypeError: Cannot 
read properties of 
null (reading 'id')

    [0m [90m 16 
|[39m         
adminToken [33m=[39m 
[36mawait[39m getAuth
Token([32m'principal@a
lmustaqbal.com'[39m[3
3m,[39m [32m'principa
lpassword'[39m)[33m;
[39m
     [90m 17 |[39m   
      [36mconst[39m 
student [33m=[39m 
[36mawait[39m prisma
[33m.[39mstudent[33m.
[39mfindFirst({ 
where[33m:[39m { 
fullName[33m:[39m 
[32m"Omar 
Haddad"[39m } 
})[33m;[39m
    [31m[1m>[22m[39
m[90m 18 |[39m       
  studentId 
[33m=[39m student[33
m.[39mid[33m;[39m
     [90m    |[39m   
                       
   [31m[1m^[22m[39m
     [90m 19 |[39m   
      [36mconst[39m 
sandwich [33m=[39m 
[36mawait[39m prisma
[33m.[39mcanteenItem[
33m.[39mfindFirst({ 
where[33m:[39m { 
name[33m:[39m 
[32m"Chicken 
Sandwich"[39m } 
})[33m;[39m
     [90m 20 |[39m   
      sandwichId 
[33m=[39m sandwich[3
3m.[39mid[33m;[39m
     [90m 21 |[39m   
  })[33m;[39m[0m

      at Object.id (__t
ests__/finance.test.js:
18:29)

[2026-03-13 05:42:28.345 +0300] [32mINFO[39m: [36mLogin attempt[39m
    [35memail[39m: "jawad.parent@email.com"
[2026-03-13 05:42:28.359 +0300] [34mDEBUG[39m: [36mUser lookup result[39m
    [35memail[39m: "jawad.parent@email.com"
    [35mfound[39m: false
[2026-03-13 05:42:28.359 +0300] [34mDEBUG[39m: [36mPassword comparison result[39m
    [35memail[39m: "jawad.parent@email.com"
    [35mmatch[39m: false
[2026-03-13 05:42:28.359 +0300] [33mWARN[39m: [36mFailed login attempt: Invalid credentials[39m
    [35memail[39m: "jawad.parent@email.com"
    [35maudit[39m: true
    [35maction[39m: "LOGIN_FAILED"
[2026-03-13 05:42:28.360 +0300] [33mWARN[39m: [36mHTTP Request[39m
    [35mmethod[39m: "POST"
    [35murl[39m: "/api/users/login"
    [35mstatus[39m: 401
    [35mduration[39m: "16ms"
[2026-03-13 05:42:28.369 +0300] [32mINFO[39m: [36mLogin attempt[39m
    [35memail[39m: "test@example.com"
[2026-03-13 05:42:28.403 +0300] [32mINFO[39m: [36mUser profile requested[39m
    [35muserId[39m: "b9319d14-8109-448e-8d63-4731b87de898"
[2026-03-13 05:42:28.407 +0300] [32mINFO[39m: [36mHTTP Request[39m
    [35mmethod[39m: "GET"
    [35murl[39m: "/api/users/me"
    [35mstatus[39m: 200
    [35mduration[39m: "54ms"
[2026-03-13 05:42:28.385 +0300] [34mDEBUG[39m: [36mPassword comparison result[39m
    [35memail[39m: "admin@peek.com"
    [35mmatch[39m: true
[2026-03-13 05:42:28.386 +0300] [32mINFO[39m: [36mLogin successful[39m
    [35memail[39m: "admin@peek.com"
    [35mrole[39m: "school_admin"
    [35mmappedRole[39m: "ADMIN"
[2026-03-13 05:42:28.390 +0300] [32mINFO[39m: [36mUser login successful[39m
    [35muserId[39m: "b9319d14-8109-448e-8d63-4731b87de898"
    [35memail[39m: "admin@peek.com"
    [35maudit[39m: true
    [35maction[39m: "LOGIN_SUCCESS"
[2026-03-13 05:42:28.396 +0300] [32mINFO[39m: [36mHTTP Request[39m
    [35mmethod[39m: "POST"
    [35murl[39m: "/api/users/login"
    [35mstatus[39m: 200
    [35mduration[39m: "340ms"
[2026-03-13 05:42:26.897 +0300] [33mWARN[39m: [36mTwilio credentials not configured. SMS features disabled.[39m
[2026-03-13 05:42:27.138 +0300] [32mINFO[39m: [36mLoading Firebase credentials from local file...[39m
[2026-03-13 05:42:27.196 +0300] [32mINFO[39m: [36mFirebase Admin SDK initialized successfully.[39m
[2026-03-13 05:42:28.427 +0300] [32mINFO[39m: [36mLogin attempt[39m
    [35memail[39m: "teacher.ahmad@almustaqbal.com"
[2026-03-13 05:42:28.449 +0300] [32mINFO[39m: [36mUser profile requested[39m
    [35muserId[39m: "b9319d14-8109-448e-8d63-4731b87de898"
[2026-03-13 05:42:28.450 +0300] [32mINFO[39m: [36mHTTP Request[39m
    [35mmethod[39m: "GET"
    [35murl[39m: "/api/users/me"
    [35mstatus[39m: 200
    [35mduration[39m: "27ms"
[2026-03-13 05:42:28.359 +0300] [34mDEBUG[39m: [36mUser lookup result[39m
    [35memail[39m: "admin@peek.com"
    [35mfound[39m: true
[2026-03-13 05:42:28.359 +0300] [34mDEBUG[39m: [36mUser lookup result[39m
    [35memail[39m: "parent@peek.com"
    [35mfound[39m: true
[2026-03-13 05:42:27.181 +0300] [33mWARN[39m: [36mTwilio credentials not configured. SMS features disabled.[39m
[2026-03-13 05:42:28.385 +0300] [34mDEBUG[39m: [36mUser lookup result[39m
    [35memail[39m: "parent@peek.com"
    [35mfound[39m: true
[2026-03-13 05:42:27.329 +0300] [32mINFO[39m: [36mLoading Firebase credentials from local file...[39m
[2026-03-13 05:42:27.414 +0300] [32mINFO[39m: [36mFirebase Admin SDK initialized successfully.[39m
[2026-03-13 05:42:28.471 +0300] [34mDEBUG[39m: [36mPassword comparison result[39m
    [35memail[39m: "parent@peek.com"
    [35mmatch[39m: true
[2026-03-13 05:42:28.519 +0300] [32mINFO[39m: [36mLogin attempt[39m
    [35memail[39m: "admin@peek.com"
[2026-03-13 05:42:28.471 +0300] [32mINFO[39m: [36mLogin successful[39m
    [35memail[39m: "parent@peek.com"
    [35mrole[39m: "parent"
    [35mmappedRole[39m: "PARENT"
[2026-03-13 05:42:28.490 +0300] [32mINFO[39m: [36mUser login successful[39m
    [35muserId[39m: "830ca571-c19f-4349-8c43-e9966b506e4c"
    [35memail[39m: "parent@peek.com"
    [35maudit[39m: true
    [35maction[39m: "LOGIN_SUCCESS"
[2026-03-13 05:42:28.494 +0300] [32mINFO[39m: [36mHTTP Request[39m
    [35mmethod[39m: "POST"
    [35murl[39m: "/api/auth/login"
    [35mstatus[39m: 200
    [35mduration[39m: "237ms"
[2026-03-13 05:42:28.515 +0300] [32mINFO[39m: [36mLogin attempt[39m
    [35memail[39m: "teacher@peek.com"
[2026-03-13 05:42:28.529 +0300] [34mDEBUG[39m: [36mUser lookup result[39m
    [35memail[39m: "test@example.com"
    [35mfound[39m: false
[2026-03-13 05:42:28.529 +0300] [34mDEBUG[39m: [36mPassword comparison result[39m
    [35memail[39m: "test@example.com"
    [35mmatch[39m: false
[2026-03-13 05:42:28.529 +0300] [33mWARN[39m: [36mFailed login attempt: Invalid credentials[39m
    [35memail[39m: "test@example.com"
    [35maudit[39m: true
    [35maction[39m: "LOGIN_FAILED"
[2026-03-13 05:42:28.538 +0300] [33mWARN[39m: [36mHTTP Request[39m
    [35mmethod[39m: "POST"
    [35murl[39m: "/api/auth/login"
    [35mstatus[39m: 401
    [35mduration[39m: "186ms"
[2026-03-13 05:42:28.548 +0300] [32mINFO[39m: [36mLogin attempt[39m
    [35memail[39m: "test@example.com"
[2026-03-13 05:42:28.490 +0300] [34mDEBUG[39m: [36mPassword comparison result[39m
    [35memail[39m: "admin@peek.com"
    [35mmatch[39m: true
[2026-03-13 05:42:28.490 +0300] [32mINFO[39m: [36mLogin successful[39m
    [35memail[39m: "admin@peek.com"
    [35mrole[39m: "school_admin"
    [35mmappedRole[39m: "ADMIN"
[2026-03-13 05:42:28.493 +0300] [32mINFO[39m: [36mUser login successful[39m
    [35muserId[39m: "b9319d14-8109-448e-8d63-4731b87de898"
    [35memail[39m: "admin@peek.com"
    [35maudit[39m: true
    [35maction[39m: "LOGIN_SUCCESS"
[2026-03-13 05:42:28.498 +0300] [32mINFO[39m: [36mHTTP Request[39m
    [35mmethod[39m: "POST"
    [35murl[39m: "/api/auth/login"
    [35mstatus[39m: 200
    [35mduration[39m: "266ms"
[2026-03-13 05:42:28.538 +0300] [34mDEBUG[39m: [36mPassword comparison result[39m
    [35memail[39m: "parent@peek.com"
    [35mmatch[39m: true
[2026-03-13 05:42:28.570 +0300] [32mINFO[39m: [36mLogin attempt[39m
    [35memail[39m: "teacher@peek.com"
[2026-03-13 05:42:28.563 +0300] [34mDEBUG[39m: [36mUser lookup result[39m
    [35memail[39m: "test@example.com"
    [35mfound[39m: false
[2026-03-13 05:42:28.538 +0300] [32mINFO[39m: [36mLogin successful[39m
    [35memail[39m: "parent@peek.com"
    [35mrole[39m: "parent"
    [35mmappedRole[39m: "PARENT"
[2026-03-13 05:42:28.542 +0300] [32mINFO[39m: [36mUser login successful[39m
    [35muserId[39m: "830ca571-c19f-4349-8c43-e9966b506e4c"
    [35memail[39m: "parent@peek.com"
    [35maudit[39m: true
    [35maction[39m: "LOGIN_SUCCESS"
[2026-03-13 05:42:28.546 +0300] [32mINFO[39m: [36mHTTP Request[39m
    [35mmethod[39m: "POST"
    [35murl[39m: "/api/auth/login"
    [35mstatus[39m: 200
    [35mduration[39m: "272ms"
[2026-03-13 05:42:28.573 +0300] [32mINFO[39m: [36mLogin attempt[39m
    [35memail[39m: "teacher@peek.com"
[2026-03-13 05:42:28.570 +0300] [34mDEBUG[39m: [36mUser lookup result[39m
    [35memail[39m: "teacher.ahmad@almustaqbal.com"
    [35mfound[39m: false
[2026-03-13 05:42:28.570 +0300] [34mDEBUG[39m: [36mPassword comparison result[39m
    [35memail[39m: "teacher.ahmad@almustaqbal.com"
    [35mmatch[39m: false
[2026-03-13 05:42:28.570 +0300] [33mWARN[39m: [36mFailed login attempt: Invalid credentials[39m
    [35memail[39m: "teacher.ahmad@almustaqbal.com"
    [35maudit[39m: true
    [35maction[39m: "LOGIN_FAILED"
[2026-03-13 05:42:28.574 +0300] [33mWARN[39m: [36mHTTP Request[39m
    [35mmethod[39m: "POST"
    [35murl[39m: "/api/users/login"
    [35mstatus[39m: 401
    [35mduration[39m: "183ms"
[2026-03-13 05:42:28.563 +0300] [34mDEBUG[39m: [36mPassword comparison result[39m
    [35memail[39m: "test@example.com"
    [35mmatch[39m: false
[2026-03-13 05:42:28.563 +0300] [33mWARN[39m: [36mFailed login attempt: Invalid credentials[39m
    [35memail[39m: "test@example.com"
    [35maudit[39m: true
    [35maction[39m: "LOGIN_FAILED"
[2026-03-13 05:42:28.564 +0300] [33mWARN[39m: [36mHTTP Request[39m
    [35mmethod[39m: "POST"
    [35murl[39m: "/api/auth/login"
    [35mstatus[39m: 401
    [35mduration[39m: "17ms"
[2026-03-13 05:42:28.576 +0300] [32mINFO[39m: [36mLogin attempt[39m
    [35memail[39m: "test@example.com"
[2026-03-13 05:42:28.601 +0300] [34mDEBUG[39m: [36mUser lookup result[39m
    [35memail[39m: "test@example.com"
    [35mfound[39m: false
[2026-03-13 05:42:28.601 +0300] [34mDEBUG[39m: [36mPassword comparison result[39m
    [35memail[39m: "test@example.com"
    [35mmatch[39m: false
[2026-03-13 05:42:28.601 +0300] [33mWARN[39m: [36mFailed login attempt: Invalid credentials[39m
    [35memail[39m: "test@example.com"
    [35maudit[39m: true
    [35maction[39m: "LOGIN_FAILED"
[2026-03-13 05:42:28.604 +0300] [33mWARN[39m: [36mHTTP Request[39m
    [35mmethod[39m: "POST"
    [35murl[39m: "/api/auth/login"
    [35mstatus[39m: 401
    [35mduration[39m: "30ms"
[2026-03-13 05:42:28.620 +0300] [32mINFO[39m: [36mLogin attempt[39m
    [35memail[39m: "test@example.com"
[2026-03-13 05:42:28.604 +0300] [31mERROR[39m: [36mAuth Middleware: Token verification failed.[39m
    error: "\nInvalid `prisma.user.findUnique()` invocation in\nC:\\Users\\Pc\\Downloads\\peek-school-system-backend-main\\peek-school-system-backend-main\\src\\middleware\\authMiddleware.js:15:42\n\n  12 token = req.headers.authorization.split(' ')[1];\n  13 const decoded = jwt.verify(token, process.env.JWT_SECRET);\n  14 \nΓåÆ 15 req.user = await prisma.user.findUnique({\n       where: {\n         id: undefined,\n     ?   email?: String,\n     ?   passwordResetToken?: String,\n     ?   AND?: UserWhereInput | UserWhereInput[],\n     ?   OR?: UserWhereInput[],\n     ?   NOT?: UserWhereInput | UserWhereInput[],\n     ?   fullName?: StringFilter | String,\n     ?   phoneNumber?: StringNullableFilter | String | Null,\n     ?   nfc_card_id?: StringNullableFilter | String | Null,\n     ?   password_hash?: StringFilter | String,\n     ?   role?: EnumUserRoleFilter | UserRole,\n     ?   isActive?: BoolFilter | Boolean,\n     ?   emailVerified?: BoolFilter | Boolean,\n     ?   createdAt?: DateTimeFilter | DateTime,\n     ?   schoolId?: StringNullableFilter | String | Null,\n     ?   passwordResetExpires?: DateTimeNullableFilter | DateTime | Null,\n     ?   twoFactorCode?: StringNullableFilter | String | Null,\n     ?   twoFactorCodeExpires?: DateTimeNullableFilter | DateTime | Null,\n     ?   school?: SchoolNullableRelationFilter | SchoolWhereInput | Null,\n     ?   students?: StudentListRelationFilter,\n     ?   teacherAssignments?: TeacherSubjectAssignmentListRelationFilter,\n     ?   subjects?: SubjectListRelationFilter,\n     ?   notificationPreference?: NotificationPreferenceNullableRelationFilter | NotificationPreferenceWhereInput | Null,\n     ?   auditLogs?: AuditLogListRelationFilter,\n     ?   busTrips?: BusTripListRelationFilter,\n     ?   deviceTokens?: DeviceTokenListRelationFilter,\n     ?   timeTableEntries?: TimeTableEntryListRelationFilter,\n     ?   sentMessages?: MessageListRelationFilter,\n     ?   receivedMessages?: MessageListRelationFilter\n       },\n       select: {\n         id: true,\n         email: true,\n         fullName: true,\n         role: true,\n         schoolId: true,\n         isActive: true\n       }\n     })\n\nArgument `where` of type UserWhereUniqueInput needs at least one of `id`, `email` or `passwordResetToken` arguments. Available options are marked with ?."
[2026-03-13 05:42:28.607 +0300] [33mWARN[39m: [36mHTTP Request[39m
    [35mmethod[39m: "POST"
    [35murl[39m: "/api/buses/trip/start"
    [35mstatus[39m: 401
    [35mduration[39m: "147ms"
[2026-03-13 05:42:28.645 +0300] [34mDEBUG[39m: [36mUser lookup result[39m
    [35memail[39m: "test@example.com"
    [35mfound[39m: false
[2026-03-13 05:42:28.645 +0300] [34mDEBUG[39m: [36mPassword comparison result[39m
    [35memail[39m: "test@example.com"
    [35mmatch[39m: false
[2026-03-13 05:42:28.645 +0300] [33mWARN[39m: [36mFailed login attempt: Invalid credentials[39m
    [35memail[39m: "test@example.com"
    [35maudit[39m: true
    [35maction[39m: "LOGIN_FAILED"
[2026-03-13 05:42:28.646 +0300] [33mWARN[39m: [36mHTTP Request[39m
    [35mmethod[39m: "POST"
    [35murl[39m: "/api/auth/login"
    [35mstatus[39m: 401
    [35mduration[39m: "27ms"
[2026-03-13 05:42:28.607 +0300] [32mINFO[39m: [36mNew user registered successfully[39m
    [35muserId[39m: "7b66751e-cd2b-4ef9-8c06-55d6b90a0939"
    [35memail[39m: "testuser-1773369748371@example.com"
    [35mrole[39m: "parent"
[2026-03-13 05:42:28.608 +0300] [32mINFO[39m: [36mHTTP Request[39m
    [35mmethod[39m: "POST"
    [35murl[39m: "/api/users/register"
    [35mstatus[39m: 201
    [35mduration[39m: "234ms"
[2026-03-13 05:42:28.528 +0300] [34mDEBUG[39m: [36mUser lookup result[39m
    [35memail[39m: "teacher@peek.com"
    [35mfound[39m: true
[2026-03-13 05:42:28.654 +0300] [32mINFO[39m: [36mLogin attempt[39m
    [35memail[39m: "test@example.com"
[2026-03-13 05:42:28.655 +0300] [31mERROR[39m: [36mAuth Middleware: Token verification failed.[39m
    error: "\nInvalid `prisma.user.findUnique()` invocation in\nC:\\Users\\Pc\\Downloads\\peek-school-system-backend-main\\peek-school-system-backend-main\\src\\middleware\\authMiddleware.js:15:42\n\n  12 token = req.headers.authorization.split(' ')[1];\n  13 const decoded = jwt.verify(token, process.env.JWT_SECRET);\n  14 \nΓåÆ 15 req.user = await prisma.user.findUnique({\n       where: {\n         id: undefined,\n     ?   email?: String,\n     ?   passwordResetToken?: String,\n     ?   AND?: UserWhereInput | UserWhereInput[],\n     ?   OR?: UserWhereInput[],\n     ?   NOT?: UserWhereInput | UserWhereInput[],\n     ?   fullName?: StringFilter | String,\n     ?   phoneNumber?: StringNullableFilter | String | Null,\n     ?   nfc_card_id?: StringNullableFilter | String | Null,\n     ?   password_hash?: StringFilter | String,\n     ?   role?: EnumUserRoleFilter | UserRole,\n     ?   isActive?: BoolFilter | Boolean,\n     ?   emailVerified?: BoolFilter | Boolean,\n     ?   createdAt?: DateTimeFilter | DateTime,\n     ?   schoolId?: StringNullableFilter | String | Null,\n     ?   passwordResetExpires?: DateTimeNullableFilter | DateTime | Null,\n     ?   twoFactorCode?: StringNullableFilter | String | Null,\n     ?   twoFactorCodeExpires?: DateTimeNullableFilter | DateTime | Null,\n     ?   school?: SchoolNullableRelationFilter | SchoolWhereInput | Null,\n     ?   students?: StudentListRelationFilter,\n     ?   teacherAssignments?: TeacherSubjectAssignmentListRelationFilter,\n     ?   subjects?: SubjectListRelationFilter,\n     ?   notificationPreference?: NotificationPreferenceNullableRelationFilter | NotificationPreferenceWhereInput | Null,\n     ?   auditLogs?: AuditLogListRelationFilter,\n     ?   busTrips?: BusTripListRelationFilter,\n     ?   deviceTokens?: DeviceTokenListRelationFilter,\n     ?   timeTableEntries?: TimeTableEntryListRelationFilter,\n     ?   sentMessages?: MessageListRelationFilter,\n     ?   receivedMessages?: MessageListRelationFilter\n       },\n       select: {\n         id: true,\n         email: true,\n         fullName: true,\n         role: true,\n         schoolId: true,\n         isActive: true\n       }\n     })\n\nArgument `where` of type UserWhereUniqueInput needs at least one of `id`, `email` or `passwordResetToken` arguments. Available options are marked with ?."
[2026-03-13 05:42:28.655 +0300] [33mWARN[39m: [36mHTTP Request[39m
    [35mmethod[39m: "POST"
    [35murl[39m: "/api/buses/trip/start"
    [35mstatus[39m: 401
    [35mduration[39m: "29ms"
[2026-03-13 05:42:28.661 +0300] [34mDEBUG[39m: [36mPassword comparison result[39m
    [35memail[39m: "teacher@peek.com"
    [35mmatch[39m: true
[2026-03-13 05:42:28.661 +0300] [32mINFO[39m: [36mLogin successful[39m
    [35memail[39m: "teacher@peek.com"
    [35mrole[39m: "teacher"
    [35mmappedRole[39m: "TEACHER"
[2026-03-13 05:42:28.661 +0300] [32mINFO[39m: [36mUser login successful[39m
    [35muserId[39m: "46618608-ba12-463f-b060-12ba035ab1d6"
    [35memail[39m: "teacher@peek.com"
    [35maudit[39m: true
    [35maction[39m: "LOGIN_SUCCESS"
[2026-03-13 05:42:28.671 +0300] [32mINFO[39m: [36mHTTP Request[39m
    [35mmethod[39m: "POST"
    [35murl[39m: "/api/auth/login"
    [35mstatus[39m: 200
    [35mduration[39m: "158ms"
[2026-03-13 05:42:28.680 +0300] [32mINFO[39m: [36mLogin attempt[39m
    [35memail[39m: "admin@peek.com"
[2026-03-13 05:42:28.600 +0300] [34mDEBUG[39m: [36mUser lookup result[39m
    [35memail[39m: "teacher@peek.com"
    [35mfound[39m: true
[2026-03-13 05:42:28.600 +0300] [34mDEBUG[39m: [36mUser lookup result[39m
    [35memail[39m: "teacher@peek.com"
    [35mfound[39m: true
[2026-03-13 05:42:28.702 +0300] [34mDEBUG[39m: [36mUser lookup result[39m
    [35memail[39m: "test@example.com"
    [35mfound[39m: false
[2026-03-13 05:42:28.702 +0300] [34mDEBUG[39m: [36mPassword comparison result[39m
    [35memail[39m: "test@example.com"
    [35mmatch[39m: false
[2026-03-13 05:42:28.702 +0300] [33mWARN[39m: [36mFailed login attempt: Invalid credentials[39m
    [35memail[39m: "test@example.com"
    [35maudit[39m: true
    [35maction[39m: "LOGIN_FAILED"
[2026-03-13 05:42:28.703 +0300] [33mWARN[39m: [36mHTTP Request[39m
    [35mmethod[39m: "POST"
    [35murl[39m: "/api/auth/login"
    [35mstatus[39m: 401
    [35mduration[39m: "51ms"
[2026-03-13 05:42:28.715 +0300] [32mINFO[39m: [36mLogin attempt[39m
    [35memail[39m: "test@example.com"
FAIL __tests__/academic
s.test.js
  ΓùÅ Academics Module 
ΓÇ║ should allow a 
teacher to add a grade 
to a homework

    TypeError: Cannot 
read properties of 
null (reading 'id')

    [0m [90m 14 
|[39m         
teacherToken 
[33m=[39m 
[36mawait[39m getAuth
Token([32m'teacher.ahm
ad@almustaqbal.com'[39
m[33m,[39m [32m'teac
herpassword'[39m)[33m
;[39m
     [90m 15 |[39m   
      [36mconst[39m 
student [33m=[39m 
[36mawait[39m prisma
[33m.[39mstudent[33m.
[39mfindFirst({ 
where[33m:[39m { 
fullName[33m:[39m 
[32m"Omar 
Haddad"[39m } 
})[33m;[39m
    [31m[1m>[22m[39
m[90m 16 |[39m       
  studentId 
[33m=[39m student[33
m.[39mid[33m;[39m
     [90m    |[39m   
                       
   [31m[1m^[22m[39m
     [90m 17 |[39m   
      [36mconst[39m 
homework [33m=[39m 
[36mawait[39m prisma
[33m.[39mhomework[33m
.[39mfindFirst({ 
where[33m:[39m { 
title[33m:[39m 
[32m"Math Homework 
Chapter 1"[39m } 
})[33m;[39m
     [90m 18 |[39m   
      homeworkId 
[33m=[39m homework[3
3m.[39mid[33m;[39m
     [90m 19 |[39m   
  })[33m;[39m[0m

      at Object.id (__t
ests__/academics.test.j
s:16:29)

  ΓùÅ Academics Module 
ΓÇ║ should allow a 
teacher to record 
attendance

    TypeError: Cannot 
read properties of 
null (reading 'id')

    [0m [90m 14 
|[39m         
teacherToken 
[33m=[39m 
[36mawait[39m getAuth
Token([32m'teacher.ahm
ad@almustaqbal.com'[39
m[33m,[39m [32m'teac
herpassword'[39m)[33m
;[39m
     [90m 15 |[39m   
      [36mconst[39m 
student [33m=[39m 
[36mawait[39m prisma
[33m.[39mstudent[33m.
[39mfindFirst({ 
where[33m:[39m { 
fullName[33m:[39m 
[32m"Omar 
Haddad"[39m } 
})[33m;[39m
    [31m[1m>[22m[39
m[90m 16 |[39m       
  studentId 
[33m=[39m student[33
m.[39mid[33m;[39m
     [90m    |[39m   
                       
   [31m[1m^[22m[39m
     [90m 17 |[39m   
      [36mconst[39m 
homework [33m=[39m 
[36mawait[39m prisma
[33m.[39mhomework[33m
.[39mfindFirst({ 
where[33m:[39m { 
title[33m:[39m 
[32m"Math Homework 
Chapter 1"[39m } 
})[33m;[39m
     [90m 18 |[39m   
      homeworkId 
[33m=[39m homework[3
3m.[39mid[33m;[39m
     [90m 19 |[39m   
  })[33m;[39m[0m

      at Object.id (__t
ests__/academics.test.j
s:16:29)

FAIL __tests__/observab
ility.test.js
  ΓùÅ Observability & 
Security Headers ΓÇ║ 
Strict Auth Rate 
Limiter ΓÇ║ should 
trigger 429 after 
limit is exceeded on 
login endpoint

    expect(received).to
Be(expected) // 
Object.is equality

    Expected: 429
    Received: 401

    [0m [90m 30 
|[39m             
[90m// Exceed the 
limit immediately[39m
     [90m 31 |[39m   
          
[36mconst[39m 
resThrottled 
[33m=[39m 
[36mawait[39m request
(app)[33m.[39mpost([
32m'/api/auth/login'[3
9m)[33m.[39msend({ 
email[33m:[39m [32m'
test@example.com'[39m
[33m,[39m 
password[33m:[39m 
[32m'password'[39m 
})[33m;[39m
    [31m[1m>[22m[39
m[90m 32 |[39m       
      expect(resThrottl
ed[33m.[39mstatusCode
)[33m.[39mtoBe([35m4
29[39m)[33m;[39m
     [90m    |[39m   
                       
                   
[31m[1m^[22m[39m
     [90m 33 |[39m   
          expect(resThr
ottled[33m.[39mbody[
33m.[39msuccess)[33m.
[39mtoBe([36mfalse[3
9m)[33m;[39m
     [90m 34 |[39m   
          expect(resThr
ottled[33m.[39mbody[
33m.[39merror[33m.[3
9mmessage)[33m.[39mto
Contain([32m'Too many 
attempts'[39m)[33m;[
39m
     [90m 35 |[39m   
      })[33m;[39m[0m

      at Object.toBe (_
_tests__/observability.
test.js:32:45)

[2026-03-13 05:42:28.722 +0300] [34mDEBUG[39m: [36mPassword comparison result[39m
    [35memail[39m: "teacher@peek.com"
    [35mmatch[39m: true
[2026-03-13 05:42:28.722 +0300] [32mINFO[39m: [36mLogin successful[39m
    [35memail[39m: "teacher@peek.com"
    [35mrole[39m: "teacher"
    [35mmappedRole[39m: "TEACHER"
[2026-03-13 05:42:28.722 +0300] [32mINFO[39m: [36mUser login successful[39m
    [35muserId[39m: "46618608-ba12-463f-b060-12ba035ab1d6"
    [35memail[39m: "teacher@peek.com"
    [35maudit[39m: true
    [35maction[39m: "LOGIN_SUCCESS"
[2026-03-13 05:42:28.723 +0300] [32mINFO[39m: [36mHTTP Request[39m
    [35mmethod[39m: "POST"
    [35murl[39m: "/api/auth/login"
    [35mstatus[39m: 200
    [35mduration[39m: "153ms"
[2026-03-13 05:42:28.741 +0300] [32mINFO[39m: [36mLogin attempt[39m
    [35memail[39m: "admin@peek.com"
[2026-03-13 05:42:28.742 +0300] [34mDEBUG[39m: [36mUser lookup result[39m
    [35memail[39m: "test@example.com"
    [35mfound[39m: false
[2026-03-13 05:42:28.742 +0300] [34mDEBUG[39m: [36mPassword comparison result[39m
    [35memail[39m: "test@example.com"
    [35mmatch[39m: false
[2026-03-13 05:42:28.742 +0300] [33mWARN[39m: [36mFailed login attempt: Invalid credentials[39m
    [35memail[39m: "test@example.com"
    [35maudit[39m: true
    [35maction[39m: "LOGIN_FAILED"
[2026-03-13 05:42:28.746 +0300] [33mWARN[39m: [36mHTTP Request[39m
    [35mmethod[39m: "POST"
    [35murl[39m: "/api/auth/login"
    [35mstatus[39m: 401
    [35mduration[39m: "31ms"
[2026-03-13 05:42:28.735 +0300] [34mDEBUG[39m: [36mPassword comparison result[39m
    [35memail[39m: "teacher@peek.com"
    [35mmatch[39m: true
[2026-03-13 05:42:28.735 +0300] [32mINFO[39m: [36mLogin successful[39m
    [35memail[39m: "teacher@peek.com"
    [35mrole[39m: "teacher"
    [35mmappedRole[39m: "TEACHER"
[2026-03-13 05:42:28.735 +0300] [32mINFO[39m: [36mUser login successful[39m
    [35muserId[39m: "46618608-ba12-463f-b060-12ba035ab1d6"
    [35memail[39m: "teacher@peek.com"
    [35maudit[39m: true
    [35maction[39m: "LOGIN_SUCCESS"
[2026-03-13 05:42:28.737 +0300] [32mINFO[39m: [36mHTTP Request[39m
    [35mmethod[39m: "POST"
    [35murl[39m: "/api/auth/login"
    [35mstatus[39m: 200
    [35mduration[39m: "174ms"
[2026-03-13 05:42:28.766 +0300] [32mINFO[39m: [36mLogin attempt[39m
    [35memail[39m: "parent@peek.com"
[2026-03-13 05:42:28.698 +0300] [34mDEBUG[39m: [36mUser lookup result[39m
    [35memail[39m: "admin@peek.com"
    [35mfound[39m: true
[2026-03-13 05:42:28.820 +0300] [34mDEBUG[39m: [36mPassword comparison result[39m
    [35memail[39m: "admin@peek.com"
    [35mmatch[39m: true
[2026-03-13 05:42:28.820 +0300] [32mINFO[39m: [36mLogin successful[39m
    [35memail[39m: "admin@peek.com"
    [35mrole[39m: "school_admin"
    [35mmappedRole[39m: "ADMIN"
[2026-03-13 05:42:28.824 +0300] [32mINFO[39m: [36mUser login successful[39m
    [35muserId[39m: "b9319d14-8109-448e-8d63-4731b87de898"
    [35memail[39m: "admin@peek.com"
    [35maudit[39m: true
    [35maction[39m: "LOGIN_SUCCESS"
[2026-03-13 05:42:28.825 +0300] [32mINFO[39m: [36mHTTP Request[39m
    [35mmethod[39m: "POST"
    [35murl[39m: "/api/auth/login"
    [35mstatus[39m: 200
    [35mduration[39m: "145ms"
FAIL src/__tests__/bus_
scenario.test.js
  ΓùÅ Console

    console.log
      prisma:error 
      Invalid `prisma.u
ser.findUnique()` 
invocation in
      C:\Users\Pc\Downl
oads\peek-school-system
-backend-main\peek-scho
ol-system-backend-main\
src\middleware\authMidd
leware.js:15:42
      
        12 token = req.
headers.authorization.s
plit(' ')[1];
        13 const 
decoded = 
jwt.verify(token, proce
ss.env.JWT_SECRET);
        14 
      ΓåÆ 15 req.user 
= await prisma.user.fin
dUnique({
             where: {
               id: 
undefined,
           ?   email?: 
String,
           ?   
passwordResetToken?: 
String,
           ?   AND?: 
UserWhereInput | 
UserWhereInput[],
           ?   OR?: 
UserWhereInput[],
           ?   NOT?: 
UserWhereInput | 
UserWhereInput[],
           ?   
fullName?: 
StringFilter | String,
           ?   
phoneNumber?: 
StringNullableFilter | 
String | Null,
           ?   
nfc_card_id?: 
StringNullableFilter | 
String | Null,
           ?   
password_hash?: 
StringFilter | String,
           ?   role?: 
EnumUserRoleFilter | 
UserRole,
           ?   
isActive?: BoolFilter 
| Boolean,
           ?   
emailVerified?: 
BoolFilter | Boolean,
           ?   
createdAt?: 
DateTimeFilter | 
DateTime,
           ?   
schoolId?: 
StringNullableFilter | 
String | Null,
           ?   
passwordResetExpires?: 
DateTimeNullableFilter 
| DateTime | Null,
           ?   
twoFactorCode?: 
StringNullableFilter | 
String | Null,
           ?   
twoFactorCodeExpires?: 
DateTimeNullableFilter 
| DateTime | Null,
           ?   
school?: SchoolNullable
RelationFilter | 
SchoolWhereInput | 
Null,
           ?   
students?: StudentListR
elationFilter,
           ?   
teacherAssignments?: Te
acherSubjectAssignmentL
istRelationFilter,
           ?   
subjects?: SubjectListR
elationFilter,
           ?   notifica
tionPreference?: Notifi
cationPreferenceNullabl
eRelationFilter | Notif
icationPreferenceWhereI
nput | Null,
           ?   
auditLogs?: AuditLogLis
tRelationFilter,
           ?   
busTrips?: BusTripListR
elationFilter,
           ?   
deviceTokens?: DeviceTo
kenListRelationFilter,
           ?   
timeTableEntries?: Time
TableEntryListRelationF
ilter,
           ?   
sentMessages?: MessageL
istRelationFilter,
           ?   
receivedMessages?: Mess
ageListRelationFilter
             },
             select: {
               id: 
true,
               email: 
true,
               
fullName: true,
               role: 
true,
               
schoolId: true,
               
isActive: true
             }
           })
      
      Argument `where` 
of type 
UserWhereUniqueInput 
needs at least one of 
`id`, `email` or 
`passwordResetToken` 
arguments. Available 
options are marked 
with ?.

      at Object.rc (nod
e_modules/@prisma/clien
t/runtime/library.js:21
:432)

    console.log
      prisma:error 
      Invalid `prisma.u
ser.findUnique()` 
invocation in
      C:\Users\Pc\Downl
oads\peek-school-system
-backend-main\peek-scho
ol-system-backend-main\
src\middleware\authMidd
leware.js:15:42
      
        12 token = req.
headers.authorization.s
plit(' ')[1];
        13 const 
decoded = 
jwt.verify(token, proce
ss.env.JWT_SECRET);
        14 
      ΓåÆ 15 req.user 
= await prisma.user.fin
dUnique({
             where: {
               id: 
undefined,
           ?   email?: 
String,
           ?   
passwordResetToken?: 
String,
           ?   AND?: 
UserWhereInput | 
UserWhereInput[],
           ?   OR?: 
UserWhereInput[],
           ?   NOT?: 
UserWhereInput | 
UserWhereInput[],
           ?   
fullName?: 
StringFilter | String,
           ?   
phoneNumber?: 
StringNullableFilter | 
String | Null,
           ?   
nfc_card_id?: 
StringNullableFilter | 
String | Null,
           ?   
password_hash?: 
StringFilter | String,
           ?   role?: 
EnumUserRoleFilter | 
UserRole,
           ?   
isActive?: BoolFilter 
| Boolean,
           ?   
emailVerified?: 
BoolFilter | Boolean,
           ?   
createdAt?: 
DateTimeFilter | 
DateTime,
           ?   
schoolId?: 
StringNullableFilter | 
String | Null,
           ?   
passwordResetExpires?: 
DateTimeNullableFilter 
| DateTime | Null,
           ?   
twoFactorCode?: 
StringNullableFilter | 
String | Null,
           ?   
twoFactorCodeExpires?: 
DateTimeNullableFilter 
| DateTime | Null,
           ?   
school?: SchoolNullable
RelationFilter | 
SchoolWhereInput | 
Null,
           ?   
students?: StudentListR
elationFilter,
           ?   
teacherAssignments?: Te
acherSubjectAssignmentL
istRelationFilter,
           ?   
subjects?: SubjectListR
elationFilter,
           ?   notifica
tionPreference?: Notifi
cationPreferenceNullabl
eRelationFilter | Notif
icationPreferenceWhereI
nput | Null,
           ?   
auditLogs?: AuditLogLis
tRelationFilter,
           ?   
busTrips?: BusTripListR
elationFilter,
           ?   
deviceTokens?: DeviceTo
kenListRelationFilter,
           ?   
timeTableEntries?: Time
TableEntryListRelationF
ilter,
           ?   
sentMessages?: MessageL
istRelationFilter,
           ?   
receivedMessages?: Mess
ageListRelationFilter
             },
             select: {
               id: 
true,
               email: 
true,
               
fullName: true,
               role: 
true,
               
schoolId: true,
               
isActive: true
             }
           })
      
      Argument `where` 
of type 
UserWhereUniqueInput 
needs at least one of 
`id`, `email` or 
`passwordResetToken` 
arguments. Available 
options are marked 
with ?.

      at Object.rc (nod
e_modules/@prisma/clien
t/runtime/library.js:21
:432)

  ΓùÅ Bus Logistics 
Integration Test ΓÇ║ 
Full Morning Run 
Simulation

    expect(received).to
Be(expected) // 
Object.is equality

    Expected: 201
    Received: 401

    [0m [90m 101 
|[39m             
})[33m;[39m
     [90m 102 |[39m
    [31m[1m>[22m[39
m[90m 103 |[39m      
   expect(startRes[33m
.[39mstatusCode)[33m.
[39mtoBe([35m201[39m
)[33m;[39m
     [90m     |[39m  
                       
            
[31m[1m^[22m[39m
     [90m 104 |[39m  
       expect(startRes
[33m.[39mbody)[33m.[
39mtoHaveProperty([32m
'id'[39m)[33m;[39m
     [90m 105 |[39m  
       expect(startRes
[33m.[39mbody[33m.[3
9mstatus)[33m.[39mtoB
e([32m'active'[39m)[
33m;[39m
     [90m 106 |[39m  
       tripId 
[33m=[39m startRes[3
3m.[39mbody[33m.[39m
id[33m;[39m[0m

      at Object.toBe (s
rc/__tests__/bus_scenar
io.test.js:103:37)

  ΓùÅ Bus Logistics 
Integration Test ΓÇ║ 
Security Checks: 
Unauthorized Access

    expect(received).to
Be(expected) // 
Object.is equality

    Expected: 403
    Received: 401

    [0m [90m 169 
|[39m             
})[33m;[39m
     [90m 170 |[39m
    [31m[1m>[22m[39
m[90m 171 |[39m      
   expect(unauthorizedS
tart[33m.[39mstatusCo
de)[33m.[39mtoBe([35
m403[39m)[33m;[39m
     [90m     |[39m  
                       
                     
[31m[1m^[22m[39m
     [90m 172 |[39m
     [90m 173 |[39m  
       [90m// 2. 
Stranger tries to view 
student status[39m
     [90m 174 |[39m  
       [90m// Create 
a stranger 
parent[39m[0m

      at Object.toBe (s
rc/__tests__/bus_scenar
io.test.js:171:46)

[2026-03-13 05:42:28.869 +0300] [32mINFO[39m: [36mNew user registered successfully[39m
    [35muserId[39m: "14b640d3-9547-4f63-bc2c-19715c1c6cd7"
    [35memail[39m: "jawad.parent@email.com"
    [35mrole[39m: "parent"
[2026-03-13 05:42:28.768 +0300] [34mDEBUG[39m: [36mUser lookup result[39m
    [35memail[39m: "admin@peek.com"
    [35mfound[39m: true
[2026-03-13 05:42:28.870 +0300] [32mINFO[39m: [36mHTTP Request[39m
    [35mmethod[39m: "POST"
    [35murl[39m: "/api/users/register"
    [35mstatus[39m: 201
    [35mduration[39m: "252ms"
[2026-03-13 05:42:28.796 +0300] [34mDEBUG[39m: [36mUser lookup result[39m
    [35memail[39m: "parent@peek.com"
    [35mfound[39m: true
[2026-03-13 05:42:28.875 +0300] [34mDEBUG[39m: [36mPassword comparison result[39m
    [35memail[39m: "admin@peek.com"
    [35mmatch[39m: true
[2026-03-13 05:42:28.876 +0300] [32mINFO[39m: [36mLogin successful[39m
    [35memail[39m: "admin@peek.com"
    [35mrole[39m: "school_admin"
    [35mmappedRole[39m: "ADMIN"
[2026-03-13 05:42:28.877 +0300] [32mINFO[39m: [36mUser login successful[39m
    [35muserId[39m: "b9319d14-8109-448e-8d63-4731b87de898"
    [35memail[39m: "admin@peek.com"
    [35maudit[39m: true
    [35maction[39m: "LOGIN_SUCCESS"
[2026-03-13 05:42:28.879 +0300] [32mINFO[39m: [36mHTTP Request[39m
    [35mmethod[39m: "POST"
    [35murl[39m: "/api/auth/login"
    [35mstatus[39m: 200
    [35mduration[39m: "138ms"
[2026-03-13 05:42:28.791 +0300] [34mDEBUG[39m: [36mUser lookup result[39m
    [35memail[39m: "admin@peek.com"
    [35mfound[39m: true
FAIL 
__tests__/auth.test.js
  ΓùÅ Authentication 
Endpoints ΓÇ║ POST 
/api/users/login ΓÇ║ 
should log in 
successfully with 
correct credentials

    expect(received).to
Be(expected) // 
Object.is equality

    Expected: 200
    Received: 401

    [0m [90m 28 
|[39m                 
[33m.[39mpost([32m'/
api/users/login'[39m)
     [90m 29 |[39m   
              
[33m.[39msend({ 
email[33m:[39m [32m'
jawad.parent@email.com'
[39m[33m,[39m 
password[33m:[39m [3
2m'parentpassword'[39m
 })[33m;[39m
    [31m[1m>[22m[39
m[90m 30 |[39m       
      expect(response[
33m.[39mstatusCode)[3
3m.[39mtoBe([35m200[
39m)[33m;[39m
     [90m    |[39m   
                       
               
[31m[1m^[22m[39m
     [90m 31 |[39m   
          expect(respon
se[33m.[39mbody[33m.
[39msuccess)[33m.[39
mtoBe([36mtrue[39m)[
33m;[39m
     [90m 32 |[39m   
          expect(respon
se[33m.[39mbody[33m.
[39mdata)[33m.[39mto
HaveProperty([32m'toke
n'[39m)[33m;[39m
     [90m 33 |[39m   
      })[33m;[39m[0m

      at Object.toBe (_
_tests__/auth.test.js:3
0:41)

  ΓùÅ Authentication 
Endpoints ΓÇ║ POST 
/api/users/register 
ΓÇ║ should fail to 
register a user with 
an existing email

    expect(received).to
Be(expected) // 
Object.is equality

    Expected: 409
    Received: 201

    [0m [90m 49 
|[39m                 
[33m.[39mpost([32m'/
api/users/register'[39
m)
     [90m 50 |[39m   
              
[33m.[39msend({ 
fullName[33m:[39m 
[32m"Another 
User"[39m[33m,[39m 
email[33m:[39m [32m'
jawad.parent@email.com'
[39m[33m,[39m 
password[33m:[39m [3
2m"password123"[39m[3
3m,[39m 
role[33m:[39m 
[32m"parent"[39m 
})[33m;[39m
    [31m[1m>[22m[39
m[90m 51 |[39m       
      expect(response[
33m.[39mstatusCode)[3
3m.[39mtoBe([35m409[
39m)[33m;[39m
     [90m    |[39m   
                       
               
[31m[1m^[22m[39m
     [90m 52 |[39m   
          expect(respon
se[33m.[39mbody[33m.
[39msuccess)[33m.[39
mtoBe([36mfalse[39m)
[33m;[39m
     [90m 53 |[39m   
          expect(respon
se[33m.[39mbody[33m.
[39merror)[33m.[39mt
oHaveProperty([32m'mes
sage'[39m)[33m;[39m
     [90m 54 |[39m   
      })[33m;[39m[0m

      at Object.toBe (_
_tests__/auth.test.js:5
1:41)

[2026-03-13 05:42:28.985 +0300] [34mDEBUG[39m: [36mPassword comparison result[39m
    [35memail[39m: "parent@peek.com"
    [35mmatch[39m: true
[2026-03-13 05:42:28.985 +0300] [32mINFO[39m: [36mLogin successful[39m
    [35memail[39m: "parent@peek.com"
    [35mrole[39m: "parent"
    [35mmappedRole[39m: "PARENT"
[2026-03-13 05:42:28.988 +0300] [32mINFO[39m: [36mUser login successful[39m
    [35muserId[39m: "830ca571-c19f-4349-8c43-e9966b506e4c"
    [35memail[39m: "parent@peek.com"
    [35maudit[39m: true
    [35maction[39m: "LOGIN_SUCCESS"
[2026-03-13 05:42:28.997 +0300] [32mINFO[39m: [36mHTTP Request[39m
    [35mmethod[39m: "POST"
    [35murl[39m: "/api/auth/login"
    [35mstatus[39m: 200
    [35mduration[39m: "232ms"
[2026-03-13 05:42:29.008 +0300] [32mINFO[39m: [36mLogin attempt[39m
    [35memail[39m: "admin@peek.com"
[2026-03-13 05:42:28.988 +0300] [34mDEBUG[39m: [36mPassword comparison result[39m
    [35memail[39m: "admin@peek.com"
    [35mmatch[39m: true
[2026-03-13 05:42:29.013 +0300] [33mWARN[39m: [36mForbidden: User is not assigned to a school.[39m
    [35muserId[39m: "830ca571-c19f-4349-8c43-e9966b506e4c"
[2026-03-13 05:42:28.988 +0300] [32mINFO[39m: [36mLogin successful[39m
    [35memail[39m: "admin@peek.com"
    [35mrole[39m: "school_admin"
    [35mmappedRole[39m: "ADMIN"
[2026-03-13 05:42:28.994 +0300] [32mINFO[39m: [36mUser login successful[39m
    [35muserId[39m: "b9319d14-8109-448e-8d63-4731b87de898"
    [35memail[39m: "admin@peek.com"
    [35maudit[39m: true
    [35maction[39m: "LOGIN_SUCCESS"
[2026-03-13 05:42:29.000 +0300] [32mINFO[39m: [36mHTTP Request[39m
    [35mmethod[39m: "POST"
    [35murl[39m: "/api/users/login"
    [35mstatus[39m: 200
    [35mduration[39m: "517ms"
[2026-03-13 05:42:29.019 +0300] [33mWARN[39m: [36mHTTP Request[39m
    [35mmethod[39m: "GET"
    [35murl[39m: "/api/academics/homework?classId=fc1552c1-99dc-4de5-b804-cdbd4fdaddb6"
    [35mstatus[39m: 403
    [35mduration[39m: "62ms"
[2026-03-13 05:42:29.107 +0300] [32mINFO[39m: [36mLogin attempt[39m
    [35memail[39m: "exam.view.1773369747961@test.com"
[2026-03-13 05:42:28.691 +0300] [33mWARN[39m: [36mTwilio credentials not configured. SMS features disabled.[39m
[2026-03-13 05:42:28.725 +0300] [32mINFO[39m: [36mLoading Firebase credentials from local file...[39m
[2026-03-13 05:42:28.753 +0300] [32mINFO[39m: [36mFirebase Admin SDK initialized successfully.[39m
FAIL __tests__/teacher-
scope.test.js
  ΓùÅ Console

    console.log
      prisma:error 
      Invalid `prisma.h
omework.create()` 
invocation in
      C:\Users\Pc\Downl
oads\peek-school-system
-backend-main\peek-scho
ol-system-backend-main\
__tests__\teacher-scope
.test.js:91:38
      
        88 });
        89 
        90 // Create 
homework in the 
assignedClass
      ΓåÆ 91 const hw 
= await 
prisma.homework.create(
      The column 
`Homework.maxPoints` 
does not exist in the 
current database.

      at Object.rc (nod
e_modules/@prisma/clien
t/runtime/library.js:21
:432)

  ΓùÅ teacher can GET 
/api/teacher/classes 
and see assigned 
classes

    PrismaClientKnownRe
questError: 
    Invalid `prisma.hom
ework.create()` 
invocation in
    C:\Users\Pc\Downloa
ds\peek-school-system-b
ackend-main\peek-school
-system-backend-main\__
tests__\teacher-scope.t
est.js:91:38

      88 });
      89 
      90 // Create 
homework in the 
assignedClass
    ΓåÆ 91 const hw = 
await 
prisma.homework.create(
    The column 
`Homework.maxPoints` 
does not exist in the 
current database.

    [0m [90m 89 
|[39m
     [90m 90 |[39m   
  [90m// Create 
homework in the 
assignedClass[39m
    [31m[1m>[22m[39
m[90m 91 |[39m     
[36mconst[39m hw 
[33m=[39m 
[36mawait[39m prisma
[33m.[39mhomework[33m
.[39mcreate({
     [90m    |[39m   
             
[31m[1m^[22m[39m
     [90m 92 |[39m   
      data[33m:[39m 
{ title[33m:[39m [32
m`HW-${ts}`[39m[33m,
[39m 
classId[33m:[39m assi
gnedClass[33m.[39mid
[33m,[39m 
subjectId[33m:[39m su
bject[33m.[39mid[33m
,[39m 
dueDate[33m:[39m 
[36mnew[39m 
[33mDate[39m() }
     [90m 93 |[39m   
  })[33m;[39m
     [90m 94 |[39m   
  homeworkId 
[33m=[39m hw[33m.[3
9mid[33m;[39m[0m

      at 
Ln.handleRequestError (
node_modules/@prisma/cl
ient/runtime/library.js
:121:7753)
      at Ln.handleAndLo
gRequestError (node_mod
ules/@prisma/client/run
time/library.js:121:706
1)
      at Ln.request (no
de_modules/@prisma/clie
nt/runtime/library.js:1
21:6745)
      at l (node_module
s/@prisma/client/runtim
e/library.js:130:9633)
      at 
Object.<anonymous> (__t
ests__/teacher-scope.te
st.js:91:16)

  ΓùÅ teacher can GET 
students for their 
assigned class

    PrismaClientKnownRe
questError: 
    Invalid `prisma.hom
ework.create()` 
invocation in
    C:\Users\Pc\Downloa
ds\peek-school-system-b
ackend-main\peek-school
-system-backend-main\__
tests__\teacher-scope.t
est.js:91:38

      88 });
      89 
      90 // Create 
homework in the 
assignedClass
    ΓåÆ 91 const hw = 
await 
prisma.homework.create(
    The column 
`Homework.maxPoints` 
does not exist in the 
current database.

    [0m [90m 89 
|[39m
     [90m 90 |[39m   
  [90m// Create 
homework in the 
assignedClass[39m
    [31m[1m>[22m[39
m[90m 91 |[39m     
[36mconst[39m hw 
[33m=[39m 
[36mawait[39m prisma
[33m.[39mhomework[33m
.[39mcreate({
     [90m    |[39m   
             
[31m[1m^[22m[39m
     [90m 92 |[39m   
      data[33m:[39m 
{ title[33m:[39m [32
m`HW-${ts}`[39m[33m,
[39m 
classId[33m:[39m assi
gnedClass[33m.[39mid
[33m,[39m 
subjectId[33m:[39m su
bject[33m.[39mid[33m
,[39m 
dueDate[33m:[39m 
[36mnew[39m 
[33mDate[39m() }
     [90m 93 |[39m   
  })[33m;[39m
     [90m 94 |[39m   
  homeworkId 
[33m=[39m hw[33m.[3
9mid[33m;[39m[0m

      at 
Ln.handleRequestError (
node_modules/@prisma/cl
ient/runtime/library.js
:121:7753)
      at Ln.handleAndLo
gRequestError (node_mod
ules/@prisma/client/run
time/library.js:121:706
1)
      at Ln.request (no
de_modules/@prisma/clie
nt/runtime/library.js:1
21:6745)
      at l (node_module
s/@prisma/client/runtim
e/library.js:130:9633)
      at 
Object.<anonymous> (__t
ests__/teacher-scope.te
st.js:91:16)

  ΓùÅ teacher gets 403 
TEACHER_NOT_ASSIGNED 
when accessing 
unassigned class 
students

    PrismaClientKnownRe
questError: 
    Invalid `prisma.hom
ework.create()` 
invocation in
    C:\Users\Pc\Downloa
ds\peek-school-system-b
ackend-main\peek-school
-system-backend-main\__
tests__\teacher-scope.t
est.js:91:38

      88 });
      89 
      90 // Create 
homework in the 
assignedClass
    ΓåÆ 91 const hw = 
await 
prisma.homework.create(
    The column 
`Homework.maxPoints` 
does not exist in the 
current database.

    [0m [90m 89 
|[39m
     [90m 90 |[39m   
  [90m// Create 
homework in the 
assignedClass[39m
    [31m[1m>[22m[39
m[90m 91 |[39m     
[36mconst[39m hw 
[33m=[39m 
[36mawait[39m prisma
[33m.[39mhomework[33m
.[39mcreate({
     [90m    |[39m   
             
[31m[1m^[22m[39m
     [90m 92 |[39m   
      data[33m:[39m 
{ title[33m:[39m [32
m`HW-${ts}`[39m[33m,
[39m 
classId[33m:[39m assi
gnedClass[33m.[39mid
[33m,[39m 
subjectId[33m:[39m su
bject[33m.[39mid[33m
,[39m 
dueDate[33m:[39m 
[36mnew[39m 
[33mDate[39m() }
     [90m 93 |[39m   
  })[33m;[39m
     [90m 94 |[39m   
  homeworkId 
[33m=[39m hw[33m.[3
9mid[33m;[39m[0m

      at 
Ln.handleRequestError (
node_modules/@prisma/cl
ient/runtime/library.js
:121:7753)
      at Ln.handleAndLo
gRequestError (node_mod
ules/@prisma/client/run
time/library.js:121:706
1)
      at Ln.request (no
de_modules/@prisma/clie
nt/runtime/library.js:1
21:6745)
      at l (node_module
s/@prisma/client/runtim
e/library.js:130:9633)
      at 
Object.<anonymous> (__t
ests__/teacher-scope.te
st.js:91:16)

  ΓùÅ teacher gets 403 
TEACHER_NOT_ASSIGNED 
when submitting 
attendance for 
unassigned class

    PrismaClientKnownRe
questError: 
    Invalid `prisma.hom
ework.create()` 
invocation in
    C:\Users\Pc\Downloa
ds\peek-school-system-b
ackend-main\peek-school
-system-backend-main\__
tests__\teacher-scope.t
est.js:91:38

      88 });
      89 
      90 // Create 
homework in the 
assignedClass
    ΓåÆ 91 const hw = 
await 
prisma.homework.create(
    The column 
`Homework.maxPoints` 
does not exist in the 
current database.

    [0m [90m 89 
|[39m
     [90m 90 |[39m   
  [90m// Create 
homework in the 
assignedClass[39m
    [31m[1m>[22m[39
m[90m 91 |[39m     
[36mconst[39m hw 
[33m=[39m 
[36mawait[39m prisma
[33m.[39mhomework[33m
.[39mcreate({
     [90m    |[39m   
             
[31m[1m^[22m[39m
     [90m 92 |[39m   
      data[33m:[39m 
{ title[33m:[39m [32
m`HW-${ts}`[39m[33m,
[39m 
classId[33m:[39m assi
gnedClass[33m.[39mid
[33m,[39m 
subjectId[33m:[39m su
bject[33m.[39mid[33m
,[39m 
dueDate[33m:[39m 
[36mnew[39m 
[33mDate[39m() }
     [90m 93 |[39m   
  })[33m;[39m
     [90m 94 |[39m   
  homeworkId 
[33m=[39m hw[33m.[3
9mid[33m;[39m[0m

      at 
Ln.handleRequestError (
node_modules/@prisma/cl
ient/runtime/library.js
:121:7753)
      at Ln.handleAndLo
gRequestError (node_mod
ules/@prisma/client/run
time/library.js:121:706
1)
      at Ln.request (no
de_modules/@prisma/clie
nt/runtime/library.js:1
21:6745)
      at l (node_module
s/@prisma/client/runtim
e/library.js:130:9633)
      at 
Object.<anonymous> (__t
ests__/teacher-scope.te
st.js:91:16)

  ΓùÅ teacher gets 403 
TEACHER_NOT_ASSIGNED 
when submitting marks 
for unassigned exam 
schedule

    PrismaClientKnownRe
questError: 
    Invalid `prisma.hom
ework.create()` 
invocation in
    C:\Users\Pc\Downloa
ds\peek-school-system-b
ackend-main\peek-school
-system-backend-main\__
tests__\teacher-scope.t
est.js:91:38

      88 });
      89 
      90 // Create 
homework in the 
assignedClass
    ΓåÆ 91 const hw = 
await 
prisma.homework.create(
    The column 
`Homework.maxPoints` 
does not exist in the 
current database.

    [0m [90m 89 
|[39m
     [90m 90 |[39m   
  [90m// Create 
homework in the 
assignedClass[39m
    [31m[1m>[22m[39
m[90m 91 |[39m     
[36mconst[39m hw 
[33m=[39m 
[36mawait[39m prisma
[33m.[39mhomework[33m
.[39mcreate({
     [90m    |[39m   
             
[31m[1m^[22m[39m
     [90m 92 |[39m   
      data[33m:[39m 
{ title[33m:[39m [32
m`HW-${ts}`[39m[33m,
[39m 
classId[33m:[39m assi
gnedClass[33m.[39mid
[33m,[39m 
subjectId[33m:[39m su
bject[33m.[39mid[33m
,[39m 
dueDate[33m:[39m 
[36mnew[39m 
[33mDate[39m() }
     [90m 93 |[39m   
  })[33m;[39m
     [90m 94 |[39m   
  homeworkId 
[33m=[39m hw[33m.[3
9mid[33m;[39m[0m

      at 
Ln.handleRequestError (
node_modules/@prisma/cl
ient/runtime/library.js
:121:7753)
      at Ln.handleAndLo
gRequestError (node_mod
ules/@prisma/client/run
time/library.js:121:706
1)
      at Ln.request (no
de_modules/@prisma/clie
nt/runtime/library.js:1
21:6745)
      at l (node_module
s/@prisma/client/runtim
e/library.js:130:9633)
      at 
Object.<anonymous> (__t
ests__/teacher-scope.te
st.js:91:16)

  ΓùÅ teacher gets 403 
TEACHER_NOT_ASSIGNED 
when grading homework 
for unassigned class

    PrismaClientKnownRe
questError: 
    Invalid `prisma.hom
ework.create()` 
invocation in
    C:\Users\Pc\Downloa
ds\peek-school-system-b
ackend-main\peek-school
-system-backend-main\__
tests__\teacher-scope.t
est.js:91:38

      88 });
      89 
      90 // Create 
homework in the 
assignedClass
    ΓåÆ 91 const hw = 
await 
prisma.homework.create(
    The column 
`Homework.maxPoints` 
does not exist in the 
current database.

    [0m [90m 89 
|[39m
     [90m 90 |[39m   
  [90m// Create 
homework in the 
assignedClass[39m
    [31m[1m>[22m[39
m[90m 91 |[39m     
[36mconst[39m hw 
[33m=[39m 
[36mawait[39m prisma
[33m.[39mhomework[33m
.[39mcreate({
     [90m    |[39m   
             
[31m[1m^[22m[39m
     [90m 92 |[39m   
      data[33m:[39m 
{ title[33m:[39m [32
m`HW-${ts}`[39m[33m,
[39m 
classId[33m:[39m assi
gnedClass[33m.[39mid
[33m,[39m 
subjectId[33m:[39m su
bject[33m.[39mid[33m
,[39m 
dueDate[33m:[39m 
[36mnew[39m 
[33mDate[39m() }
     [90m 93 |[39m   
  })[33m;[39m
     [90m 94 |[39m   
  homeworkId 
[33m=[39m hw[33m.[3
9mid[33m;[39m[0m

      at 
Ln.handleRequestError (
node_modules/@prisma/cl
ient/runtime/library.js
:121:7753)
      at Ln.handleAndLo
gRequestError (node_mod
ules/@prisma/client/run
time/library.js:121:706
1)
      at Ln.request (no
de_modules/@prisma/clie
nt/runtime/library.js:1
21:6745)
      at l (node_module
s/@prisma/client/runtim
e/library.js:130:9633)
      at 
Object.<anonymous> (__t
ests__/teacher-scope.te
st.js:91:16)

[2026-03-13 05:42:29.141 +0300] [32mINFO[39m: [36mLogin attempt[39m
    [35memail[39m: "admin@peek.com"
[2026-03-13 05:42:29.043 +0300] [34mDEBUG[39m: [36mUser lookup result[39m
    [35memail[39m: "admin@peek.com"
    [35mfound[39m: true
[2026-03-13 05:42:29.161 +0300] [34mDEBUG[39m: [36mPassword comparison result[39m
    [35memail[39m: "admin@peek.com"
    [35mmatch[39m: false
[2026-03-13 05:42:29.161 +0300] [33mWARN[39m: [36mFailed login attempt: Invalid credentials[39m
    [35memail[39m: "admin@peek.com"
    [35maudit[39m: true
    [35maction[39m: "LOGIN_FAILED"
[2026-03-13 05:42:29.162 +0300] [33mWARN[39m: [36mHTTP Request[39m
    [35mmethod[39m: "POST"
    [35murl[39m: "/api/auth/login"
    [35mstatus[39m: 401
    [35mduration[39m: "155ms"
[2026-03-13 05:42:29.175 +0300] [33mWARN[39m: [36mHTTP Request[39m
    [35mmethod[39m: "POST"
    [35murl[39m: "/api/auth/login"
    [35mstatus[39m: 400
    [35mduration[39m: "2ms"
[2026-03-13 05:42:29.182 +0300] [33mWARN[39m: [36mAuth Middleware: No token provided in request.[39m
    [35mpath[39m: "/api/school/classes"
[2026-03-13 05:42:29.182 +0300] [33mWARN[39m: [36mHTTP Request[39m
    [35mmethod[39m: "GET"
    [35murl[39m: "/api/school/classes"
    [35mstatus[39m: 401
    [35mduration[39m: "1ms"
[2026-03-13 05:42:29.149 +0300] [32mINFO[39m: [36mHTTP Request[39m
    [35mmethod[39m: "GET"
    [35murl[39m: "/api/parent/invoices/7eda654e-2e80-4f24-8735-6008ce13ff71"
    [35mstatus[39m: 200
    [35mduration[39m: "97ms"
[2026-03-13 05:42:29.155 +0300] [32mINFO[39m: [36mHTTP Request[39m
    [35mmethod[39m: "GET"
    [35murl[39m: "/api/school/classes"
    [35mstatus[39m: 200
    [35mduration[39m: "133ms"
[2026-03-13 05:42:29.226 +0300] [32mINFO[39m: [36mBulk attendance submitted successfully[39m
    [35mclassId[39m: "fc1552c1-99dc-4de5-b804-cdbd4fdaddb6"
    [35mdate[39m: "2026-03-13"
    [35mcount[39m: 1
    [35muserId[39m: "46618608-ba12-463f-b060-12ba035ab1d6"
    [35mschoolId[39m: "a0ef06ac-2768-4436-805c-1ed0103e4d08"
    [35maudit[39m: true
    [35maction[39m: "ATTENDANCE_BULK_SUBMIT"
[2026-03-13 05:42:29.231 +0300] [32mINFO[39m: [36mLogin attempt[39m
    [35memail[39m: "admin@peek.com"
[2026-03-13 05:42:29.132 +0300] [34mDEBUG[39m: [36mUser lookup result[39m
    [35memail[39m: "exam.view.1773369747961@test.com"
    [35mfound[39m: true
[2026-03-13 05:42:29.228 +0300] [32mINFO[39m: [36mHTTP Request[39m
    [35mmethod[39m: "POST"
    [35murl[39m: "/api/attendance/bulk"
    [35mstatus[39m: 200
    [35mduration[39m: "176ms"
[2026-03-13 05:42:29.244 +0300] [32mINFO[39m: [36mHTTP Request[39m
    [35mmethod[39m: "GET"
    [35murl[39m: "/api/school/classes?limit=999"
    [35mstatus[39m: 200
    [35mduration[39m: "67ms"
[2026-03-13 05:42:29.258 +0300] [34mDEBUG[39m: [36mPassword comparison result[39m
    [35memail[39m: "exam.view.1773369747961@test.com"
    [35mmatch[39m: true
[2026-03-13 05:42:29.258 +0300] [32mINFO[39m: [36mLogin successful[39m
    [35memail[39m: "exam.view.1773369747961@test.com"
    [35mrole[39m: "teacher"
    [35mmappedRole[39m: "TEACHER"
[2026-03-13 05:42:29.260 +0300] [32mINFO[39m: [36mUser login successful[39m
    [35muserId[39m: "a757f6ca-da0c-4c8e-9ad5-a5f17ee9a656"
    [35memail[39m: "exam.view.1773369747961@test.com"
    [35maudit[39m: true
    [35maction[39m: "LOGIN_SUCCESS"
[2026-03-13 05:42:29.261 +0300] [32mINFO[39m: [36mHTTP Request[39m
    [35mmethod[39m: "POST"
    [35murl[39m: "/api/users/login"
    [35mstatus[39m: 200
    [35mduration[39m: "156ms"
[2026-03-13 05:42:29.311 +0300] [33mWARN[39m: [36mHTTP Request[39m
    [35mmethod[39m: "GET"
    [35murl[39m: "/api/school/classes?limit=abc"
    [35mstatus[39m: 400
    [35mduration[39m: "47ms"
[2026-03-13 05:42:29.242 +0300] [34mDEBUG[39m: [36mUser lookup result[39m
    [35memail[39m: "admin@peek.com"
    [35mfound[39m: true
[2026-03-13 05:42:29.252 +0300] [34mDEBUG[39m: [36mUser lookup result[39m
    [35memail[39m: "admin@peek.com"
    [35mfound[39m: true
PASS __tests__/paginati
on-defaults.test.js
[2026-03-13 05:42:29.358 +0300] [32mINFO[39m: [36mHTTP Request[39m
    [35mmethod[39m: "GET"
    [35murl[39m: "/api/parent/attendance/7eda654e-2e80-4f24-8735-6008ce13ff71"
    [35mstatus[39m: 200
    [35mduration[39m: "109ms"
[2026-03-13 05:42:29.387 +0300] [34mDEBUG[39m: [36mPassword comparison result[39m
    [35memail[39m: "admin@peek.com"
    [35mmatch[39m: true
[2026-03-13 05:42:29.387 +0300] [32mINFO[39m: [36mLogin successful[39m
    [35memail[39m: "admin@peek.com"
    [35mrole[39m: "school_admin"
    [35mmappedRole[39m: "ADMIN"
[2026-03-13 05:42:29.392 +0300] [32mINFO[39m: [36mUser login successful[39m
    [35muserId[39m: "b9319d14-8109-448e-8d63-4731b87de898"
    [35memail[39m: "admin@peek.com"
    [35maudit[39m: true
    [35maction[39m: "LOGIN_SUCCESS"
[2026-03-13 05:42:29.393 +0300] [32mINFO[39m: [36mHTTP Request[39m
    [35mmethod[39m: "POST"
    [35murl[39m: "/api/users/login"
    [35mstatus[39m: 200
    [35mduration[39m: "261ms"
[2026-03-13 05:42:29.390 +0300] [34mDEBUG[39m: [36mPassword comparison result[39m
    [35memail[39m: "admin@peek.com"
    [35mmatch[39m: true
[2026-03-13 05:42:29.390 +0300] [32mINFO[39m: [36mLogin successful[39m
    [35memail[39m: "admin@peek.com"
    [35mrole[39m: "school_admin"
    [35mmappedRole[39m: "ADMIN"
[2026-03-13 05:42:29.391 +0300] [32mINFO[39m: [36mUser login successful[39m
    [35muserId[39m: "b9319d14-8109-448e-8d63-4731b87de898"
    [35memail[39m: "admin@peek.com"
    [35maudit[39m: true
    [35maction[39m: "LOGIN_SUCCESS"
[2026-03-13 05:42:29.391 +0300] [32mINFO[39m: [36mHTTP Request[39m
    [35mmethod[39m: "POST"
    [35murl[39m: "/api/auth/login"
    [35mstatus[39m: 200
    [35mduration[39m: "174ms"
[2026-03-13 05:42:29.438 +0300] [32mINFO[39m: [36mHTTP Request[39m
    [35mmethod[39m: "GET"
    [35murl[39m: "/api/teacher/exams"
    [35mstatus[39m: 200
    [35mduration[39m: "156ms"
[2026-03-13 05:42:29.458 +0300] [32mINFO[39m: [36mUser profile requested[39m
    [35muserId[39m: "b9319d14-8109-448e-8d63-4731b87de898"
[2026-03-13 05:42:29.462 +0300] [32mINFO[39m: [36mHTTP Request[39m
    [35mmethod[39m: "GET"
    [35murl[39m: "/api/users/me"
    [35mstatus[39m: 200
    [35mduration[39m: "59ms"
[2026-03-13 05:42:29.457 +0300] [32mINFO[39m: [36mLogin attempt[39m
    [35memail[39m: "teacher@peek.com"
[2026-03-13 05:42:29.066 +0300] [33mWARN[39m: [36mTwilio credentials not configured. SMS features disabled.[39m
[2026-03-13 05:42:29.100 +0300] [32mINFO[39m: [36mLoading Firebase credentials from local file...[39m
[2026-03-13 05:42:29.116 +0300] [32mINFO[39m: [36mFirebase Admin SDK initialized successfully.[39m
[2026-03-13 05:42:29.514 +0300] [32mINFO[39m: [36mLogin attempt[39m
    [35memail[39m: "admin@peek.com"
[2026-03-13 05:42:29.548 +0300] [33mWARN[39m: [36mHTTP Request[39m
    [35mmethod[39m: "GET"
    [35murl[39m: "/api/parent/invoices/8c5c57a4-9db3-4755-8469-b62bae38df52"
    [35mstatus[39m: 403
    [35mduration[39m: "54ms"
[2026-03-13 05:42:29.489 +0300] [34mDEBUG[39m: [36mUser lookup result[39m
    [35memail[39m: "teacher@peek.com"
    [35mfound[39m: true
[2026-03-13 05:42:29.618 +0300] [34mDEBUG[39m: [36mPassword comparison result[39m
    [35memail[39m: "teacher@peek.com"
    [35mmatch[39m: true
[2026-03-13 05:42:29.627 +0300] [32mINFO[39m: [36mHTTP Request[39m
    [35mmethod[39m: "GET"
    [35murl[39m: "/api/teacher/exams?classId=eaf5c2ec-bbac-472b-bc4e-ece539c9d93b"
    [35mstatus[39m: 200
    [35mduration[39m: "116ms"
PASS __tests__/parent-s
ecurity-invoices.test.j
s
[2026-03-13 05:42:29.618 +0300] [32mINFO[39m: [36mLogin successful[39m
    [35memail[39m: "teacher@peek.com"
    [35mrole[39m: "teacher"
    [35mmappedRole[39m: "TEACHER"
[2026-03-13 05:42:29.619 +0300] [32mINFO[39m: [36mUser login successful[39m
    [35muserId[39m: "46618608-ba12-463f-b060-12ba035ab1d6"
    [35memail[39m: "teacher@peek.com"
    [35maudit[39m: true
    [35maction[39m: "LOGIN_SUCCESS"
[2026-03-13 05:42:29.619 +0300] [32mINFO[39m: [36mHTTP Request[39m
    [35mmethod[39m: "POST"
    [35murl[39m: "/api/auth/login"
    [35mstatus[39m: 200
    [35mduration[39m: "221ms"
[2026-03-13 05:42:29.630 +0300] [32mINFO[39m: [36mLogin attempt[39m
    [35memail[39m: "parent@peek.com"
[2026-03-13 05:42:29.242 +0300] [33mWARN[39m: [36mTwilio credentials not configured. SMS features disabled.[39m
[2026-03-13 05:42:29.300 +0300] [32mINFO[39m: [36mLoading Firebase credentials from local file...[39m
[2026-03-13 05:42:29.327 +0300] [32mINFO[39m: [36mFirebase Admin SDK initialized successfully.[39m
[2026-03-13 05:42:29.672 +0300] [33mWARN[39m: [36mHTTP Request[39m
    [35mmethod[39m: "GET"
    [35murl[39m: "/api/parent/attendance/6f414a59-13ca-4f26-b3f8-35838ab0ed49"
    [35mstatus[39m: 403
    [35mduration[39m: "37ms"
[2026-03-13 05:42:29.672 +0300] [33mWARN[39m: [36mHTTP Request[39m
    [35mmethod[39m: "GET"
    [35murl[39m: "/api/teacher/exams?classId=942e79b0-d1ea-49ea-9a8e-0392443492e9"
    [35mstatus[39m: 403
    [35mduration[39m: "33ms"
[2026-03-13 05:42:29.688 +0300] [33mWARN[39m: [36mHTTP Request[39m
    [35mmethod[39m: "GET"
    [35murl[39m: "/api/parent/invoices/00000000-0000-0000-0000-000000000000"
    [35mstatus[39m: 404
    [35mduration[39m: "34ms"
[2026-03-13 05:42:29.706 +0300] [31mERROR[39m: [36mUnhandled error[39m
    [35mmessage[39m: "Cannot read properties of undefined (reading 'map')"
    [35mstack[39m: "TypeError: Cannot read properties of undefined (reading 'map')\n    at map (C:\Users\Pc\Downloads\peek-school-system-backend-main\peek-school-system-backend-main\src\routes\teacherRoutes.js:38:55)\n    at Layer.handle [as handle_request] (C:\Users\Pc\Downloads\peek-school-system-backend-main\peek-school-system-backend-main\node_modules\express\lib\router\layer.js:95:5)\n    at next (C:\Users\Pc\Downloads\peek-school-system-backend-main\peek-school-system-backend-main\node_modules\express\lib\router\route.js:149:13)\n    at next (C:\Users\Pc\Downloads\peek-school-system-backend-main\peek-school-system-backend-main\src\middleware\authMiddleware.js:61:5)\n    at Layer.handle [as handle_request] (C:\Users\Pc\Downloads\peek-school-system-backend-main\peek-school-system-backend-main\node_modules\express\lib\router\layer.js:95:5)\n    at next (C:\Users\Pc\Downloads\peek-school-system-backend-main\peek-school-system-backend-main\node_modules\express\lib\router\route.js:149:13)\n    at next (C:\Users\Pc\Downloads\peek-school-system-backend-main\peek-school-system-backend-main\src\middleware\authMiddleware.js:53:5)\n    at Layer.handle [as handle_request] (C:\Users\Pc\Downloads\peek-school-system-backend-main\peek-school-system-backend-main\node_modules\express\lib\router\layer.js:95:5)\n    at next (C:\Users\Pc\Downloads\peek-school-system-backend-main\peek-school-system-backend-main\node_modules\express\lib\router\route.js:149:13)\n    at next (C:\Users\Pc\Downloads\peek-school-system-backend-main\peek-school-system-backend-main\src\middleware\authMiddleware.js:29:13)"
    [35murl[39m: "/api/teacher/exams?from=not-a-date"
    [35mmethod[39m: "GET"
[2026-03-13 05:42:29.707 +0300] [31mERROR[39m: [36mHTTP Request[39m
    [35mmethod[39m: "GET"
    [35murl[39m: "/api/teacher/exams?from=not-a-date"
    [35mstatus[39m: 500
    [35mduration[39m: "25ms"
[2026-03-13 05:42:29.645 +0300] [34mDEBUG[39m: [36mUser lookup result[39m
    [35memail[39m: "parent@peek.com"
    [35mfound[39m: true
[2026-03-13 05:42:29.644 +0300] [34mDEBUG[39m: [36mUser lookup result[39m
    [35memail[39m: "admin@peek.com"
    [35mfound[39m: true
[2026-03-13 05:42:29.762 +0300] [34mDEBUG[39m: [36mPassword comparison result[39m
    [35memail[39m: "admin@peek.com"
    [35mmatch[39m: true
[2026-03-13 05:42:29.762 +0300] [32mINFO[39m: [36mLogin successful[39m
    [35memail[39m: "admin@peek.com"
    [35mrole[39m: "school_admin"
    [35mmappedRole[39m: "ADMIN"
[2026-03-13 05:42:29.766 +0300] [32mINFO[39m: [36mUser login successful[39m
    [35muserId[39m: "b9319d14-8109-448e-8d63-4731b87de898"
    [35memail[39m: "admin@peek.com"
    [35maudit[39m: true
    [35maction[39m: "LOGIN_SUCCESS"
[2026-03-13 05:42:29.767 +0300] [32mINFO[39m: [36mHTTP Request[39m
    [35mmethod[39m: "POST"
    [35murl[39m: "/api/users/login"
    [35mstatus[39m: 200
    [35mduration[39m: "281ms"
[2026-03-13 05:42:29.775 +0300] [34mDEBUG[39m: [36mPassword comparison result[39m
    [35memail[39m: "parent@peek.com"
    [35mmatch[39m: true
[2026-03-13 05:42:29.775 +0300] [32mINFO[39m: [36mLogin successful[39m
    [35memail[39m: "parent@peek.com"
    [35mrole[39m: "parent"
    [35mmappedRole[39m: "PARENT"
[2026-03-13 05:42:29.777 +0300] [32mINFO[39m: [36mUser login successful[39m
    [35muserId[39m: "830ca571-c19f-4349-8c43-e9966b506e4c"
    [35memail[39m: "parent@peek.com"
    [35maudit[39m: true
    [35maction[39m: "LOGIN_SUCCESS"
[2026-03-13 05:42:29.778 +0300] [32mINFO[39m: [36mHTTP Request[39m
    [35mmethod[39m: "POST"
    [35murl[39m: "/api/auth/login"
    [35mstatus[39m: 200
    [35mduration[39m: "151ms"
[2026-03-13 05:42:29.796 +0300] [32mINFO[39m: [36mLogin attempt[39m
    [35memail[39m: "teacher@peek.com"
[2026-03-13 05:42:29.798 +0300] [32mINFO[39m: [36mHTTP Request[39m
    [35mmethod[39m: "GET"
    [35murl[39m: "/api/teacher/exams?from=2026-06-01&to=2026-06-01"
    [35mstatus[39m: 200
    [35mduration[39m: "83ms"
[2026-03-13 05:42:29.826 +0300] [33mWARN[39m: [36mHTTP Request[39m
    [35mmethod[39m: "GET"
    [35murl[39m: "/api/parent/attendance/00000000-0000-0000-0000-000000000000"
    [35mstatus[39m: 404
    [35mduration[39m: "36ms"
[2026-03-13 05:42:29.836 +0300] [32mINFO[39m: [36mUser profile requested[39m
    [35muserId[39m: "b9319d14-8109-448e-8d63-4731b87de898"
[2026-03-13 05:42:29.838 +0300] [32mINFO[39m: [36mHTTP Request[39m
    [35mmethod[39m: "GET"
    [35murl[39m: "/api/users/me"
    [35mstatus[39m: 200
    [35mduration[39m: "44ms"
PASS __tests__/parent-a
ttendance.test.js
[2026-03-13 05:42:29.803 +0300] [34mDEBUG[39m: [36mUser lookup result[39m
    [35memail[39m: "teacher@peek.com"
    [35mfound[39m: true
[2026-03-13 05:42:29.969 +0300] [32mINFO[39m: [36mLogin attempt[39m
    [35memail[39m: "hw.teacher.1773369749104@test.com"
[2026-03-13 05:42:29.934 +0300] [34mDEBUG[39m: [36mPassword comparison result[39m
    [35memail[39m: "teacher@peek.com"
    [35mmatch[39m: true
[2026-03-13 05:42:29.935 +0300] [32mINFO[39m: [36mLogin successful[39m
    [35memail[39m: "teacher@peek.com"
    [35mrole[39m: "teacher"
    [35mmappedRole[39m: "TEACHER"
[2026-03-13 05:42:29.937 +0300] [32mINFO[39m: [36mUser login successful[39m
    [35muserId[39m: "46618608-ba12-463f-b060-12ba035ab1d6"
    [35memail[39m: "teacher@peek.com"
    [35maudit[39m: true
    [35maction[39m: "LOGIN_SUCCESS"
[2026-03-13 05:42:29.938 +0300] [32mINFO[39m: [36mHTTP Request[39m
    [35mmethod[39m: "POST"
    [35murl[39m: "/api/auth/login"
    [35mstatus[39m: 200
    [35mduration[39m: "143ms"
[2026-03-13 05:42:29.965 +0300] [32mINFO[39m: [36mLogin attempt[39m
    [35memail[39m: "admin@peek.com"
[2026-03-13 05:42:29.653 +0300] [33mWARN[39m: [36mTwilio credentials not configured. SMS features disabled.[39m
[2026-03-13 05:42:29.692 +0300] [32mINFO[39m: [36mLoading Firebase credentials from local file...[39m
[2026-03-13 05:42:29.709 +0300] [32mINFO[39m: [36mFirebase Admin SDK initialized successfully.[39m
[2026-03-13 05:42:29.518 +0300] [33mWARN[39m: [36mTwilio credentials not configured. SMS features disabled.[39m
[2026-03-13 05:42:29.577 +0300] [32mINFO[39m: [36mLoading Firebase credentials from local file...[39m
[2026-03-13 05:42:29.596 +0300] [32mINFO[39m: [36mFirebase Admin SDK initialized successfully.[39m
[2026-03-13 05:42:30.016 +0300] [32mINFO[39m: [36mLogin attempt[39m
    [35memail[39m: "admin@peek.com"
[2026-03-13 05:42:30.007 +0300] [32mINFO[39m: [36mHTTP Request[39m
    [35mmethod[39m: "GET"
    [35murl[39m: "/api/teacher/exams/e3fe475d-4a04-43ca-a3b6-8b5c0dd9c535"
    [35mstatus[39m: 200
    [35mduration[39m: "197ms"
[2026-03-13 05:42:30.023 +0300] [32mINFO[39m: [36mLogin attempt[39m
    [35memail[39m: "admin@peek.com"
[2026-03-13 05:42:30.060 +0300] [33mWARN[39m: [36mHTTP Request[39m
    [35mmethod[39m: "GET"
    [35murl[39m: "/api/teacher/exams/59daec7b-0b3c-42ce-8754-b6f3d9c33a60"
    [35mstatus[39m: 403
    [35mduration[39m: "42ms"
[2026-03-13 05:42:29.977 +0300] [34mDEBUG[39m: [36mUser lookup result[39m
    [35memail[39m: "admin@peek.com"
    [35mfound[39m: true
[2026-03-13 05:42:30.086 +0300] [32mINFO[39m: [36mLogin attempt[39m
    [35memail[39m: "admin-s1-1773369749963@test.com"
[2026-03-13 05:42:29.998 +0300] [34mDEBUG[39m: [36mUser lookup result[39m
    [35memail[39m: "hw.teacher.1773369749104@test.com"
    [35mfound[39m: true
[2026-03-13 05:42:30.076 +0300] [31mERROR[39m: [36mUnhandled error[39m
    [35mmessage[39m: "Cannot read properties of undefined (reading 'map')"
    [35mstack[39m: "TypeError: Cannot read properties of undefined (reading 'map')\n    at map (C:\Users\Pc\Downloads\peek-school-system-backend-main\peek-school-system-backend-main\src\routes\teacherRoutes.js:47:55)\n    at Layer.handle [as handle_request] (C:\Users\Pc\Downloads\peek-school-system-backend-main\peek-school-system-backend-main\node_modules\express\lib\router\layer.js:95:5)\n    at next (C:\Users\Pc\Downloads\peek-school-system-backend-main\peek-school-system-backend-main\node_modules\express\lib\router\route.js:149:13)\n    at next (C:\Users\Pc\Downloads\peek-school-system-backend-main\peek-school-system-backend-main\src\middleware\authMiddleware.js:61:5)\n    at Layer.handle [as handle_request] (C:\Users\Pc\Downloads\peek-school-system-backend-main\peek-school-system-backend-main\node_modules\express\lib\router\layer.js:95:5)\n    at next (C:\Users\Pc\Downloads\peek-school-system-backend-main\peek-school-system-backend-main\node_modules\express\lib\router\route.js:149:13)\n    at next (C:\Users\Pc\Downloads\peek-school-system-backend-main\peek-school-system-backend-main\src\middleware\authMiddleware.js:53:5)\n    at Layer.handle [as handle_request] (C:\Users\Pc\Downloads\peek-school-system-backend-main\peek-school-system-backend-main\node_modules\express\lib\router\layer.js:95:5)\n    at next (C:\Users\Pc\Downloads\peek-school-system-backend-main\peek-school-system-backend-main\node_modules\express\lib\router\route.js:149:13)\n    at next (C:\Users\Pc\Downloads\peek-school-system-backend-main\peek-school-system-backend-main\src\middleware\authMiddleware.js:29:13)"
    [35murl[39m: "/api/teacher/exams/not-a-uuid"
    [35mmethod[39m: "GET"
[2026-03-13 05:42:30.077 +0300] [31mERROR[39m: [36mHTTP Request[39m
    [35mmethod[39m: "GET"
    [35murl[39m: "/api/teacher/exams/not-a-uuid"
    [35mstatus[39m: 500
    [35mduration[39m: "11ms"
[2026-03-13 05:42:30.066 +0300] [34mDEBUG[39m: [36mPassword comparison result[39m
    [35memail[39m: "admin@peek.com"
    [35mmatch[39m: true
[2026-03-13 05:42:30.066 +0300] [32mINFO[39m: [36mLogin successful[39m
    [35memail[39m: "admin@peek.com"
    [35mrole[39m: "school_admin"
    [35mmappedRole[39m: "ADMIN"
[2026-03-13 05:42:30.067 +0300] [32mINFO[39m: [36mUser login successful[39m
    [35muserId[39m: "b9319d14-8109-448e-8d63-4731b87de898"
    [35memail[39m: "admin@peek.com"
    [35maudit[39m: true
    [35maction[39m: "LOGIN_SUCCESS"
[2026-03-13 05:42:30.067 +0300] [32mINFO[39m: [36mHTTP Request[39m
    [35mmethod[39m: "POST"
    [35murl[39m: "/api/auth/login"
    [35mstatus[39m: 200
    [35mduration[39m: "103ms"
[2026-03-13 05:42:30.091 +0300] [34mDEBUG[39m: [36mPassword comparison result[39m
    [35memail[39m: "hw.teacher.1773369749104@test.com"
    [35mmatch[39m: true
[2026-03-13 05:42:30.091 +0300] [32mINFO[39m: [36mLogin successful[39m
    [35memail[39m: "hw.teacher.1773369749104@test.com"
    [35mrole[39m: "teacher"
    [35mmappedRole[39m: "TEACHER"
[2026-03-13 05:42:30.092 +0300] [32mINFO[39m: [36mUser login successful[39m
    [35muserId[39m: "a0b8f522-9e83-42ae-ac4f-ec6858434e2f"
    [35memail[39m: "hw.teacher.1773369749104@test.com"
    [35maudit[39m: true
    [35maction[39m: "LOGIN_SUCCESS"
[2026-03-13 05:42:30.093 +0300] [32mINFO[39m: [36mHTTP Request[39m
    [35mmethod[39m: "POST"
    [35murl[39m: "/api/users/login"
    [35mstatus[39m: 200
    [35mduration[39m: "125ms"
FAIL __tests__/teacher-
exams-view.test.js 
(5.26 s)
  ΓùÅ Teacher-scoped 
Exam View ΓÇ║ from/to 
date filter ΓåÆ 
invalid format 
rejected with 400

    expect(received).to
Be(expected) // 
Object.is equality

    Expected: 400
    Received: 500

    [0m [90m 137 
|[39m             [33
m.[39m[36mset[39m([
32m'Authorization'[39m
[33m,[39m 
[32m`Bearer ${teacherT
oken}`[39m)[33m;[39m
     [90m 138 |[39m
    [31m[1m>[22m[39
m[90m 139 |[39m      
   expect(res[33m.[39
mstatus)[33m.[39mtoBe
([35m400[39m)[33m;[
39m
     [90m     |[39m  
                       
   [31m[1m^[22m[39m
     [90m 140 |[39m  
       expect(res[33m.
[39mbody[33m?[39m[3
3m.[39merror[33m?[39
m[33m.[39mcode)[33m.
[39mtoBe([32m'VALIDAT
ION_ERROR'[39m)[33m;
[39m
     [90m 141 |[39m  
   })[33m;[39m
     [90m 142 
|[39m[0m

      at Object.toBe (_
_tests__/teacher-exams-
view.test.js:139:28)

  ΓùÅ Teacher-scoped 
Exam View ΓÇ║ invalid 
UUID scheduleId 
rejected with 400

    expect(received).to
Be(expected) // 
Object.is equality

    Expected: 400
    Received: 500

    [0m [90m 180 
|[39m             [33
m.[39m[36mset[39m([
32m'Authorization'[39m
[33m,[39m 
[32m`Bearer ${teacherT
oken}`[39m)[33m;[39m
     [90m 181 |[39m
    [31m[1m>[22m[39
m[90m 182 |[39m      
   expect(res[33m.[39
mstatus)[33m.[39mtoBe
([35m400[39m)[33m;[
39m
     [90m     |[39m  
                       
   [31m[1m^[22m[39m
     [90m 183 |[39m  
       expect(res[33m.
[39mbody[33m?[39m[3
3m.[39merror[33m?[39
m[33m.[39mcode)[33m.
[39mtoBe([32m'VALIDAT
ION_ERROR'[39m)[33m;
[39m
     [90m 184 |[39m  
   })[33m;[39m
     [90m 185 
|[39m[0m

      at Object.toBe (_
_tests__/teacher-exams-
view.test.js:182:28)

[2026-03-13 05:42:30.167 +0300] [32mINFO[39m: [36mHTTP Request[39m
    [35mmethod[39m: "GET"
    [35murl[39m: "/api/teacher/exams"
    [35mstatus[39m: 200
    [35mduration[39m: "79ms"
[2026-03-13 05:42:30.077 +0300] [34mDEBUG[39m: [36mUser lookup result[39m
    [35memail[39m: "admin@peek.com"
    [35mfound[39m: true
[2026-03-13 05:42:30.076 +0300] [34mDEBUG[39m: [36mUser lookup result[39m
    [35memail[39m: "admin@peek.com"
    [35mfound[39m: true
[2026-03-13 05:42:30.182 +0300] [34mDEBUG[39m: [36mPassword comparison result[39m
    [35memail[39m: "admin@peek.com"
    [35mmatch[39m: true
[2026-03-13 05:42:30.182 +0300] [32mINFO[39m: [36mLogin successful[39m
    [35memail[39m: "admin@peek.com"
    [35mrole[39m: "school_admin"
    [35mmappedRole[39m: "ADMIN"
[2026-03-13 05:42:30.182 +0300] [32mINFO[39m: [36mUser login successful[39m
    [35muserId[39m: "b9319d14-8109-448e-8d63-4731b87de898"
    [35memail[39m: "admin@peek.com"
    [35maudit[39m: true
    [35maction[39m: "LOGIN_SUCCESS"
[2026-03-13 05:42:30.183 +0300] [32mINFO[39m: [36mHTTP Request[39m
    [35mmethod[39m: "POST"
    [35murl[39m: "/api/users/login"
    [35mstatus[39m: 200
    [35mduration[39m: "178ms"
[2026-03-13 05:42:30.117 +0300] [34mDEBUG[39m: [36mUser lookup result[39m
    [35memail[39m: "admin-s1-1773369749963@test.com"
    [35mfound[39m: true
[2026-03-13 05:42:30.199 +0300] [34mDEBUG[39m: [36mPassword comparison result[39m
    [35memail[39m: "admin@peek.com"
    [35mmatch[39m: true
[2026-03-13 05:42:30.210 +0300] [32mINFO[39m: [36mUser profile requested[39m
    [35muserId[39m: "b9319d14-8109-448e-8d63-4731b87de898"
[2026-03-13 05:42:30.213 +0300] [32mINFO[39m: [36mHTTP Request[39m
    [35mmethod[39m: "GET"
    [35murl[39m: "/api/users/me"
    [35mstatus[39m: 200
    [35mduration[39m: "26ms"
[2026-03-13 05:42:30.199 +0300] [32mINFO[39m: [36mLogin successful[39m
    [35memail[39m: "admin@peek.com"
    [35mrole[39m: "school_admin"
    [35mmappedRole[39m: "ADMIN"
[2026-03-13 05:42:30.200 +0300] [32mINFO[39m: [36mUser login successful[39m
    [35muserId[39m: "b9319d14-8109-448e-8d63-4731b87de898"
    [35memail[39m: "admin@peek.com"
    [35maudit[39m: true
    [35maction[39m: "LOGIN_SUCCESS"
[2026-03-13 05:42:30.206 +0300] [32mINFO[39m: [36mHTTP Request[39m
    [35mmethod[39m: "POST"
    [35murl[39m: "/api/auth/login"
    [35mstatus[39m: 200
    [35mduration[39m: "197ms"
[2026-03-13 05:42:30.209 +0300] [34mDEBUG[39m: [36mPassword comparison result[39m
    [35memail[39m: "admin-s1-1773369749963@test.com"
    [35mmatch[39m: true
[2026-03-13 05:42:30.209 +0300] [32mINFO[39m: [36mLogin successful[39m
    [35memail[39m: "admin-s1-1773369749963@test.com"
    [35mrole[39m: "school_admin"
    [35mmappedRole[39m: "ADMIN"
[2026-03-13 05:42:30.213 +0300] [32mINFO[39m: [36mUser login successful[39m
    [35muserId[39m: "12c2deb6-c6d0-4f12-bc34-1fe1d903f20e"
    [35memail[39m: "admin-s1-1773369749963@test.com"
    [35maudit[39m: true
    [35maction[39m: "LOGIN_SUCCESS"
[2026-03-13 05:42:30.214 +0300] [32mINFO[39m: [36mHTTP Request[39m
    [35mmethod[39m: "POST"
    [35murl[39m: "/api/auth/login"
    [35mstatus[39m: 200
    [35mduration[39m: "134ms"
[2026-03-13 05:42:30.223 +0300] [32mINFO[39m: [36mLogin attempt[39m
    [35memail[39m: "parent-s1-1773369750006@test.com"
PASS __tests__/regressi
on-getTenant-crash.test
.js
FAIL __tests__/mvp-smok
e.test.js (5.542 s)
  ΓùÅ Flow 1: Auth 
Login ΓÇ║ ADMIN login 
returns correct shape 
and role

    expect(received).to
HaveProperty(path)

    Expected path: 
"message"
    Received path: []

    Received value: 
{"data": {"token": "eyJ
hbGciOiJIUzI1NiIsInR5cC
I6IkpXVCJ9.eyJ1c2VySWQi
OiJiOTMxOWQxNC04MTA5LTQ
0OGUtOGQ2My00NzMxYjg3ZG
U4OTgiLCJlbWFpbCI6ImFkb
WluQHBlZWsuY29tIiwicm9s
ZSI6IkFETUlOIiwic2Nob29
sSWQiOiJhMGVmMDZhYy0yNz
Y4LTQ0MzYtODA1Yy0xZWQwM
TAzZTRkMDgiLCJpYXQiOjE3
NzMzNjk3NDgsImV4cCI6MTc
3MzQ1NjE0OH0.GMmJzN9ACA
DOxz3QZoRqVrcw5okaL_X2f
S3mFhhh3Zs", "user": 
{"email": 
"admin@peek.com", 
"fullName": "School 
Admin", "id": "b9319d14
-8109-448e-8d63-4731b87
de898", "role": 
"ADMIN", "schoolId": "a
0ef06ac-2768-4436-805c-
1ed0103e4d08"}}, 
"success": true}

    [0m [90m 30 
|[39m         
[36mconst[39m res 
[33m=[39m 
[36mawait[39m login(
[32m'admin@peek.com'[3
9m)[33m;[39m
     [90m 31 |[39m   
      expect(res[33m.
[39mstatus)[33m.[39mt
oBe([35m200[39m)[33m
;[39m
    [31m[1m>[22m[39
m[90m 32 |[39m       
  expect(res[33m.[39m
body)[33m.[39mtoHaveP
roperty([32m'message'
[39m)[33m;[39m
     [90m    |[39m   
                       
[31m[1m^[22m[39m
     [90m 33 |[39m   
      expect(res[33m.
[39mbody)[33m.[39mtoH
aveProperty([32m'token
'[39m)[33m;[39m
     [90m 34 |[39m   
      expect(res[33m.
[39mbody[33m.[39muser
)[33m.[39mtoMatchObje
ct({
     [90m 35 |[39m   
          
role[33m:[39m [32m'A
DMIN'[39m[33m,[39m[
0m

      at 
Object.toHaveProperty (
__tests__/mvp-smoke.tes
t.js:32:26)

  ΓùÅ Flow 1: Auth 
Login ΓÇ║ TEACHER 
login returns correct 
shape and role

    TypeError: Cannot 
read properties of 
undefined (reading 
'role')

    [0m [90m 46 
|[39m         
[36mconst[39m res 
[33m=[39m 
[36mawait[39m login(
[32m'teacher@peek.com'
[39m)[33m;[39m
     [90m 47 |[39m   
      expect(res[33m.
[39mstatus)[33m.[39mt
oBe([35m200[39m)[33m
;[39m
    [31m[1m>[22m[39
m[90m 48 |[39m       
  expect(res[33m.[39m
body[33m.[39muser[33
m.[39mrole)[33m.[39m
toBe([32m'TEACHER'[39
m)[33m;[39m
     [90m    |[39m   
                       
    
[31m[1m^[22m[39m
     [90m 49 |[39m   
      expect(res[33m.
[39mbody[33m.[39muser
)[33m.[39mtoHavePrope
rty([32m'schoolId'[39
m)[33m;[39m
     [90m 50 |[39m   
      teacherToken 
[33m=[39m res[33m.[
39mbody[33m.[39mtoken
[33m;[39m
     [90m 51 |[39m   
      teacherUser 
[33m=[39m res[33m.[
39mbody[33m.[39muser
[33m;[39m[0m

      at Object.role (_
_tests__/mvp-smoke.test
.js:48:30)

  ΓùÅ Flow 1: Auth 
Login ΓÇ║ PARENT login 
returns correct shape 
and role

    TypeError: Cannot 
read properties of 
undefined (reading 
'role')

    [0m [90m 55 
|[39m         
[36mconst[39m res 
[33m=[39m 
[36mawait[39m login(
[32m'parent@peek.com'[
39m)[33m;[39m
     [90m 56 |[39m   
      expect(res[33m.
[39mstatus)[33m.[39mt
oBe([35m200[39m)[33m
;[39m
    [31m[1m>[22m[39
m[90m 57 |[39m       
  expect(res[33m.[39m
body[33m.[39muser[33
m.[39mrole)[33m.[39m
toBe([32m'PARENT'[39m
)[33m;[39m
     [90m    |[39m   
                       
    
[31m[1m^[22m[39m
     [90m 58 |[39m   
      parentToken 
[33m=[39m res[33m.[
39mbody[33m.[39mtoken
[33m;[39m
     [90m 59 |[39m   
      parentUser 
[33m=[39m res[33m.[
39mbody[33m.[39muser
[33m;[39m
     [90m 60 |[39m   
  })[33m;[39m[0m

      at Object.role (_
_tests__/mvp-smoke.test
.js:57:30)

  ΓùÅ Flow 2: Classes 
CRUD + RBAC ΓÇ║ ADMIN 
can GET 
/api/school/classes

    TypeError: Cannot 
read properties of 
undefined (reading 
'schoolId')

    [0m [90m 105 
|[39m         [90m// 
Find seed academic 
year by querying 
admin's school[39m
     [90m 106 |[39m  
       [36mconst[39m 
ay [33m=[39m 
[36mawait[39m prisma
[33m.[39macademicYear
[33m.[39mfindFirst({
    [31m[1m>[22m[39
m[90m 107 |[39m      
       
where[33m:[39m { 
schoolId[33m:[39m adm
inUser[33m.[39mschool
Id }[33m,[39m
     [90m     |[39m  
                       
                 
[31m[1m^[22m[39m
     [90m 108 |[39m  
       })[33m;[39m
     [90m 109 |[39m  
       
schoolAcademicYearId 
[33m=[39m ay[33m?[3
9m[33m.[39mid[33m;[
39m
     [90m 110 |[39m  
   })[33m;[39m[0m

      at 
Object.schoolId (__test
s__/mvp-smoke.test.js:1
07:42)

  ΓùÅ Flow 2: Classes 
CRUD + RBAC ΓÇ║ ADMIN 
can POST 
/api/school/classes

    TypeError: Cannot 
read properties of 
undefined (reading 
'schoolId')

    [0m [90m 105 
|[39m         [90m// 
Find seed academic 
year by querying 
admin's school[39m
     [90m 106 |[39m  
       [36mconst[39m 
ay [33m=[39m 
[36mawait[39m prisma
[33m.[39macademicYear
[33m.[39mfindFirst({
    [31m[1m>[22m[39
m[90m 107 |[39m      
       
where[33m:[39m { 
schoolId[33m:[39m adm
inUser[33m.[39mschool
Id }[33m,[39m
     [90m     |[39m  
                       
                 
[31m[1m^[22m[39m
     [90m 108 |[39m  
       })[33m;[39m
     [90m 109 |[39m  
       
schoolAcademicYearId 
[33m=[39m ay[33m?[3
9m[33m.[39mid[33m;[
39m
     [90m 110 |[39m  
   })[33m;[39m[0m

      at 
Object.schoolId (__test
s__/mvp-smoke.test.js:1
07:42)

  ΓùÅ Flow 2: Classes 
CRUD + RBAC ΓÇ║ ADMIN 
can PUT /api/school/cla
sses/:classId

    TypeError: Cannot 
read properties of 
undefined (reading 
'schoolId')

    [0m [90m 105 
|[39m         [90m// 
Find seed academic 
year by querying 
admin's school[39m
     [90m 106 |[39m  
       [36mconst[39m 
ay [33m=[39m 
[36mawait[39m prisma
[33m.[39macademicYear
[33m.[39mfindFirst({
    [31m[1m>[22m[39
m[90m 107 |[39m      
       
where[33m:[39m { 
schoolId[33m:[39m adm
inUser[33m.[39mschool
Id }[33m,[39m
     [90m     |[39m  
                       
                 
[31m[1m^[22m[39m
     [90m 108 |[39m  
       })[33m;[39m
     [90m 109 |[39m  
       
schoolAcademicYearId 
[33m=[39m ay[33m?[3
9m[33m.[39mid[33m;[
39m
     [90m 110 |[39m  
   })[33m;[39m[0m

      at 
Object.schoolId (__test
s__/mvp-smoke.test.js:1
07:42)

  ΓùÅ Flow 2: Classes 
CRUD + RBAC ΓÇ║ ADMIN 
can DELETE /api/school/
classes/:classId

    TypeError: Cannot 
read properties of 
undefined (reading 
'schoolId')

    [0m [90m 105 
|[39m         [90m// 
Find seed academic 
year by querying 
admin's school[39m
     [90m 106 |[39m  
       [36mconst[39m 
ay [33m=[39m 
[36mawait[39m prisma
[33m.[39macademicYear
[33m.[39mfindFirst({
    [31m[1m>[22m[39
m[90m 107 |[39m      
       
where[33m:[39m { 
schoolId[33m:[39m adm
inUser[33m.[39mschool
Id }[33m,[39m
     [90m     |[39m  
                       
                 
[31m[1m^[22m[39m
     [90m 108 |[39m  
       })[33m;[39m
     [90m 109 |[39m  
       
schoolAcademicYearId 
[33m=[39m ay[33m?[3
9m[33m.[39mid[33m;[
39m
     [90m 110 |[39m  
   })[33m;[39m[0m

      at 
Object.schoolId (__test
s__/mvp-smoke.test.js:1
07:42)

  ΓùÅ Flow 2: Classes 
CRUD + RBAC ΓÇ║ POST 
class with missing 
name returns 400

    TypeError: Cannot 
read properties of 
undefined (reading 
'schoolId')

    [0m [90m 105 
|[39m         [90m// 
Find seed academic 
year by querying 
admin's school[39m
     [90m 106 |[39m  
       [36mconst[39m 
ay [33m=[39m 
[36mawait[39m prisma
[33m.[39macademicYear
[33m.[39mfindFirst({
    [31m[1m>[22m[39
m[90m 107 |[39m      
       
where[33m:[39m { 
schoolId[33m:[39m adm
inUser[33m.[39mschool
Id }[33m,[39m
     [90m     |[39m  
                       
                 
[31m[1m^[22m[39m
     [90m 108 |[39m  
       })[33m;[39m
     [90m 109 |[39m  
       
schoolAcademicYearId 
[33m=[39m ay[33m?[3
9m[33m.[39mid[33m;[
39m
     [90m 110 |[39m  
   })[33m;[39m[0m

      at 
Object.schoolId (__test
s__/mvp-smoke.test.js:1
07:42)

  ΓùÅ Flow 2: Classes 
CRUD + RBAC ΓÇ║ 
TEACHER cannot POST 
class (403)

    TypeError: Cannot 
read properties of 
undefined (reading 
'schoolId')

    [0m [90m 105 
|[39m         [90m// 
Find seed academic 
year by querying 
admin's school[39m
     [90m 106 |[39m  
       [36mconst[39m 
ay [33m=[39m 
[36mawait[39m prisma
[33m.[39macademicYear
[33m.[39mfindFirst({
    [31m[1m>[22m[39
m[90m 107 |[39m      
       
where[33m:[39m { 
schoolId[33m:[39m adm
inUser[33m.[39mschool
Id }[33m,[39m
     [90m     |[39m  
                       
                 
[31m[1m^[22m[39m
     [90m 108 |[39m  
       })[33m;[39m
     [90m 109 |[39m  
       
schoolAcademicYearId 
[33m=[39m ay[33m?[3
9m[33m.[39mid[33m;[
39m
     [90m 110 |[39m  
   })[33m;[39m[0m

      at 
Object.schoolId (__test
s__/mvp-smoke.test.js:1
07:42)

  ΓùÅ Flow 2: Classes 
CRUD + RBAC ΓÇ║ 
TEACHER cannot PUT 
class (403)

    TypeError: Cannot 
read properties of 
undefined (reading 
'schoolId')

    [0m [90m 105 
|[39m         [90m// 
Find seed academic 
year by querying 
admin's school[39m
     [90m 106 |[39m  
       [36mconst[39m 
ay [33m=[39m 
[36mawait[39m prisma
[33m.[39macademicYear
[33m.[39mfindFirst({
    [31m[1m>[22m[39
m[90m 107 |[39m      
       
where[33m:[39m { 
schoolId[33m:[39m adm
inUser[33m.[39mschool
Id }[33m,[39m
     [90m     |[39m  
                       
                 
[31m[1m^[22m[39m
     [90m 108 |[39m  
       })[33m;[39m
     [90m 109 |[39m  
       
schoolAcademicYearId 
[33m=[39m ay[33m?[3
9m[33m.[39mid[33m;[
39m
     [90m 110 |[39m  
   })[33m;[39m[0m

      at 
Object.schoolId (__test
s__/mvp-smoke.test.js:1
07:42)

  ΓùÅ Flow 2: Classes 
CRUD + RBAC ΓÇ║ 
TEACHER cannot DELETE 
class (403)

    TypeError: Cannot 
read properties of 
undefined (reading 
'schoolId')

    [0m [90m 105 
|[39m         [90m// 
Find seed academic 
year by querying 
admin's school[39m
     [90m 106 |[39m  
       [36mconst[39m 
ay [33m=[39m 
[36mawait[39m prisma
[33m.[39macademicYear
[33m.[39mfindFirst({
    [31m[1m>[22m[39
m[90m 107 |[39m      
       
where[33m:[39m { 
schoolId[33m:[39m adm
inUser[33m.[39mschool
Id }[33m,[39m
     [90m     |[39m  
                       
                 
[31m[1m^[22m[39m
     [90m 108 |[39m  
       })[33m;[39m
     [90m 109 |[39m  
       
schoolAcademicYearId 
[33m=[39m ay[33m?[3
9m[33m.[39mid[33m;[
39m
     [90m 110 |[39m  
   })[33m;[39m[0m

      at 
Object.schoolId (__test
s__/mvp-smoke.test.js:1
07:42)

  ΓùÅ Flow 2: Classes 
CRUD + RBAC ΓÇ║ PARENT 
cannot GET classes 
(403)

    TypeError: Cannot 
read properties of 
undefined (reading 
'schoolId')

    [0m [90m 105 
|[39m         [90m// 
Find seed academic 
year by querying 
admin's school[39m
     [90m 106 |[39m  
       [36mconst[39m 
ay [33m=[39m 
[36mawait[39m prisma
[33m.[39macademicYear
[33m.[39mfindFirst({
    [31m[1m>[22m[39
m[90m 107 |[39m      
       
where[33m:[39m { 
schoolId[33m:[39m adm
inUser[33m.[39mschool
Id }[33m,[39m
     [90m     |[39m  
                       
                 
[31m[1m^[22m[39m
     [90m 108 |[39m  
       })[33m;[39m
     [90m 109 |[39m  
       
schoolAcademicYearId 
[33m=[39m ay[33m?[3
9m[33m.[39mid[33m;[
39m
     [90m 110 |[39m  
   })[33m;[39m[0m

      at 
Object.schoolId (__test
s__/mvp-smoke.test.js:1
07:42)

  ΓùÅ Flow 2: Classes 
CRUD + RBAC ΓÇ║ PARENT 
cannot POST class (403)

    TypeError: Cannot 
read properties of 
undefined (reading 
'schoolId')

    [0m [90m 105 
|[39m         [90m// 
Find seed academic 
year by querying 
admin's school[39m
     [90m 106 |[39m  
       [36mconst[39m 
ay [33m=[39m 
[36mawait[39m prisma
[33m.[39macademicYear
[33m.[39mfindFirst({
    [31m[1m>[22m[39
m[90m 107 |[39m      
       
where[33m:[39m { 
schoolId[33m:[39m adm
inUser[33m.[39mschool
Id }[33m,[39m
     [90m     |[39m  
                       
                 
[31m[1m^[22m[39m
     [90m 108 |[39m  
       })[33m;[39m
     [90m 109 |[39m  
       
schoolAcademicYearId 
[33m=[39m ay[33m?[3
9m[33m.[39mid[33m;[
39m
     [90m 110 |[39m  
   })[33m;[39m[0m

      at 
Object.schoolId (__test
s__/mvp-smoke.test.js:1
07:42)

  ΓùÅ Flow 2: Classes 
CRUD + RBAC ΓÇ║ 
Non-existent classId 
returns 404 on PUT

    TypeError: Cannot 
read properties of 
undefined (reading 
'schoolId')

    [0m [90m 105 
|[39m         [90m// 
Find seed academic 
year by querying 
admin's school[39m
     [90m 106 |[39m  
       [36mconst[39m 
ay [33m=[39m 
[36mawait[39m prisma
[33m.[39macademicYear
[33m.[39mfindFirst({
    [31m[1m>[22m[39
m[90m 107 |[39m      
       
where[33m:[39m { 
schoolId[33m:[39m adm
inUser[33m.[39mschool
Id }[33m,[39m
     [90m     |[39m  
                       
                 
[31m[1m^[22m[39m
     [90m 108 |[39m  
       })[33m;[39m
     [90m 109 |[39m  
       
schoolAcademicYearId 
[33m=[39m ay[33m?[3
9m[33m.[39mid[33m;[
39m
     [90m 110 |[39m  
   })[33m;[39m[0m

      at 
Object.schoolId (__test
s__/mvp-smoke.test.js:1
07:42)

  ΓùÅ Flow 2: Classes 
CRUD + RBAC ΓÇ║ 
Non-existent classId 
returns 404 on DELETE

    TypeError: Cannot 
read properties of 
undefined (reading 
'schoolId')

    [0m [90m 105 
|[39m         [90m// 
Find seed academic 
year by querying 
admin's school[39m
     [90m 106 |[39m  
       [36mconst[39m 
ay [33m=[39m 
[36mawait[39m prisma
[33m.[39macademicYear
[33m.[39mfindFirst({
    [31m[1m>[22m[39
m[90m 107 |[39m      
       
where[33m:[39m { 
schoolId[33m:[39m adm
inUser[33m.[39mschool
Id }[33m,[39m
     [90m     |[39m  
                       
                 
[31m[1m^[22m[39m
     [90m 108 |[39m  
       })[33m;[39m
     [90m 109 |[39m  
       
schoolAcademicYearId 
[33m=[39m ay[33m?[3
9m[33m.[39mid[33m;[
39m
     [90m 110 |[39m  
   })[33m;[39m[0m

      at 
Object.schoolId (__test
s__/mvp-smoke.test.js:1
07:42)

  ΓùÅ Flow 3: Teacher 
Attendance ΓÇ║ TEACHER 
can GET /api/academics/
classes/:classId/studen
ts

    TypeError: Cannot 
read properties of 
undefined (reading 
'schoolId')

    [0m [90m 266 
|[39m         
[36mif[39m ([33m![3
9mseedClassId) {
     [90m 267 |[39m  
           
[36mconst[39m cls 
[33m=[39m 
[36mawait[39m prisma
[33m.[39m[36mclass[3
9m[33m.[39mfindFirst(
{
    [31m[1m>[22m[39
m[90m 268 |[39m      
           
where[33m:[39m { acad
emicYear[33m:[39m { 
schoolId[33m:[39m adm
inUser[33m.[39mschool
Id } }[33m,[39m
     [90m     |[39m  
                       
                       
              
[31m[1m^[22m[39m
     [90m 269 |[39m  
           
})[33m;[39m
     [90m 270 |[39m  
           seedClassId 
[33m=[39m cls[33m?[
39m[33m.[39mid[33m;
[39m
     [90m 271 |[39m  
       }[0m

      at 
Object.schoolId (__test
s__/mvp-smoke.test.js:2
68:62)

  ΓùÅ Flow 3: Teacher 
Attendance ΓÇ║ TEACHER 
can POST 
/api/attendance/bulk 
with valid payload

    TypeError: Cannot 
read properties of 
undefined (reading 
'schoolId')

    [0m [90m 266 
|[39m         
[36mif[39m ([33m![3
9mseedClassId) {
     [90m 267 |[39m  
           
[36mconst[39m cls 
[33m=[39m 
[36mawait[39m prisma
[33m.[39m[36mclass[3
9m[33m.[39mfindFirst(
{
    [31m[1m>[22m[39
m[90m 268 |[39m      
           
where[33m:[39m { acad
emicYear[33m:[39m { 
schoolId[33m:[39m adm
inUser[33m.[39mschool
Id } }[33m,[39m
     [90m     |[39m  
                       
                       
              
[31m[1m^[22m[39m
     [90m 269 |[39m  
           
})[33m;[39m
     [90m 270 |[39m  
           seedClassId 
[33m=[39m cls[33m?[
39m[33m.[39mid[33m;
[39m
     [90m 271 |[39m  
       }[0m

      at 
Object.schoolId (__test
s__/mvp-smoke.test.js:2
68:62)

  ΓùÅ Flow 3: Teacher 
Attendance ΓÇ║ 
Uppercase status 
"ABSENT" with reason 
is accepted 
(normalized)

    TypeError: Cannot 
read properties of 
undefined (reading 
'schoolId')

    [0m [90m 266 
|[39m         
[36mif[39m ([33m![3
9mseedClassId) {
     [90m 267 |[39m  
           
[36mconst[39m cls 
[33m=[39m 
[36mawait[39m prisma
[33m.[39m[36mclass[3
9m[33m.[39mfindFirst(
{
    [31m[1m>[22m[39
m[90m 268 |[39m      
           
where[33m:[39m { acad
emicYear[33m:[39m { 
schoolId[33m:[39m adm
inUser[33m.[39mschool
Id } }[33m,[39m
     [90m     |[39m  
                       
                       
              
[31m[1m^[22m[39m
     [90m 269 |[39m  
           
})[33m;[39m
     [90m 270 |[39m  
           seedClassId 
[33m=[39m cls[33m?[
39m[33m.[39mid[33m;
[39m
     [90m 271 |[39m  
       }[0m

      at 
Object.schoolId (__test
s__/mvp-smoke.test.js:2
68:62)

  ΓùÅ Flow 3: Teacher 
Attendance ΓÇ║ Non-ISO 
date format returns 400

    TypeError: Cannot 
read properties of 
undefined (reading 
'schoolId')

    [0m [90m 266 
|[39m         
[36mif[39m ([33m![3
9mseedClassId) {
     [90m 267 |[39m  
           
[36mconst[39m cls 
[33m=[39m 
[36mawait[39m prisma
[33m.[39m[36mclass[3
9m[33m.[39mfindFirst(
{
    [31m[1m>[22m[39
m[90m 268 |[39m      
           
where[33m:[39m { acad
emicYear[33m:[39m { 
schoolId[33m:[39m adm
inUser[33m.[39mschool
Id } }[33m,[39m
     [90m     |[39m  
                       
                       
              
[31m[1m^[22m[39m
     [90m 269 |[39m  
           
})[33m;[39m
     [90m 270 |[39m  
           seedClassId 
[33m=[39m cls[33m?[
39m[33m.[39mid[33m;
[39m
     [90m 271 |[39m  
       }[0m

      at 
Object.schoolId (__test
s__/mvp-smoke.test.js:2
68:62)

  ΓùÅ Flow 3: Teacher 
Attendance ΓÇ║ Invalid 
status "here" returns 
400

    TypeError: Cannot 
read properties of 
undefined (reading 
'schoolId')

    [0m [90m 266 
|[39m         
[36mif[39m ([33m![3
9mseedClassId) {
     [90m 267 |[39m  
           
[36mconst[39m cls 
[33m=[39m 
[36mawait[39m prisma
[33m.[39m[36mclass[3
9m[33m.[39mfindFirst(
{
    [31m[1m>[22m[39
m[90m 268 |[39m      
           
where[33m:[39m { acad
emicYear[33m:[39m { 
schoolId[33m:[39m adm
inUser[33m.[39mschool
Id } }[33m,[39m
     [90m     |[39m  
                       
                       
              
[31m[1m^[22m[39m
     [90m 269 |[39m  
           
})[33m;[39m
     [90m 270 |[39m  
           seedClassId 
[33m=[39m cls[33m?[
39m[33m.[39mid[33m;
[39m
     [90m 271 |[39m  
       }[0m

      at 
Object.schoolId (__test
s__/mvp-smoke.test.js:2
68:62)

  ΓùÅ Flow 3: Teacher 
Attendance ΓÇ║ Invalid 
alphanumeric date 
returns 400
[2026-03-13 05:42:30.283 +0300] [31mERROR[39m: [36mError creating homework[39m
    [35mclassId[39m: "88d419ec-1ec6-4a4a-a0cb-595a0af2b9ac"
    [35mteacherId[39m: "a0b8f522-9e83-42ae-ac4f-ec6858434e2f"
    error: "\nInvalid `prisma.homework.create()` invocation in\nC:\\Users\\Pc\\Downloads\\peek-school-system-backend-main\\peek-school-system-backend-main\\src\\controllers\\academicController.js:87:48\n\n  84     }\n  85 }\n  86 \nΓåÆ 87 const homework = await prisma.homework.create(\nThe column `Homework.maxPoints` does not exist in the current database."
[2026-03-13 05:42:30.285 +0300] [31mERROR[39m: [36mHTTP Request[39m
    [35mmethod[39m: "POST"
    [35murl[39m: "/api/academics/homework"
    [35mstatus[39m: 500
    [35mduration[39m: "186ms"
[2026-03-13 05:42:30.304 +0300] [32mINFO[39m: [36mHTTP Request[39m
    [35mmethod[39m: "GET"
    [35murl[39m: "/api/school/classes"
    [35mstatus[39m: 200
    [35mduration[39m: "89ms"
[2026-03-13 05:42:30.234 +0300] [34mDEBUG[39m: [36mUser lookup result[39m
    [35memail[39m: "parent-s1-1773369750006@test.com"
    [35mfound[39m: true
[2026-03-13 05:42:30.330 +0300] [34mDEBUG[39m: [36mPassword comparison result[39m
    [35memail[39m: "parent-s1-1773369750006@test.com"
    [35mmatch[39m: true
[2026-03-13 05:42:30.330 +0300] [32mINFO[39m: [36mLogin successful[39m
    [35memail[39m: "parent-s1-1773369750006@test.com"
    [35mrole[39m: "parent"
    [35mmappedRole[39m: "PARENT"
[2026-03-13 05:42:30.332 +0300] [32mINFO[39m: [36mUser login successful[39m
    [35muserId[39m: "ac459459-edcf-487c-acf4-6a8f3549e247"
    [35memail[39m: "parent-s1-1773369750006@test.com"
    [35maudit[39m: true
    [35maction[39m: "LOGIN_SUCCESS"
[2026-03-13 05:42:30.333 +0300] [32mINFO[39m: [36mHTTP Request[39m
    [35mmethod[39m: "POST"
    [35murl[39m: "/api/auth/login"
    [35mstatus[39m: 200
    [35mduration[39m: "111ms"
[2026-03-13 05:42:30.337 +0300] [32mINFO[39m: [36mLogin attempt[39m
    [35memail[39m: "teacher-s1-1773369750041@test.com"
[2026-03-13 05:42:30.364 +0300] [33mWARN[39m: [36mHTTP Request[39m
    [35mmethod[39m: "POST"
    [35murl[39m: "/api/academics/homework"
    [35mstatus[39m: 403
    [35mduration[39m: "56ms"

    TypeError: Cannot 
read properties of 
undefined (reading 
'schoolId')

    [0m [90m 266 
|[39m         
[36mif[39m ([33m![3
9mseedClassId) {
     [90m 267 |[39m  
           
[36mconst[39m cls 
[33m=[39m 
[36mawait[39m prisma
[33m.[39m[36mclass[3
9m[33m.[39mfindFirst(
{
    [31m[1m>[22m[39
m[90m 268 |[39m      
           
where[33m:[39m { acad
emicYear[33m:[39m { 
schoolId[33m:[39m adm
inUser[33m.[39mschool
Id } }[33m,[39m
     [90m     |[39m  
                       
                       
              
[31m[1m^[22m[39m
     [90m 269 |[39m  
           
})[33m;[39m
     [90m 270 |[39m  
           seedClassId 
[33m=[39m cls[33m?[
39m[33m.[39mid[33m;
[39m
     [90m 271 |[39m  
       }[0m

      at 
Object.schoolId (__test
s__/mvp-smoke.test.js:2
68:62)

  ΓùÅ Flow 3: Teacher 
Attendance ΓÇ║ Empty 
records array returns 
400

    TypeError: Cannot 
read properties of 
undefined (reading 
'schoolId')

    [0m [90m 266 
|[39m         
[36mif[39m ([33m![3
9mseedClassId) {
     [90m 267 |[39m  
           
[36mconst[39m cls 
[33m=[39m 
[36mawait[39m prisma
[33m.[39m[36mclass[3
9m[33m.[39mfindFirst(
{
    [31m[1m>[22m[39
m[90m 268 |[39m      
           
where[33m:[39m { acad
emicYear[33m:[39m { 
schoolId[33m:[39m adm
inUser[33m.[39mschool
Id } }[33m,[39m
     [90m     |[39m  
                       
                       
              
[31m[1m^[22m[39m
     [90m 269 |[39m  
           
})[33m;[39m
     [90m 270 |[39m  
           seedClassId 
[33m=[39m cls[33m?[
39m[33m.[39mid[33m;
[39m
     [90m 271 |[39m  
       }[0m

      at 
Object.schoolId (__test
s__/mvp-smoke.test.js:2
68:62)

  ΓùÅ Flow 3: Teacher 
Attendance ΓÇ║ Missing 
studentId in record 
returns 400

    TypeError: Cannot 
read properties of 
undefined (reading 
'schoolId')

    [0m [90m 266 
|[39m         
[36mif[39m ([33m![3
9mseedClassId) {
     [90m 267 |[39m  
           
[36mconst[39m cls 
[33m=[39m 
[36mawait[39m prisma
[33m.[39m[36mclass[3
9m[33m.[39mfindFirst(
{
    [31m[1m>[22m[39
m[90m 268 |[39m      
           
where[33m:[39m { acad
emicYear[33m:[39m { 
schoolId[33m:[39m adm
inUser[33m.[39mschool
Id } }[33m,[39m
     [90m     |[39m  
                       
                       
              
[31m[1m^[22m[39m
     [90m 269 |[39m  
           
})[33m;[39m
     [90m 270 |[39m  
           seedClassId 
[33m=[39m cls[33m?[
39m[33m.[39mid[33m;
[39m
     [90m 271 |[39m  
       }[0m

      at 
Object.schoolId (__test
s__/mvp-smoke.test.js:2
68:62)

  ΓùÅ Flow 3: Teacher 
Attendance ΓÇ║ TEACHER 
can read back 
attendance ensuring 
UPSERT caught the 
ABSENT overwrite

    TypeError: Cannot 
read properties of 
undefined (reading 
'schoolId')

    [0m [90m 266 
|[39m         
[36mif[39m ([33m![3
9mseedClassId) {
     [90m 267 |[39m  
           
[36mconst[39m cls 
[33m=[39m 
[36mawait[39m prisma
[33m.[39m[36mclass[3
9m[33m.[39mfindFirst(
{
    [31m[1m>[22m[39
m[90m 268 |[39m      
           
where[33m:[39m { acad
emicYear[33m:[39m { 
schoolId[33m:[39m adm
inUser[33m.[39mschool
Id } }[33m,[39m
     [90m     |[39m  
                       
                       
              
[31m[1m^[22m[39m
     [90m 269 |[39m  
           
})[33m;[39m
     [90m 270 |[39m  
           seedClassId 
[33m=[39m cls[33m?[
39m[33m.[39mid[33m;
[39m
     [90m 271 |[39m  
       }[0m

      at 
Object.schoolId (__test
s__/mvp-smoke.test.js:2
68:62)

  ΓùÅ Flow 3: Teacher 
Attendance ΓÇ║ PARENT 
cannot POST 
/api/attendance/bulk 
(403)

    TypeError: Cannot 
read properties of 
undefined (reading 
'schoolId')

    [0m [90m 266 
|[39m         
[36mif[39m ([33m![3
9mseedClassId) {
     [90m 267 |[39m  
           
[36mconst[39m cls 
[33m=[39m 
[36mawait[39m prisma
[33m.[39m[36mclass[3
9m[33m.[39mfindFirst(
{
    [31m[1m>[22m[39
m[90m 268 |[39m      
           
where[33m:[39m { acad
emicYear[33m:[39m { 
schoolId[33m:[39m adm
inUser[33m.[39mschool
Id } }[33m,[39m
     [90m     |[39m  
                       
                       
              
[31m[1m^[22m[39m
     [90m 269 |[39m  
           
})[33m;[39m
     [90m 270 |[39m  
           seedClassId 
[33m=[39m cls[33m?[
39m[33m.[39mid[33m;
[39m
     [90m 271 |[39m  
       }[0m

      at 
Object.schoolId (__test
s__/mvp-smoke.test.js:2
68:62)

[2026-03-13 05:42:30.386 +0300] [33mWARN[39m: [36mHTTP Request[39m
    [35mmethod[39m: "POST"
    [35murl[39m: "/api/academics/homework"
    [35mstatus[39m: 400
    [35mduration[39m: "14ms"
[2026-03-13 05:42:30.345 +0300] [34mDEBUG[39m: [36mUser lookup result[39m
    [35memail[39m: "teacher-s1-1773369750041@test.com"
    [35mfound[39m: true
[2026-03-13 05:42:30.468 +0300] [34mDEBUG[39m: [36mPassword comparison result[39m
    [35memail[39m: "teacher-s1-1773369750041@test.com"
    [35mmatch[39m: true
[2026-03-13 05:42:30.468 +0300] [32mINFO[39m: [36mLogin successful[39m
    [35memail[39m: "teacher-s1-1773369750041@test.com"
    [35mrole[39m: "teacher"
    [35mmappedRole[39m: "TEACHER"
[2026-03-13 05:42:30.469 +0300] [32mINFO[39m: [36mUser login successful[39m
    [35muserId[39m: "7e2b3a18-388e-4471-9013-55a28759ab94"
    [35memail[39m: "teacher-s1-1773369750041@test.com"
    [35maudit[39m: true
    [35maction[39m: "LOGIN_SUCCESS"
[2026-03-13 05:42:30.470 +0300] [32mINFO[39m: [36mHTTP Request[39m
    [35mmethod[39m: "POST"
    [35murl[39m: "/api/auth/login"
    [35mstatus[39m: 200
    [35mduration[39m: "133ms"
[2026-03-13 05:42:30.479 +0300] [32mINFO[39m: [36mLogin attempt[39m
    [35memail[39m: "parent-s2-1773369750055@test.com"
FAIL __tests__/teacher-
homework-grades.test.js
  ΓùÅ Console

    console.log
      prisma:error 
      Invalid `prisma.h
omework.create()` 
invocation in
      C:\Users\Pc\Downl
oads\peek-school-system
-backend-main\peek-scho
ol-system-backend-main\
__tests__\teacher-homew
ork-grades.test.js:89:2
5
      
        86 // Note: 
use raw SQL to set 
maxPoints because the 
Prisma client may be 
cached
        87 // from 
before the schema 
migration while the 
DLL is locked by other 
test runners.
        88 const [hw, 
hwNoMax] = await 
Promise.all([
      ΓåÆ 89     
prisma.homework.create(
      The column 
`Homework.maxPoints` 
does not exist in the 
current database.

      at Object.rc (nod
e_modules/@prisma/clien
t/runtime/library.js:21
:432)
          at async 
Promise.all (index 0)

    console.log
      prisma:error 
      Invalid `prisma.h
omework.create()` 
invocation in
      C:\Users\Pc\Downl
oads\peek-school-system
-backend-main\peek-scho
ol-system-backend-main\
__tests__\teacher-homew
ork-grades.test.js:90:2
5
      
        87 // from 
before the schema 
migration while the 
DLL is locked by other 
test runners.
        88 const [hw, 
hwNoMax] = await 
Promise.all([
        89     prisma.h
omework.create({ data: 
{ title: `HW-${ts}`, 
classId: cls1.id, 
subjectId, dueDate: 
new Date() } }),
      ΓåÆ 90     
prisma.homework.create(
      The column 
`Homework.maxPoints` 
does not exist in the 
current database.

      at Object.rc (nod
e_modules/@prisma/clien
t/runtime/library.js:21
:432)
          at async 
Promise.all (index 1)

  ΓùÅ Teacher-scoped 
Homework Grades ΓÇ║ 
teacher can fetch 
grades roster for 
assigned homework

    PrismaClientKnownRe
questError: 
    Invalid `prisma.hom
ework.create()` 
invocation in
    C:\Users\Pc\Downloa
ds\peek-school-system-b
ackend-main\peek-school
-system-backend-main\__
tests__\teacher-homewor
k-grades.test.js:89:25

      86 // Note: use 
raw SQL to set 
maxPoints because the 
Prisma client may be 
cached
      87 // from 
before the schema 
migration while the 
DLL is locked by other 
test runners.
      88 const [hw, 
hwNoMax] = await 
Promise.all([
    ΓåÆ 89     
prisma.homework.create(
    The column 
`Homework.maxPoints` 
does not exist in the 
current database.

    [0m [90m 86 
|[39m     [90m// 
Note: use raw SQL to 
set maxPoints because 
the Prisma client may 
be cached[39m
     [90m 87 |[39m   
  [90m// from before 
the schema migration 
while the DLL is 
locked by other test 
runners.[39m
    [31m[1m>[22m[39
m[90m 88 |[39m     
[36mconst[39m 
[hw[33m,[39m 
hwNoMax] [33m=[39m 
[36mawait[39m [33mPr
omise[39m[33m.[39mal
l([
     [90m    |[39m   
                       
 [31m[1m^[22m[39m
     [90m 89 |[39m   
      prisma[33m.[39m
homework[33m.[39mcrea
te({ data[33m:[39m { 
title[33m:[39m [32m`
HW-${ts}`[39m[33m,[3
9m classId[33m:[39m c
ls1[33m.[39mid[33m,
[39m 
subjectId[33m,[39m 
dueDate[33m:[39m 
[36mnew[39m 
[33mDate[39m() } 
})[33m,[39m
     [90m 90 |[39m   
      prisma[33m.[39m
homework[33m.[39mcrea
te({ data[33m:[39m { 
title[33m:[39m [32m`
HW2-${ts}`[39m[33m,[
39m classId[33m:[39m 
cls1[33m.[39mid[33m,
[39m 
subjectId[33m,[39m 
dueDate[33m:[39m 
[36mnew[39m 
[33mDate[39m() } })
     [90m 91 |[39m   
  ])[33m;[39m[0m

      at 
Ln.handleRequestError (
node_modules/@prisma/cl
ient/runtime/library.js
:121:7753)
      at Ln.handleAndLo
gRequestError (node_mod
ules/@prisma/client/run
time/library.js:121:706
1)
      at Ln.request (no
de_modules/@prisma/clie
nt/runtime/library.js:1
21:6745)
      at l (node_module
s/@prisma/client/runtim
e/library.js:130:9633)
          at async 
Promise.all (index 0)
      at 
Object.<anonymous> (__t
ests__/teacher-homework
-grades.test.js:88:27)

  ΓùÅ Teacher-scoped 
Homework Grades ΓÇ║ 
teacher cannot fetch 
grades roster for 
unassigned homework 
ΓåÆ 403

    PrismaClientKnownRe
questError: 
    Invalid `prisma.hom
ework.create()` 
invocation in
    C:\Users\Pc\Downloa
ds\peek-school-system-b
ackend-main\peek-school
-system-backend-main\__
tests__\teacher-homewor
k-grades.test.js:89:25

      86 // Note: use 
raw SQL to set 
maxPoints because the 
Prisma client may be 
cached
      87 // from 
before the schema 
migration while the 
DLL is locked by other 
test runners.
      88 const [hw, 
hwNoMax] = await 
Promise.all([
    ΓåÆ 89     
prisma.homework.create(
    The column 
`Homework.maxPoints` 
does not exist in the 
current database.

    [0m [90m 86 
|[39m     [90m// 
Note: use raw SQL to 
set maxPoints because 
the Prisma client may 
be cached[39m
     [90m 87 |[39m   
  [90m// from before 
the schema migration 
while the DLL is 
locked by other test 
runners.[39m
    [31m[1m>[22m[39
m[90m 88 |[39m     
[36mconst[39m 
[hw[33m,[39m 
hwNoMax] [33m=[39m 
[36mawait[39m [33mPr
omise[39m[33m.[39mal
l([
     [90m    |[39m   
                       
 [31m[1m^[22m[39m
     [90m 89 |[39m   
      prisma[33m.[39m
homework[33m.[39mcrea
te({ data[33m:[39m { 
title[33m:[39m [32m`
HW-${ts}`[39m[33m,[3
9m classId[33m:[39m c
ls1[33m.[39mid[33m,
[39m 
subjectId[33m,[39m 
dueDate[33m:[39m 
[36mnew[39m 
[33mDate[39m() } 
})[33m,[39m
     [90m 90 |[39m   
      prisma[33m.[39m
homework[33m.[39mcrea
te({ data[33m:[39m { 
title[33m:[39m [32m`
HW2-${ts}`[39m[33m,[
39m classId[33m:[39m 
cls1[33m.[39mid[33m,
[39m 
subjectId[33m,[39m 
dueDate[33m:[39m 
[36mnew[39m 
[33mDate[39m() } })
     [90m 91 |[39m   
  ])[33m;[39m[0m

      at 
Ln.handleRequestError (
node_modules/@prisma/cl
ient/runtime/library.js
:121:7753)
      at Ln.handleAndLo
gRequestError (node_mod
ules/@prisma/client/run
time/library.js:121:706
1)
      at Ln.request (no
de_modules/@prisma/clie
nt/runtime/library.js:1
21:6745)
      at l (node_module
s/@prisma/client/runtim
e/library.js:130:9633)
          at async 
Promise.all (index 0)
      at 
Object.<anonymous> (__t
ests__/teacher-homework
-grades.test.js:88:27)

  ΓùÅ Teacher-scoped 
Homework Grades ΓÇ║ 
teacher can submit 
grades for assigned 
homework

    PrismaClientKnownRe
questError: 
    Invalid `prisma.hom
ework.create()` 
invocation in
    C:\Users\Pc\Downloa
ds\peek-school-system-b
ackend-main\peek-school
-system-backend-main\__
tests__\teacher-homewor
k-grades.test.js:89:25

      86 // Note: use 
raw SQL to set 
maxPoints because the 
Prisma client may be 
cached
      87 // from 
before the schema 
migration while the 
DLL is locked by other 
test runners.
      88 const [hw, 
hwNoMax] = await 
Promise.all([
    ΓåÆ 89     
prisma.homework.create(
    The column 
`Homework.maxPoints` 
does not exist in the 
current database.

    [0m [90m 86 
|[39m     [90m// 
Note: use raw SQL to 
set maxPoints because 
the Prisma client may 
be cached[39m
     [90m 87 |[39m   
  [90m// from before 
the schema migration 
while the DLL is 
locked by other test 
runners.[39m
    [31m[1m>[22m[39
m[90m 88 |[39m     
[36mconst[39m 
[hw[33m,[39m 
hwNoMax] [33m=[39m 
[36mawait[39m [33mPr
omise[39m[33m.[39mal
l([
     [90m    |[39m   
                       
 [31m[1m^[22m[39m
     [90m 89 |[39m   
      prisma[33m.[39m
homework[33m.[39mcrea
te({ data[33m:[39m { 
title[33m:[39m [32m`
HW-${ts}`[39m[33m,[3
9m classId[33m:[39m c
ls1[33m.[39mid[33m,
[39m 
subjectId[33m,[39m 
dueDate[33m:[39m 
[36mnew[39m 
[33mDate[39m() } 
})[33m,[39m
     [90m 90 |[39m   
      prisma[33m.[39m
homework[33m.[39mcrea
te({ data[33m:[39m { 
title[33m:[39m [32m`
HW2-${ts}`[39m[33m,[
39m classId[33m:[39m 
cls1[33m.[39mid[33m,
[39m 
subjectId[33m,[39m 
dueDate[33m:[39m 
[36mnew[39m 
[33mDate[39m() } })
     [90m 91 |[39m   
  ])[33m;[39m[0m

      at 
Ln.handleRequestError (
node_modules/@prisma/cl
ient/runtime/library.js
:121:7753)
      at Ln.handleAndLo
gRequestError (node_mod
ules/@prisma/client/run
time/library.js:121:706
1)
      at Ln.request (no
de_modules/@prisma/clie
nt/runtime/library.js:1
21:6745)
      at l (node_module
s/@prisma/client/runtim
e/library.js:130:9633)
          at async 
Promise.all (index 0)
      at 
Object.<anonymous> (__t
ests__/teacher-homework
-grades.test.js:88:27)

  ΓùÅ Teacher-scoped 
Homework Grades ΓÇ║ 
submitted grade 
appears in subsequent 
roster fetch

    PrismaClientKnownRe
questError: 
    Invalid `prisma.hom
ework.create()` 
invocation in
    C:\Users\Pc\Downloa
ds\peek-school-system-b
ackend-main\peek-school
-system-backend-main\__
tests__\teacher-homewor
k-grades.test.js:89:25

      86 // Note: use 
raw SQL to set 
maxPoints because the 
Prisma client may be 
cached
      87 // from 
before the schema 
migration while the 
DLL is locked by other 
test runners.
      88 const [hw, 
hwNoMax] = await 
Promise.all([
    ΓåÆ 89     
prisma.homework.create(
    The column 
`Homework.maxPoints` 
does not exist in the 
current database.

    [0m [90m 86 
|[39m     [90m// 
Note: use raw SQL to 
set maxPoints because 
the Prisma client may 
be cached[39m
     [90m 87 |[39m   
  [90m// from before 
the schema migration 
while the DLL is 
locked by other test 
runners.[39m
    [31m[1m>[22m[39
m[90m 88 |[39m     
[36mconst[39m 
[hw[33m,[39m 
hwNoMax] [33m=[39m 
[36mawait[39m [33mPr
omise[39m[33m.[39mal
l([
     [90m    |[39m   
                       
 [31m[1m^[22m[39m
     [90m 89 |[39m   
      prisma[33m.[39m
homework[33m.[39mcrea
te({ data[33m:[39m { 
title[33m:[39m [32m`
HW-${ts}`[39m[33m,[3
9m classId[33m:[39m c
ls1[33m.[39mid[33m,
[39m 
subjectId[33m,[39m 
dueDate[33m:[39m 
[36mnew[39m 
[33mDate[39m() } 
})[33m,[39m
     [90m 90 |[39m   
      prisma[33m.[39m
homework[33m.[39mcrea
te({ data[33m:[39m { 
title[33m:[39m [32m`
HW2-${ts}`[39m[33m,[
39m classId[33m:[39m 
cls1[33m.[39mid[33m,
[39m 
subjectId[33m,[39m 
dueDate[33m:[39m 
[36mnew[39m 
[33mDate[39m() } })
     [90m 91 |[39m   
  ])[33m;[39m[0m

      at 
Ln.handleRequestError (
node_modules/@prisma/cl
ient/runtime/library.js
:121:7753)
      at Ln.handleAndLo
gRequestError (node_mod
ules/@prisma/client/run
time/library.js:121:706
1)
      at Ln.request (no
de_modules/@prisma/clie
nt/runtime/library.js:1
21:6745)
      at l (node_module
s/@prisma/client/runtim
e/library.js:130:9633)
          at async 
Promise.all (index 0)
      at 
Object.<anonymous> (__t
ests__/teacher-homework
-grades.test.js:88:27)

  ΓùÅ Teacher-scoped 
Homework Grades ΓÇ║ 
teacher cannot submit 
grades for unassigned 
homework ΓåÆ 403

    PrismaClientKnownRe
questError: 
    Invalid `prisma.hom
ework.create()` 
invocation in
    C:\Users\Pc\Downloa
ds\peek-school-system-b
ackend-main\peek-school
-system-backend-main\__
tests__\teacher-homewor
k-grades.test.js:89:25

      86 // Note: use 
raw SQL to set 
maxPoints because the 
Prisma client may be 
cached
      87 // from 
before the schema 
migration while the 
DLL is locked by other 
test runners.
      88 const [hw, 
hwNoMax] = await 
Promise.all([
    ΓåÆ 89     
prisma.homework.create(
    The column 
`Homework.maxPoints` 
does not exist in the 
current database.

    [0m [90m 86 
|[39m     [90m// 
Note: use raw SQL to 
set maxPoints because 
the Prisma client may 
be cached[39m
     [90m 87 |[39m   
  [90m// from before 
the schema migration 
while the DLL is 
locked by other test 
runners.[39m
    [31m[1m>[22m[39
m[90m 88 |[39m     
[36mconst[39m 
[hw[33m,[39m 
hwNoMax] [33m=[39m 
[36mawait[39m [33mPr
omise[39m[33m.[39mal
l([
     [90m    |[39m   
                       
 [31m[1m^[22m[39m
     [90m 89 |[39m   
      prisma[33m.[39m
homework[33m.[39mcrea
te({ data[33m:[39m { 
title[33m:[39m [32m`
HW-${ts}`[39m[33m,[3
9m classId[33m:[39m c
ls1[33m.[39mid[33m,
[39m 
subjectId[33m,[39m 
dueDate[33m:[39m 
[36mnew[39m 
[33mDate[39m() } 
})[33m,[39m
     [90m 90 |[39m   
      prisma[33m.[39m
homework[33m.[39mcrea
te({ data[33m:[39m { 
title[33m:[39m [32m`
HW2-${ts}`[39m[33m,[
39m classId[33m:[39m 
cls1[33m.[39mid[33m,
[39m 
subjectId[33m,[39m 
dueDate[33m:[39m 
[36mnew[39m 
[33mDate[39m() } })
     [90m 91 |[39m   
  ])[33m;[39m[0m

      at 
Ln.handleRequestError (
node_modules/@prisma/cl
ient/runtime/library.js
:121:7753)
      at Ln.handleAndLo
gRequestError (node_mod
ules/@prisma/client/run
time/library.js:121:706
1)
      at Ln.request (no
de_modules/@prisma/clie
nt/runtime/library.js:1
21:6745)
      at l (node_module
s/@prisma/client/runtim
e/library.js:130:9633)
          at async 
Promise.all (index 0)
      at 
Object.<anonymous> (__t
ests__/teacher-homework
-grades.test.js:88:27)

  ΓùÅ Teacher-scoped 
Homework Grades ΓÇ║ 
grade > maxPoints 
rejected with 400 
VALIDATION_ERROR

    PrismaClientKnownRe
questError: 
    Invalid `prisma.hom
ework.create()` 
invocation in
    C:\Users\Pc\Downloa
ds\peek-school-system-b
ackend-main\peek-school
-system-backend-main\__
tests__\teacher-homewor
k-grades.test.js:89:25

      86 // Note: use 
raw SQL to set 
maxPoints because the 
Prisma client may be 
cached
      87 // from 
before the schema 
migration while the 
DLL is locked by other 
test runners.
      88 const [hw, 
hwNoMax] = await 
Promise.all([
    ΓåÆ 89     
prisma.homework.create(
    The column 
`Homework.maxPoints` 
does not exist in the 
current database.

    [0m [90m 86 
|[39m     [90m// 
Note: use raw SQL to 
set maxPoints because 
the Prisma client may 
be cached[39m
     [90m 87 |[39m   
  [90m// from before 
the schema migration 
while the DLL is 
locked by other test 
runners.[39m
    [31m[1m>[22m[39
m[90m 88 |[39m     
[36mconst[39m 
[hw[33m,[39m 
hwNoMax] [33m=[39m 
[36mawait[39m [33mPr
omise[39m[33m.[39mal
l([
     [90m    |[39m   
                       
 [31m[1m^[22m[39m
     [90m 89 |[39m   
      prisma[33m.[39m
homework[33m.[39mcrea
te({ data[33m:[39m { 
title[33m:[39m [32m`
HW-${ts}`[39m[33m,[3
9m classId[33m:[39m c
ls1[33m.[39mid[33m,
[39m 
subjectId[33m,[39m 
dueDate[33m:[39m 
[36mnew[39m 
[33mDate[39m() } 
})[33m,[39m
     [90m 90 |[39m   
      prisma[33m.[39m
homework[33m.[39mcrea
te({ data[33m:[39m { 
title[33m:[39m [32m`
HW2-${ts}`[39m[33m,[
39m classId[33m:[39m 
cls1[33m.[39mid[33m,
[39m 
subjectId[33m,[39m 
dueDate[33m:[39m 
[36mnew[39m 
[33mDate[39m() } })
     [90m 91 |[39m   
  ])[33m;[39m[0m

      at 
Ln.handleRequestError (
node_modules/@prisma/cl
ient/runtime/library.js
:121:7753)
      at Ln.handleAndLo
gRequestError (node_mod
ules/@prisma/client/run
time/library.js:121:706
1)
      at Ln.request (no
de_modules/@prisma/clie
nt/runtime/library.js:1
21:6745)
      at l (node_module
s/@prisma/client/runtim
e/library.js:130:9633)
          at async 
Promise.all (index 0)
      at 
Object.<anonymous> (__t
ests__/teacher-homework
-grades.test.js:88:27)

  ΓùÅ Teacher-scoped 
Homework Grades ΓÇ║ 
grade without 
maxPoints cap accepted

    PrismaClientKnownRe
questError: 
    Invalid `prisma.hom
ework.create()` 
invocation in
    C:\Users\Pc\Downloa
ds\peek-school-system-b
ackend-main\peek-school
-system-backend-main\__
tests__\teacher-homewor
k-grades.test.js:89:25

      86 // Note: use 
raw SQL to set 
maxPoints because the 
Prisma client may be 
cached
      87 // from 
before the schema 
migration while the 
DLL is locked by other 
test runners.
      88 const [hw, 
hwNoMax] = await 
Promise.all([
    ΓåÆ 89     
prisma.homework.create(
    The column 
`Homework.maxPoints` 
does not exist in the 
current database.

    [0m [90m 86 
|[39m     [90m// 
Note: use raw SQL to 
set maxPoints because 
the Prisma client may 
be cached[39m
     [90m 87 |[39m   
  [90m// from before 
the schema migration 
while the DLL is 
locked by other test 
runners.[39m
    [31m[1m>[22m[39
m[90m 88 |[39m     
[36mconst[39m 
[hw[33m,[39m 
hwNoMax] [33m=[39m 
[36mawait[39m [33mPr
omise[39m[33m.[39mal
l([
     [90m    |[39m   
                       
 [31m[1m^[22m[39m
     [90m 89 |[39m   
      prisma[33m.[39m
homework[33m.[39mcrea
te({ data[33m:[39m { 
title[33m:[39m [32m`
HW-${ts}`[39m[33m,[3
9m classId[33m:[39m c
ls1[33m.[39mid[33m,
[39m 
subjectId[33m,[39m 
dueDate[33m:[39m 
[36mnew[39m 
[33mDate[39m() } 
})[33m,[39m
     [90m 90 |[39m   
      prisma[33m.[39m
homework[33m.[39mcrea
te({ data[33m:[39m { 
title[33m:[39m [32m`
HW2-${ts}`[39m[33m,[
39m classId[33m:[39m 
cls1[33m.[39mid[33m,
[39m 
subjectId[33m,[39m 
dueDate[33m:[39m 
[36mnew[39m 
[33mDate[39m() } })
     [90m 91 |[39m   
  ])[33m;[39m[0m

      at 
Ln.handleRequestError (
node_modules/@prisma/cl
ient/runtime/library.js
:121:7753)
      at Ln.handleAndLo
gRequestError (node_mod
ules/@prisma/client/run
time/library.js:121:706
1)
      at Ln.request (no
de_modules/@prisma/clie
nt/runtime/library.js:1
21:6745)
      at l (node_module
s/@prisma/client/runtim
e/library.js:130:9633)
          at async 
Promise.all (index 0)
      at 
Object.<anonymous> (__t
ests__/teacher-homework
-grades.test.js:88:27)

  ΓùÅ Teacher-scoped 
Homework Grades ΓÇ║ 
empty grades array 
rejected with 400 
VALIDATION_ERROR

    PrismaClientKnownRe
questError: 
    Invalid `prisma.hom
ework.create()` 
invocation in
    C:\Users\Pc\Downloa
ds\peek-school-system-b
ackend-main\peek-school
-system-backend-main\__
tests__\teacher-homewor
k-grades.test.js:89:25

      86 // Note: use 
raw SQL to set 
maxPoints because the 
Prisma client may be 
cached
      87 // from 
before the schema 
migration while the 
DLL is locked by other 
test runners.
      88 const [hw, 
hwNoMax] = await 
Promise.all([
    ΓåÆ 89     
prisma.homework.create(
    The column 
`Homework.maxPoints` 
does not exist in the 
current database.

    [0m [90m 86 
|[39m     [90m// 
Note: use raw SQL to 
set maxPoints because 
the Prisma client may 
be cached[39m
     [90m 87 |[39m   
  [90m// from before 
the schema migration 
while the DLL is 
locked by other test 
runners.[39m
    [31m[1m>[22m[39
m[90m 88 |[39m     
[36mconst[39m 
[hw[33m,[39m 
hwNoMax] [33m=[39m 
[36mawait[39m [33mPr
omise[39m[33m.[39mal
l([
     [90m    |[39m   
                       
 [31m[1m^[22m[39m
     [90m 89 |[39m   
      prisma[33m.[39m
homework[33m.[39mcrea
te({ data[33m:[39m { 
title[33m:[39m [32m`
HW-${ts}`[39m[33m,[3
9m classId[33m:[39m c
ls1[33m.[39mid[33m,
[39m 
subjectId[33m,[39m 
dueDate[33m:[39m 
[36mnew[39m 
[33mDate[39m() } 
})[33m,[39m
     [90m 90 |[39m   
      prisma[33m.[39m
homework[33m.[39mcrea
te({ data[33m:[39m { 
title[33m:[39m [32m`
HW2-${ts}`[39m[33m,[
39m classId[33m:[39m 
cls1[33m.[39mid[33m,
[39m 
subjectId[33m,[39m 
dueDate[33m:[39m 
[36mnew[39m 
[33mDate[39m() } })
     [90m 91 |[39m   
  ])[33m;[39m[0m

      at 
Ln.handleRequestError (
node_modules/@prisma/cl
ient/runtime/library.js
:121:7753)
      at Ln.handleAndLo
gRequestError (node_mod
ules/@prisma/client/run
time/library.js:121:706
1)
      at Ln.request (no
de_modules/@prisma/clie
nt/runtime/library.js:1
21:6745)
      at l (node_module
s/@prisma/client/runtim
e/library.js:130:9633)
          at async 
Promise.all (index 0)
      at 
Object.<anonymous> (__t
ests__/teacher-homework
-grades.test.js:88:27)

  ΓùÅ Teacher-scoped 
Homework Grades ΓÇ║ 
student not enrolled 
in class rejected with 
400 VALIDATION_ERROR

    PrismaClientKnownRe
questError: 
    Invalid `prisma.hom
ework.create()` 
invocation in
    C:\Users\Pc\Downloa
ds\peek-school-system-b
ackend-main\peek-school
-system-backend-main\__
tests__\teacher-homewor
k-grades.test.js:89:25

      86 // Note: use 
raw SQL to set 
maxPoints because the 
Prisma client may be 
cached
      87 // from 
before the schema 
migration while the 
DLL is locked by other 
test runners.
      88 const [hw, 
hwNoMax] = await 
Promise.all([
    ΓåÆ 89     
prisma.homework.create(
    The column 
`Homework.maxPoints` 
does not exist in the 
current database.

    [0m [90m 86 
|[39m     [90m// 
Note: use raw SQL to 
set maxPoints because 
the Prisma client may 
be cached[39m
     [90m 87 |[39m   
  [90m// from before 
the schema migration 
while the DLL is 
locked by other test 
runners.[39m
    [31m[1m>[22m[39
m[90m 88 |[39m     
[36mconst[39m 
[hw[33m,[39m 
hwNoMax] [33m=[39m 
[36mawait[39m [33mPr
omise[39m[33m.[39mal
l([
     [90m    |[39m   
                       
 [31m[1m^[22m[39m
     [90m 89 |[39m   
      prisma[33m.[39m
homework[33m.[39mcrea
te({ data[33m:[39m { 
title[33m:[39m [32m`
HW-${ts}`[39m[33m,[3
9m classId[33m:[39m c
ls1[33m.[39mid[33m,
[39m 
subjectId[33m,[39m 
dueDate[33m:[39m 
[36mnew[39m 
[33mDate[39m() } 
})[33m,[39m
     [90m 90 |[39m   
      prisma[33m.[39m
homework[33m.[39mcrea
te({ data[33m:[39m { 
title[33m:[39m [32m`
HW2-${ts}`[39m[33m,[
39m classId[33m:[39m 
cls1[33m.[39mid[33m,
[39m 
subjectId[33m,[39m 
dueDate[33m:[39m 
[36mnew[39m 
[33mDate[39m() } })
     [90m 91 |[39m   
  ])[33m;[39m[0m

      at 
Ln.handleRequestError (
node_modules/@prisma/cl
ient/runtime/library.js
:121:7753)
      at Ln.handleAndLo
gRequestError (node_mod
ules/@prisma/client/run
time/library.js:121:706
1)
      at Ln.request (no
de_modules/@prisma/clie
nt/runtime/library.js:1
21:6745)
      at l (node_module
s/@prisma/client/runtim
e/library.js:130:9633)
          at async 
Promise.all (index 0)
      at 
Object.<anonymous> (__t
ests__/teacher-homework
-grades.test.js:88:27)

[2026-03-13 05:42:30.541 +0300] [33mWARN[39m: [36mHTTP Request[39m
    [35mmethod[39m: "POST"
    [35murl[39m: "/api/academics/homework"
    [35mstatus[39m: 400
    [35mduration[39m: "63ms"
[2026-03-13 05:42:30.489 +0300] [34mDEBUG[39m: [36mUser lookup result[39m
    [35memail[39m: "parent-s2-1773369750055@test.com"
    [35mfound[39m: true
[2026-03-13 05:42:30.631 +0300] [34mDEBUG[39m: [36mPassword comparison result[39m
    [35memail[39m: "parent-s2-1773369750055@test.com"
    [35mmatch[39m: true
[2026-03-13 05:42:30.631 +0300] [32mINFO[39m: [36mLogin successful[39m
    [35memail[39m: "parent-s2-1773369750055@test.com"
    [35mrole[39m: "parent"
    [35mmappedRole[39m: "PARENT"
[2026-03-13 05:42:30.631 +0300] [32mINFO[39m: [36mUser login successful[39m
    [35muserId[39m: "a0de18b5-5156-4789-8e45-685235bc542d"
    [35memail[39m: "parent-s2-1773369750055@test.com"
    [35maudit[39m: true
    [35maction[39m: "LOGIN_SUCCESS"
[2026-03-13 05:42:30.632 +0300] [32mINFO[39m: [36mHTTP Request[39m
    [35mmethod[39m: "POST"
    [35murl[39m: "/api/auth/login"
    [35mstatus[39m: 200
    [35mduration[39m: "154ms"
[2026-03-13 05:42:30.678 +0300] [31mERROR[39m: [36mError fetching homework[39m
    [35mclassId[39m: "88d419ec-1ec6-4a4a-a0cb-595a0af2b9ac"
    error: {
      "name": "PrismaClientKnownRequestError",
      "code": "P2022",
      "clientVersion": "5.19.1",
      "meta": {
        "modelName": "Homework",
        "column": "Homework.maxPoints"
      }
    }
[2026-03-13 05:42:30.697 +0300] [31mERROR[39m: [36mHTTP Request[39m
    [35mmethod[39m: "GET"
    [35murl[39m: "/api/academics/homework?classId=88d419ec-1ec6-4a4a-a0cb-595a0af2b9ac"
    [35mstatus[39m: 500
    [35mduration[39m: "145ms"
[2026-03-13 05:42:30.810 +0300] [33mWARN[39m: [36mHTTP Request[39m
    [35mmethod[39m: "GET"
    [35murl[39m: "/api/academics/homework?classId=555320bc-a4d7-4f68-8e87-3dd828c7c029"
    [35mstatus[39m: 403
    [35mduration[39m: "57ms"
FAIL __tests__/teacher-
homework-crud.test.js
  ΓùÅ Console

    console.log
      prisma:error 
      Invalid `prisma.h
omework.create()` 
invocation in
      C:\Users\Pc\Downl
oads\peek-school-system
-backend-main\peek-scho
ol-system-backend-main\
src\controllers\academi
cController.js:87:48
      
        84     }
        85 }
        86 
      ΓåÆ 87 const 
homework = await 
prisma.homework.create(
      The column 
`Homework.maxPoints` 
does not exist in the 
current database.

      at Object.rc (nod
e_modules/@prisma/clien
t/runtime/library.js:21
:432)

    console.log
      prisma:error 
      Invalid `prisma.h
omework.findMany()` 
invocation in
      C:\Users\Pc\Downl
oads\peek-school-system
-backend-main\peek-scho
ol-system-backend-main\
src\controllers\academi
cController.js:149:56
      
        146 } catch 
(scopeErr) {
        147     return 
fail(res, 
scopeErr.statusCode || 
403, scopeErr.message, 
scopeErr.code || 'TEACH
ER_NOT_ASSIGNED');
        148 }
      ΓåÆ 149 const 
homework = await prisma
.homework.findMany(
      The column 
`Homework.maxPoints` 
does not exist in the 
current database.

      at Object.rc (nod
e_modules/@prisma/clien
t/runtime/library.js:21
:432)

    console.log
      prisma:error 
      Invalid `prisma.h
omework.create()` 
invocation in
      C:\Users\Pc\Downl
oads\peek-school-system
-backend-main\peek-scho
ol-system-backend-main\
__tests__\teacher-homew
ork-crud.test.js:185:42
      
        182 
        183 
test('teacher cannot 
update homework for 
unassigned class ΓåÆ 
403', async () => {
        184     // 
Create homework in 
unassigned class via 
direct Prisma (bypass 
scope)
      ΓåÆ 185     
const hw = await 
prisma.homework.create(
      The column 
`Homework.maxPoints` 
does not exist in the 
current database.

      at Object.rc (nod
e_modules/@prisma/clien
t/runtime/library.js:21
:432)

    console.log
      prisma:error 
      Invalid `prisma.h
omework.create()` 
invocation in
      C:\Users\Pc\Downl
oads\peek-school-system
-backend-main\peek-scho
ol-system-backend-main\
__tests__\teacher-homew
ork-crud.test.js:202:42
      
        199 
        200 
test('teacher can 
delete homework for 
assigned class', async 
() => {
        201     // 
Create a hw 
specifically for 
deletion
      ΓåÆ 202     
const hw = await 
prisma.homework.create(
      The column 
`Homework.maxPoints` 
does not exist in the 
current database.

      at Object.rc (nod
e_modules/@prisma/clien
t/runtime/library.js:21
:432)

    console.log
      prisma:error 
      Invalid `prisma.h
omework.create()` 
invocation in
      C:\Users\Pc\Downl
oads\peek-school-system
-backend-main\peek-scho
ol-system-backend-main\
__tests__\teacher-homew
ork-crud.test.js:215:42
      
        212 });
        213 
        214 
test('teacher cannot 
delete homework for 
unassigned class ΓåÆ 
403', async () => {
      ΓåÆ 215     
const hw = await 
prisma.homework.create(
      The column 
`Homework.maxPoints` 
does not exist in the 
current database.

      at Object.rc (nod
e_modules/@prisma/clien
t/runtime/library.js:21
:432)

  ΓùÅ Teacher-scoped 
Homework CRUD ΓÇ║ 
teacher can create 
homework for assigned 
class

    expect(received).to
Be(expected) // 
Object.is equality

    Expected: 201
    Received: 500

    [0m [90m 101 
|[39m             
})[33m;[39m
     [90m 102 |[39m
    [31m[1m>[22m[39
m[90m 103 |[39m      
   expect(res[33m.[39
mstatus)[33m.[39mtoBe
([35m201[39m)[33m;[
39m
     [90m     |[39m  
                       
   [31m[1m^[22m[39m
     [90m 104 |[39m  
       expect(res[33m.
[39mbody[33m.[39msuc
cess)[33m.[39mtoBe([
36mtrue[39m)[33m;[39
m
     [90m 105 |[39m  
       expect(res[33m.
[39mbody[33m.[39mdat
a)[33m.[39mtoHaveProp
erty([32m'id'[39m)[3
3m;[39m
     [90m 106 |[39m  
       expect(res[33m.
[39mbody[33m.[39mdat
a[33m.[39mtitle)[33m
.[39mtoBe([32m`Test 
HW ${ts}`[39m)[33m;[
39m[0m

      at Object.toBe (_
_tests__/teacher-homewo
rk-crud.test.js:103:28)

  ΓùÅ Teacher-scoped 
Homework CRUD ΓÇ║ 
teacher can list 
homework for assigned 
class only

    expect(received).to
Be(expected) // 
Object.is equality

    Expected: 200
    Received: 500

    [0m [90m 150 
|[39m             [33
m.[39m[36mset[39m([
32m'Authorization'[39m
[33m,[39m 
[32m`Bearer ${teacherT
oken}`[39m)[33m;[39m
     [90m 151 |[39m
    [31m[1m>[22m[39
m[90m 152 |[39m      
   expect(res[33m.[39
mstatus)[33m.[39mtoBe
([35m200[39m)[33m;[
39m
     [90m     |[39m  
                       
   [31m[1m^[22m[39m
     [90m 153 |[39m  
       expect([33mArra
y[39m[33m.[39misArra
y(res[33m.[39mbody[3
3m.[39mdata))[33m.[3
9mtoBe([36mtrue[39m)
[33m;[39m
     [90m 154 |[39m  
       [36mconst[39m 
ids [33m=[39m res[33
m.[39mbody[33m.[39md
ata[33m.[39mmap(h 
[33m=>[39m h[33m.[3
9mid)[33m;[39m
     [90m 155 |[39m  
       expect(ids)[33m
.[39mtoContain(created
HomeworkId)[33m;[39m
[0m

      at Object.toBe (_
_tests__/teacher-homewo
rk-crud.test.js:152:28)

  ΓùÅ Teacher-scoped 
Homework CRUD ΓÇ║ 
teacher can update 
homework for assigned 
class

    expect(received).to
BeDefined()

    Received: undefined

    [0m [90m 169 
|[39m     
test([32m'teacher can 
update homework for 
assigned 
class'[39m[33m,[39m 
[36masync[39m () 
[33m=>[39m {
     [90m 170 |[39m  
       [90m// ensure 
createdHomeworkId was 
set[39m
    [31m[1m>[22m[39
m[90m 171 |[39m      
   expect(createdHomewo
rkId)[33m.[39mtoBeDef
ined()[33m;[39m
     [90m     |[39m  
                       
          
[31m[1m^[22m[39m
     [90m 172 |[39m
     [90m 173 |[39m  
       [36mconst[39m 
res [33m=[39m 
[36mawait[39m 
request(app)
     [90m 174 |[39m  
           [33m.[39mp
atch([32m`/api/academi
cs/homework/${createdHo
meworkId}`[39m)[0m

      at 
Object.toBeDefined (__t
ests__/teacher-homework
-crud.test.js:171:35)

  ΓùÅ Teacher-scoped 
Homework CRUD ΓÇ║ 
teacher cannot update 
homework for 
unassigned class ΓåÆ 
403

    PrismaClientKnownRe
questError: 
    Invalid `prisma.hom
ework.create()` 
invocation in
    C:\Users\Pc\Downloa
ds\peek-school-system-b
ackend-main\peek-school
-system-backend-main\__
tests__\teacher-homewor
k-crud.test.js:185:42

      182 
      183 
test('teacher cannot 
update homework for 
unassigned class ΓåÆ 
403', async () => {
      184     // 
Create homework in 
unassigned class via 
direct Prisma (bypass 
scope)
    ΓåÆ 185     const 
hw = await 
prisma.homework.create(
    The column 
`Homework.maxPoints` 
does not exist in the 
current database.

    [0m [90m 183 
|[39m     
test([32m'teacher 
cannot update homework 
for unassigned class 
ΓåÆ 
403'[39m[33m,[39m 
[36masync[39m () 
[33m=>[39m {
     [90m 184 |[39m  
       [90m// Create 
homework in unassigned 
class via direct 
Prisma (bypass 
scope)[39m
    [31m[1m>[22m[39
m[90m 185 |[39m      
   [36mconst[39m hw 
[33m=[39m 
[36mawait[39m prisma
[33m.[39mhomework[33m
.[39mcreate({
     [90m     |[39m  
                  
[31m[1m^[22m[39m
     [90m 186 |[39m  
           
data[33m:[39m { 
title[33m:[39m 
[32m'Direct 
HW'[39m[33m,[39m 
classId[33m:[39m unas
signedClassId[33m,[39
m subjectId[33m,[39m 
dueDate[33m:[39m 
[36mnew[39m 
[33mDate[39m() }
     [90m 187 |[39m  
       })[33m;[39m
     [90m 188 
|[39m[0m

      at 
Ln.handleRequestError (
node_modules/@prisma/cl
ient/runtime/library.js
:121:7753)
      at Ln.handleAndLo
gRequestError (node_mod
ules/@prisma/client/run
time/library.js:121:706
1)
      at Ln.request (no
de_modules/@prisma/clie
nt/runtime/library.js:1
21:6745)
      at l (node_module
s/@prisma/client/runtim
e/library.js:130:9633)
      at 
Object.<anonymous> (__t
ests__/teacher-homework
-crud.test.js:185:20)

  ΓùÅ Teacher-scoped 
Homework CRUD ΓÇ║ 
teacher can delete 
homework for assigned 
class

    PrismaClientKnownRe
questError: 
    Invalid `prisma.hom
ework.create()` 
invocation in
    C:\Users\Pc\Downloa
ds\peek-school-system-b
ackend-main\peek-school
-system-backend-main\__
tests__\teacher-homewor
k-crud.test.js:202:42

      199 
      200 
test('teacher can 
delete homework for 
assigned class', async 
() => {
      201     // 
Create a hw 
specifically for 
deletion
    ΓåÆ 202     const 
hw = await 
prisma.homework.create(
    The column 
`Homework.maxPoints` 
does not exist in the 
current database.

    [0m [90m 200 
|[39m     
test([32m'teacher can 
delete homework for 
assigned 
class'[39m[33m,[39m 
[36masync[39m () 
[33m=>[39m {
     [90m 201 |[39m  
       [90m// Create 
a hw specifically for 
deletion[39m
    [31m[1m>[22m[39
m[90m 202 |[39m      
   [36mconst[39m hw 
[33m=[39m 
[36mawait[39m prisma
[33m.[39mhomework[33m
.[39mcreate({
     [90m     |[39m  
                  
[31m[1m^[22m[39m
     [90m 203 |[39m  
           
data[33m:[39m { 
title[33m:[39m 
[32m'To Delete'[39m[
33m,[39m 
classId[33m:[39m assi
gnedClassId[33m,[39m 
subjectId[33m,[39m 
dueDate[33m:[39m 
[36mnew[39m 
[33mDate[39m() }
     [90m 204 |[39m  
       })[33m;[39m
     [90m 205 
|[39m[0m

      at 
Ln.handleRequestError (
node_modules/@prisma/cl
ient/runtime/library.js
:121:7753)
      at Ln.handleAndLo
gRequestError (node_mod
ules/@prisma/client/run
time/library.js:121:706
1)
      at Ln.request (no
de_modules/@prisma/clie
nt/runtime/library.js:1
21:6745)
      at l (node_module
s/@prisma/client/runtim
e/library.js:130:9633)
      at 
Object.<anonymous> (__t
ests__/teacher-homework
-crud.test.js:202:20)

  ΓùÅ Teacher-scoped 
Homework CRUD ΓÇ║ 
teacher cannot delete 
homework for 
unassigned class ΓåÆ 
403

    PrismaClientKnownRe
questError: 
    Invalid `prisma.hom
ework.create()` 
invocation in
    C:\Users\Pc\Downloa
ds\peek-school-system-b
ackend-main\peek-school
-system-backend-main\__
tests__\teacher-homewor
k-crud.test.js:215:42

      212 });
      213 
      214 
test('teacher cannot 
delete homework for 
unassigned class ΓåÆ 
403', async () => {
    ΓåÆ 215     const 
hw = await 
prisma.homework.create(
    The column 
`Homework.maxPoints` 
does not exist in the 
current database.

    [0m [90m 213 
|[39m
     [90m 214 |[39m  
   test([32m'teacher 
cannot delete homework 
for unassigned class 
ΓåÆ 
403'[39m[33m,[39m 
[36masync[39m () 
[33m=>[39m {
    [31m[1m>[22m[39
m[90m 215 |[39m      
   [36mconst[39m hw 
[33m=[39m 
[36mawait[39m prisma
[33m.[39mhomework[33m
.[39mcreate({
     [90m     |[39m  
                  
[31m[1m^[22m[39m
     [90m 216 |[39m  
           
data[33m:[39m { 
title[33m:[39m 
[32m'Direct HW Delete'
[39m[33m,[39m 
classId[33m:[39m unas
signedClassId[33m,[39
m subjectId[33m,[39m 
dueDate[33m:[39m 
[36mnew[39m 
[33mDate[39m() }
     [90m 217 |[39m  
       })[33m;[39m
     [90m 218 
|[39m[0m

      at 
Ln.handleRequestError (
node_modules/@prisma/cl
ient/runtime/library.js
:121:7753)
      at Ln.handleAndLo
gRequestError (node_mod
ules/@prisma/client/run
time/library.js:121:706
1)
      at Ln.request (no
de_modules/@prisma/clie
nt/runtime/library.js:1
21:6745)
      at l (node_module
s/@prisma/client/runtim
e/library.js:130:9633)
      at 
Object.<anonymous> (__t
ests__/teacher-homework
-crud.test.js:215:20)

[2026-03-13 05:42:30.954 +0300] [32mINFO[39m: [36mLogin attempt[39m
    [35memail[39m: "att.teacher.1773369749970@test.com"
[2026-03-13 05:42:30.963 +0300] [32mINFO[39m: [36mHTTP Request[39m
    [35mmethod[39m: "GET"
    [35murl[39m: "/api/communication/announcements"
    [35mstatus[39m: 200
    [35mduration[39m: "176ms"
[2026-03-13 05:42:31.090 +0300] [32mINFO[39m: [36mHTTP Request[39m
    [35mmethod[39m: "GET"
    [35murl[39m: "/api/communication/announcements"
    [35mstatus[39m: 200
    [35mduration[39m: "81ms"
[2026-03-13 05:42:30.991 +0300] [34mDEBUG[39m: [36mUser lookup result[39m
    [35memail[39m: "att.teacher.1773369749970@test.com"
    [35mfound[39m: true
[2026-03-13 05:42:31.113 +0300] [34mDEBUG[39m: [36mPassword comparison result[39m
    [35memail[39m: "att.teacher.1773369749970@test.com"
    [35mmatch[39m: true
[2026-03-13 05:42:31.113 +0300] [32mINFO[39m: [36mLogin successful[39m
    [35memail[39m: "att.teacher.1773369749970@test.com"
    [35mrole[39m: "teacher"
    [35mmappedRole[39m: "TEACHER"
[2026-03-13 05:42:31.113 +0300] [32mINFO[39m: [36mUser login successful[39m
    [35muserId[39m: "1a89f691-93fb-4772-ba32-bbe387859f4b"
    [35memail[39m: "att.teacher.1773369749970@test.com"
    [35maudit[39m: true
    [35maction[39m: "LOGIN_SUCCESS"
[2026-03-13 05:42:31.131 +0300] [32mINFO[39m: [36mHTTP Request[39m
    [35mmethod[39m: "POST"
    [35murl[39m: "/api/users/login"
    [35mstatus[39m: 200
    [35mduration[39m: "174ms"
[2026-03-13 05:42:31.170 +0300] [32mINFO[39m: [36mHTTP Request[39m
    [35mmethod[39m: "GET"
    [35murl[39m: "/api/communication/announcements"
    [35mstatus[39m: 200
    [35mduration[39m: "73ms"
PASS __tests__/validati
on-4c.test.js
[2026-03-13 05:42:30.701 +0300] [33mWARN[39m: [36mTwilio credentials not configured. SMS features disabled.[39m
[2026-03-13 05:42:30.773 +0300] [32mINFO[39m: [36mLoading Firebase credentials from local file...[39m
[2026-03-13 05:42:30.815 +0300] [32mINFO[39m: [36mFirebase Admin SDK initialized successfully.[39m
[2026-03-13 05:42:31.209 +0300] [32mINFO[39m: [36mLogin attempt[39m
    [35memail[39m: "parent@peek.com"
[2026-03-13 05:42:31.249 +0300] [32mINFO[39m: [36mHTTP Request[39m
    [35mmethod[39m: "GET"
    [35murl[39m: "/api/attendance/98292177-dcd9-4c74-b1e5-159f4c471fb4?date=2026-03-13"
    [35mstatus[39m: 200
    [35mduration[39m: "100ms"
[2026-03-13 05:42:31.378 +0300] [32mINFO[39m: [36mHTTP Request[39m
    [35mmethod[39m: "GET"
    [35murl[39m: "/api/communication/announcements?limit=2"
    [35mstatus[39m: 200
    [35mduration[39m: "73ms"
[2026-03-13 05:42:31.400 +0300] [33mWARN[39m: [36mHTTP Request[39m
    [35mmethod[39m: "GET"
    [35murl[39m: "/api/attendance/c4827585-50be-4343-9b0c-12097a408617?date=2026-03-13"
    [35mstatus[39m: 403
    [35mduration[39m: "100ms"
[2026-03-13 05:42:31.310 +0300] [34mDEBUG[39m: [36mUser lookup result[39m
    [35memail[39m: "parent@peek.com"
    [35mfound[39m: true
[2026-03-13 05:42:30.782 +0300] [33mWARN[39m: [36mTwilio credentials not configured. SMS features disabled.[39m
[2026-03-13 05:42:30.844 +0300] [32mINFO[39m: [36mLoading Firebase credentials from local file...[39m
[2026-03-13 05:42:30.879 +0300] [32mINFO[39m: [36mFirebase Admin SDK initialized successfully.[39m
[2026-03-13 05:42:31.467 +0300] [33mWARN[39m: [36mAuth Middleware: No token provided in request.[39m
    [35mpath[39m: "/api/platform/onboard-school"
[2026-03-13 05:42:31.468 +0300] [33mWARN[39m: [36mHTTP Request[39m
    [35mmethod[39m: "POST"
    [35murl[39m: "/api/platform/onboard-school"
    [35mstatus[39m: 401
    [35mduration[39m: "14ms"
[2026-03-13 05:42:31.476 +0300] [33mWARN[39m: [36mForbidden: Insufficient role permissions.[39m
    [35muserId[39m: "2"
    [35mrequiredRoles[39m: [
      "super_admin"
    ]
    [35muserRole[39m: "teacher"
[2026-03-13 05:42:31.476 +0300] [33mWARN[39m: [36mHTTP Request[39m
    [35mmethod[39m: "POST"
    [35murl[39m: "/api/platform/onboard-school"
    [35mstatus[39m: 403
    [35mduration[39m: "1ms"
[2026-03-13 05:42:31.483 +0300] [33mWARN[39m: [36mHTTP Request[39m
    [35mmethod[39m: "POST"
    [35murl[39m: "/api/platform/onboard-school"
    [35mstatus[39m: 400
    [35mduration[39m: "3ms"
PASS __tests__/platform
-onboarding.test.js
PASS __tests__/announce
ments-read.test.js
PASS __tests__/error-co
des-contract.test.js
[2026-03-13 05:42:31.415 +0300] [33mWARN[39m: [36mForbidden: Insufficient role permissions.[39m
    [35muserId[39m: "test-user"
    [35mrequiredRoles[39m: [
      "super_admin",
      "school_admin",
      "bus_supervisor"
    ]
    [35muserRole[39m: "parent"
[2026-03-13 05:42:31.477 +0300] [33mWARN[39m: [36mForbidden: Insufficient role permissions.[39m
    [35muserId[39m: "test-user"
    [35mrequiredRoles[39m: [
      "super_admin",
      "school_admin",
      "bus_supervisor"
    ]
    [35muserRole[39m: "parent"
[2026-03-13 05:42:31.521 +0300] [33mWARN[39m: [36mForbidden: Insufficient role permissions.[39m
    [35muserId[39m: "test-user"
    [35mrequiredRoles[39m: [
      "super_admin",
      "school_admin"
    ]
    [35muserRole[39m: "teacher"
[2026-03-13 05:42:31.520 +0300] [32mINFO[39m: [36mBulk attendance submitted successfully[39m
    [35mclassId[39m: "98292177-dcd9-4c74-b1e5-159f4c471fb4"
    [35mdate[39m: "2026-03-13"
    [35mcount[39m: 1
    [35muserId[39m: "1a89f691-93fb-4772-ba32-bbe387859f4b"
    [35mschoolId[39m: "a0ef06ac-2768-4436-805c-1ed0103e4d08"
    [35maudit[39m: true
    [35maction[39m: "ATTENDANCE_BULK_SUBMIT"
[2026-03-13 05:42:31.539 +0300] [32mINFO[39m: [36mHTTP Request[39m
    [35mmethod[39m: "POST"
    [35murl[39m: "/api/attendance/bulk"
    [35mstatus[39m: 200
    [35mduration[39m: "129ms"
[2026-03-13 05:42:31.505 +0300] [34mDEBUG[39m: [36mPassword comparison result[39m
    [35memail[39m: "parent@peek.com"
    [35mmatch[39m: true
[2026-03-13 05:42:31.564 +0300] [33mWARN[39m: [36mForbidden: Insufficient role permissions.[39m
    [35muserId[39m: "test-user"
    [35mrequiredRoles[39m: [
      "super_admin",
      "school_admin",
      "finance"
    ]
    [35muserRole[39m: "teacher"
[2026-03-13 05:42:31.505 +0300] [32mINFO[39m: [36mLogin successful[39m
    [35memail[39m: "parent@peek.com"
    [35mrole[39m: "parent"
    [35mmappedRole[39m: "PARENT"
[2026-03-13 05:42:31.506 +0300] [32mINFO[39m: [36mUser login successful[39m
    [35muserId[39m: "830ca571-c19f-4349-8c43-e9966b506e4c"
    [35memail[39m: "parent@peek.com"
    [35maudit[39m: true
    [35maction[39m: "LOGIN_SUCCESS"
[2026-03-13 05:42:31.507 +0300] [32mINFO[39m: [36mHTTP Request[39m
    [35mmethod[39m: "POST"
    [35murl[39m: "/api/auth/login"
    [35mstatus[39m: 200
    [35mduration[39m: "306ms"
[2026-03-13 05:42:31.559 +0300] [33mWARN[39m: [36mForbidden: Insufficient role permissions.[39m
    [35muserId[39m: "830ca571-c19f-4349-8c43-e9966b506e4c"
    [35mrequiredRoles[39m: [
      "super_admin",
      "school_admin"
    ]
    [35muserRole[39m: "parent"
[2026-03-13 05:42:31.562 +0300] [33mWARN[39m: [36mHTTP Request[39m
    [35mmethod[39m: "POST"
    [35murl[39m: "/api/school/students"
    [35mstatus[39m: 403
    [35mduration[39m: "21ms"
[2026-03-13 05:42:31.575 +0300] [33mWARN[39m: [36mHTTP Request[39m
    [35mmethod[39m: "POST"
    [35murl[39m: "/api/auth/login"
    [35mstatus[39m: 400
    [35mduration[39m: "2ms"
[2026-03-13 05:42:31.582 +0300] [31mERROR[39m: [36mAuth Middleware: Token verification failed.[39m
    error: "invalid token"
[2026-03-13 05:42:31.583 +0300] [33mWARN[39m: [36mHTTP Request[39m
    [35mmethod[39m: "GET"
    [35murl[39m: "/api/school/reports/overview"
    [35mstatus[39m: 401
    [35mduration[39m: "2ms"
PASS __tests__/rbac-bus
-comm-stats.test.js
PASS __tests__/tenant.t
est.js
PASS __tests__/tenant-f
inance.test.js
[2026-03-13 05:42:31.604 +0300] [33mWARN[39m: [36mHTTP Request[39m
    [35mmethod[39m: "POST"
    [35murl[39m: "/api/attendance/bulk"
    [35mstatus[39m: 403
    [35mduration[39m: "48ms"
[2026-03-13 05:42:31.690 +0300] [32mINFO[39m: [36mBulk attendance submitted successfully[39m
    [35mclassId[39m: "98292177-dcd9-4c74-b1e5-159f4c471fb4"
    [35mdate[39m: "2026-03-13"
    [35mcount[39m: 1
    [35muserId[39m: "1a89f691-93fb-4772-ba32-bbe387859f4b"
    [35mschoolId[39m: "a0ef06ac-2768-4436-805c-1ed0103e4d08"
    [35maudit[39m: true
    [35maction[39m: "ATTENDANCE_BULK_SUBMIT"
[2026-03-13 05:42:31.693 +0300] [32mINFO[39m: [36mHTTP Request[39m
    [35mmethod[39m: "POST"
    [35murl[39m: "/api/attendance/bulk"
    [35mstatus[39m: 200
    [35mduration[39m: "67ms"
PASS __tests__/tenant-p
os.test.js
PASS __tests__/tenant-a
cademic.test.js
PASS __tests__/validati
on-4d.test.js
[2026-03-13 05:42:31.754 +0300] [32mINFO[39m: [36mHTTP Request[39m
    [35mmethod[39m: "GET"
    [35murl[39m: "/api/attendance/98292177-dcd9-4c74-b1e5-159f4c471fb4/history?from=2026-01-01&to=2027-12-31&limit=30"
    [35mstatus[39m: 200
    [35mduration[39m: "51ms"
[2026-03-13 05:42:31.840 +0300] [33mWARN[39m: [36mHTTP Request[39m
    [35mmethod[39m: "GET"
    [35murl[39m: "/api/attendance/c4827585-50be-4343-9b0c-12097a408617/history"
    [35mstatus[39m: 403
    [35mduration[39m: "44ms"
PASS __tests__/teacher-
attendance-full.test.js
PASS __tests__/rbac-exa
ms.test.js
[2026-03-13 05:42:31.843 +0300] [33mWARN[39m: [36mForbidden: Insufficient role permissions.[39m
    [35muserId[39m: "test-user"
    [35mrequiredRoles[39m: [
      "super_admin",
      "school_admin"
    ]
    [35muserRole[39m: "parent"
[2026-03-13 05:42:31.859 +0300] [33mWARN[39m: [36mForbidden: Insufficient role permissions.[39m
    [35muserId[39m: "test-user"
    [35mrequiredRoles[39m: [
      "super_admin",
      "school_admin"
    ]
    [35muserRole[39m: "teacher"
[2026-03-13 05:42:31.891 +0300] [33mWARN[39m: [36mForbidden: Insufficient role permissions.[39m
    [35muserId[39m: "test-user"
    [35mrequiredRoles[39m: [
      "super_admin",
      "school_admin",
      "teacher"
    ]
    [35muserRole[39m: "parent"
FAIL __tests__/validati
on-4b.test.js
  ΓùÅ Test suite 
failed to run

    Route.get() 
requires a callback 
function but got a 
[object Undefined]

    [0m [90m 215 
|[39m [90m// --- 
Grades ---[39m
     [90m 216 |[39m 
[90m// GET  ΓåÆ 
roster + existing 
grades[39m
    [31m[1m>[22m[39
m[90m 217 |[39m route
r[33m.[39m[36mget[3
9m([32m'/homework/:hom
eworkId/grades'[39m[3
3m,[39m teacherAdminAc
tions[33m,[39m valida
teParams(gradeParamsSch
ema)[33m,[39m cachePr
ivate([35m30[39m)[33
m,[39m getHomeworkGrad
es)[33m;[39m
     [90m     |[39m  
      
[31m[1m^[22m[39m
     [90m 218 |[39m 
[90m// POST ΓåÆ bulk 
upsert[39m
     [90m 219 |[39m r
outer[33m.[39mpost([
32m'/homework/:homework
Id/grades'[39m[33m,[
39m teacherAdminActions
[33m,[39m validatePar
ams(gradeParamsSchema)
[33m,[39m validate(sub
mitGradesSchema)[33m,
[39m 
noCache[33m,[39m subm
itHomeworkGrades)[33m;
[39m
     [90m 220 |[39m 
[90m// DEPRECATED: 
Single-record 
attendance. Use POST 
/api/attendance/bulk 
instead.[39m[0m

      at 
Route.<computed> [as 
get] (node_modules/expr
ess/lib/router/route.js
:216:15)
      at router.proto.<
computed> [as get] (nod
e_modules/express/lib/r
outer/index.js:521:19)
      at Object.get (sr
c/routes/academicRoutes
.js:217:8)
      at 
Object.require (__tests
__/validation-4b.test.j
s:64:24)

FAIL __tests__/rbac-att
endance-school.test.js
  ΓùÅ Test suite 
failed to run

    TypeError: 
validateQuery is not a 
function

    [0m [90m 113 
|[39m [90m *         
description: Missing 
classId or date[39m
     [90m 114 |[39m 
[90m */[39m
    [31m[1m>[22m[39
m[90m 115 |[39m route
r[33m.[39m[36mget[3
9m([32m'/:classId'[39
m[33m,[39m teacherAdm
inActions[33m,[39m va
lidateQuery(paginationS
chema)[33m,[39m cache
Private([35m30[39m)[
33m,[39m getClassAtten
dance)[33m;[39m
     [90m     |[39m  
                       
                     
[31m[1m^[22m[39m
     [90m 116 |[39m
     [90m 117 |[39m m
odule[33m.[39mexports
 [33m=[39m 
router[33m;[39m
     [90m 118 
|[39m[0m

      at 
Object.validateQuery (s
rc/routes/attendanceRou
tes.js:115:46)
      at 
Object.require (__tests
__/rbac-attendance-scho
ol.test.js:73:26)

PASS __tests__/validati
on-4a.test.js
FAIL 
__tests__/helpers.js
  ΓùÅ Test suite 
failed to run

    Your test suite 
must contain at least 
one test.

      at onResult (node
_modules/@jest/core/bui
ld/index.js:1057:18)
      at node_modules/@
jest/core/build/index.j
s:1127:165
      at node_modules/e
mittery/index.js:363:13
          at Array.map 
(<anonymous>)
      at Emittery.emit 
(node_modules/emittery/
index.js:361:23)

[2026-03-13 05:42:32.210 +0300] [33mWARN[39m: [36mTwilio credentials not configured. SMS features disabled.[39m
[2026-03-13 05:42:32.293 +0300] [32mINFO[39m: [36mLoading Firebase credentials from local file...[39m
[2026-03-13 05:42:32.378 +0300] [32mINFO[39m: [36mFirebase Admin SDK initialized successfully.[39m
Environment variables loaded from .env
Prisma schema loaded from prisma\schema.prisma
Datasource "db": PostgreSQL database "school_system", schema "public" at "localhost:32775"
Environment variables loaded from .env
Prisma schema loaded from prisma\schema.prisma
Datasource "db": PostgreSQL database "school_system", schema "public" at "localhost:32773"
Environment variables loaded from .env
Prisma schema loaded from prisma\schema.prisma
Datasource "db": PostgreSQL database "school_system", schema "public" at "localhost:32774"
Environment variables loaded from .env
Prisma schema loaded from prisma\schema.prisma
Datasource "db": PostgreSQL database "school_system", schema "public" at "localhost:32776"
Environment variables loaded from .env
Prisma schema loaded from prisma\schema.prisma
Datasource "db": PostgreSQL database "school_system", schema "public" at "localhost:32777"

Your database is now in sync with your Prisma schema. Done in 2.46s


Your database is now in sync with your Prisma schema. Done in 2.45s


Your database is now in sync with your Prisma schema. Done in 2.50s


Your database is now in sync with your Prisma schema. Done in 2.68s

[2026-03-13 05:42:45.747 +0300] [33mWARN[39m: [36mTwilio credentials not configured. SMS features disabled.[39m
[2026-03-13 05:42:45.862 +0300] [32mINFO[39m: [36mLoading Firebase credentials from local file...[39m
[2026-03-13 05:42:45.933 +0300] [32mINFO[39m: [36mFirebase Admin SDK initialized successfully.[39m
[2026-03-13 05:42:45.811 +0300] [33mWARN[39m: [36mTwilio credentials not configured. SMS features disabled.[39m
[2026-03-13 05:42:45.939 +0300] [32mINFO[39m: [36mLoading Firebase credentials from local file...[39m
[2026-03-13 05:42:45.963 +0300] [32mINFO[39m: [36mFirebase Admin SDK initialized successfully.[39m
[2026-03-13 05:42:45.898 +0300] [33mWARN[39m: [36mTwilio credentials not configured. SMS features disabled.[39m
[2026-03-13 05:42:45.970 +0300] [32mINFO[39m: [36mLoading Firebase credentials from local file...[39m
[2026-03-13 05:42:46.000 +0300] [32mINFO[39m: [36mFirebase Admin SDK initialized successfully.[39m
[2026-03-13 05:42:46.443 +0300] [32mINFO[39m: [36mLogin attempt[39m
    [35memail[39m: "super.parent.1773369752251@test.com"
[2026-03-13 05:42:46.443 +0300] [32mINFO[39m: [36mLogin attempt[39m
    [35memail[39m: "super.1773369766298@test.com"
[2026-03-13 05:42:46.447 +0300] [34mDEBUG[39m: [36mUser lookup result[39m
    [35memail[39m: "super.parent.1773369752251@test.com"
    [35mfound[39m: true
[2026-03-13 05:42:46.447 +0300] [34mDEBUG[39m: [36mUser lookup result[39m
    [35memail[39m: "super.1773369766298@test.com"
    [35mfound[39m: true
[2026-03-13 05:42:46.568 +0300] [34mDEBUG[39m: [36mPassword comparison result[39m
    [35memail[39m: "super.1773369766298@test.com"
    [35mmatch[39m: true
[2026-03-13 05:42:46.568 +0300] [32mINFO[39m: [36mLogin successful[39m
    [35memail[39m: "super.1773369766298@test.com"
    [35mrole[39m: "super_admin"
    [35mmappedRole[39m: "SUPER_ADMIN"
[2026-03-13 05:42:46.572 +0300] [32mINFO[39m: [36mUser login successful[39m
    [35muserId[39m: "45f80369-827e-47e7-ac02-857c134aae10"
    [35memail[39m: "super.1773369766298@test.com"
    [35maudit[39m: true
    [35maction[39m: "LOGIN_SUCCESS"
[2026-03-13 05:42:46.574 +0300] [32mINFO[39m: [36mHTTP Request[39m
    [35mmethod[39m: "POST"
    [35murl[39m: "/api/auth/login"
    [35mstatus[39m: 200
    [35mduration[39m: "141ms"
[2026-03-13 05:42:46.552 +0300] [34mDEBUG[39m: [36mPassword comparison result[39m
    [35memail[39m: "super.parent.1773369752251@test.com"
    [35mmatch[39m: true
[2026-03-13 05:42:46.552 +0300] [32mINFO[39m: [36mLogin successful[39m
    [35memail[39m: "super.parent.1773369752251@test.com"
    [35mrole[39m: "super_admin"
    [35mmappedRole[39m: "SUPER_ADMIN"
[2026-03-13 05:42:46.553 +0300] [32mINFO[39m: [36mUser login successful[39m
    [35muserId[39m: "c95bdc2e-3335-4eee-b7d6-e6f09f4f9598"
    [35memail[39m: "super.parent.1773369752251@test.com"
    [35maudit[39m: true
    [35maction[39m: "LOGIN_SUCCESS"
[2026-03-13 05:42:46.555 +0300] [32mINFO[39m: [36mHTTP Request[39m
    [35mmethod[39m: "POST"
    [35murl[39m: "/api/auth/login"
    [35mstatus[39m: 200
    [35mduration[39m: "123ms"
[2026-03-13 05:42:46.659 +0300] [32mINFO[39m: [36mLogin attempt[39m
    [35memail[39m: "super.1773369766364@test.com"
[2026-03-13 05:42:46.760 +0300] [32mINFO[39m: [36mSchool successfully onboarded via platform.[39m
    [35maction[39m: "onboard_school"
    [35mschoolId[39m: "c5d5c420-df0d-4754-adea-cc30af8d41d3"
    [35madminId[39m: "5605a320-65e1-4d8f-adb9-9e34809b9936"
[2026-03-13 05:42:46.761 +0300] [32mINFO[39m: [36mHTTP Request[39m
    [35mmethod[39m: "POST"
    [35murl[39m: "/api/platform/onboard-school"
    [35mstatus[39m: 200
    [35mduration[39m: "181ms"
[2026-03-13 05:42:46.664 +0300] [34mDEBUG[39m: [36mUser lookup result[39m
    [35memail[39m: "super.1773369766364@test.com"
    [35mfound[39m: true
[2026-03-13 05:42:46.766 +0300] [32mINFO[39m: [36mLogin attempt[39m
    [35memail[39m: "admin.1773369766577@test.com"
[2026-03-13 05:42:46.766 +0300] [34mDEBUG[39m: [36mPassword comparison result[39m
    [35memail[39m: "super.1773369766364@test.com"
    [35mmatch[39m: true
[2026-03-13 05:42:46.766 +0300] [32mINFO[39m: [36mLogin successful[39m
    [35memail[39m: "super.1773369766364@test.com"
    [35mrole[39m: "super_admin"
    [35mmappedRole[39m: "SUPER_ADMIN"
[2026-03-13 05:42:46.768 +0300] [32mINFO[39m: [36mUser login successful[39m
    [35muserId[39m: "ac6a7db7-1aab-474d-8b0c-dbd730d8617a"
    [35memail[39m: "super.1773369766364@test.com"
    [35maudit[39m: true
    [35maction[39m: "LOGIN_SUCCESS"
[2026-03-13 05:42:46.770 +0300] [32mINFO[39m: [36mHTTP Request[39m
    [35mmethod[39m: "POST"
    [35murl[39m: "/api/auth/login"
    [35mstatus[39m: 200
    [35mduration[39m: "118ms"
[2026-03-13 05:42:46.777 +0300] [32mINFO[39m: [36mSchool successfully onboarded via platform.[39m
    [35maction[39m: "onboard_school"
    [35mschoolId[39m: "f8167aaf-944e-4234-8bdb-a206e4163765"
    [35madminId[39m: "962dc6b8-e73d-46e3-917a-4f793aad7603"
[2026-03-13 05:42:46.778 +0300] [32mINFO[39m: [36mHTTP Request[39m
    [35mmethod[39m: "POST"
    [35murl[39m: "/api/platform/onboard-school"
    [35mstatus[39m: 200
    [35mduration[39m: "173ms"
[2026-03-13 05:42:46.786 +0300] [32mINFO[39m: [36mLogin attempt[39m
    [35memail[39m: "admin.parent.1773369752251@test.com"
[2026-03-13 05:42:46.464 +0300] [33mWARN[39m: [36mTwilio credentials not configured. SMS features disabled.[39m
[2026-03-13 05:42:46.520 +0300] [32mINFO[39m: [36mLoading Firebase credentials from local file...[39m
[2026-03-13 05:42:46.572 +0300] [32mINFO[39m: [36mFirebase Admin SDK initialized successfully.[39m
[2026-03-13 05:42:46.770 +0300] [34mDEBUG[39m: [36mUser lookup result[39m
    [35memail[39m: "admin.1773369766577@test.com"
    [35mfound[39m: true
[2026-03-13 05:42:46.854 +0300] [34mDEBUG[39m: [36mPassword comparison result[39m
    [35memail[39m: "admin.1773369766577@test.com"
    [35mmatch[39m: true
[2026-03-13 05:42:46.854 +0300] [32mINFO[39m: [36mLogin successful[39m
    [35memail[39m: "admin.1773369766577@test.com"
    [35mrole[39m: "school_admin"
    [35mmappedRole[39m: "ADMIN"
[2026-03-13 05:42:46.856 +0300] [32mINFO[39m: [36mUser login successful[39m
    [35muserId[39m: "5605a320-65e1-4d8f-adb9-9e34809b9936"
    [35memail[39m: "admin.1773369766577@test.com"
    [35maudit[39m: true
    [35maction[39m: "LOGIN_SUCCESS"
[2026-03-13 05:42:46.857 +0300] [32mINFO[39m: [36mHTTP Request[39m
    [35mmethod[39m: "POST"
    [35murl[39m: "/api/auth/login"
    [35mstatus[39m: 200
    [35mduration[39m: "91ms"
[2026-03-13 05:42:46.884 +0300] [33mWARN[39m: [36mHTTP Request[39m
    [35mmethod[39m: "POST"
    [35murl[39m: "/api/school/students"
    [35mstatus[39m: 404
    [35mduration[39m: "16ms"
[2026-03-13 05:42:46.788 +0300] [34mDEBUG[39m: [36mUser lookup result[39m
    [35memail[39m: "admin.parent.1773369752251@test.com"
    [35mfound[39m: true
[2026-03-13 05:42:46.893 +0300] [34mDEBUG[39m: [36mPassword comparison result[39m
    [35memail[39m: "admin.parent.1773369752251@test.com"
    [35mmatch[39m: true
[2026-03-13 05:42:46.893 +0300] [32mINFO[39m: [36mLogin successful[39m
    [35memail[39m: "admin.parent.1773369752251@test.com"
    [35mrole[39m: "school_admin"
    [35mmappedRole[39m: "ADMIN"
[2026-03-13 05:42:46.896 +0300] [32mINFO[39m: [36mUser login successful[39m
    [35muserId[39m: "962dc6b8-e73d-46e3-917a-4f793aad7603"
    [35memail[39m: "admin.parent.1773369752251@test.com"
    [35maudit[39m: true
    [35maction[39m: "LOGIN_SUCCESS"
[2026-03-13 05:42:46.897 +0300] [32mINFO[39m: [36mHTTP Request[39m
    [35mmethod[39m: "POST"
    [35murl[39m: "/api/auth/login"
    [35mstatus[39m: 200
    [35mduration[39m: "112ms"
[2026-03-13 05:42:46.938 +0300] [32mINFO[39m: [36mSchool successfully onboarded via platform.[39m
    [35maction[39m: "onboard_school"
    [35mschoolId[39m: "b7fd4146-09bc-49b6-b22d-45fa0f79e6bd"
    [35madminId[39m: "95298646-ec29-4936-a365-a19cf38a1134"
[2026-03-13 05:42:46.939 +0300] [32mINFO[39m: [36mHTTP Request[39m
    [35mmethod[39m: "POST"
    [35murl[39m: "/api/platform/onboard-school"
    [35mstatus[39m: 200
    [35mduration[39m: "162ms"
[2026-03-13 05:42:46.950 +0300] [32mINFO[39m: [36mLogin attempt[39m
    [35memail[39m: "admin.stats.1773369751097@test.com"
[2026-03-13 05:42:47.013 +0300] [32mINFO[39m: [36mLogin attempt[39m
    [35memail[39m: "super.golden.1773369751639@test.com"
[2026-03-13 05:42:46.960 +0300] [34mDEBUG[39m: [36mUser lookup result[39m
    [35memail[39m: "admin.stats.1773369751097@test.com"
    [35mfound[39m: true
[2026-03-13 05:42:47.071 +0300] [32mINFO[39m: [36mHTTP Request[39m
    [35mmethod[39m: "POST"
    [35murl[39m: "/api/school/students"
    [35mstatus[39m: 201
    [35mduration[39m: "181ms"
[2026-03-13 05:42:47.097 +0300] [32mINFO[39m: [36mHTTP Request[39m
    [35mmethod[39m: "POST"
    [35murl[39m: "/api/school/students"
    [35mstatus[39m: 201
    [35mduration[39m: "192ms"
[2026-03-13 05:42:47.086 +0300] [34mDEBUG[39m: [36mPassword comparison result[39m
    [35memail[39m: "admin.stats.1773369751097@test.com"
    [35mmatch[39m: true
[2026-03-13 05:42:47.086 +0300] [32mINFO[39m: [36mLogin successful[39m
    [35memail[39m: "admin.stats.1773369751097@test.com"
    [35mrole[39m: "school_admin"
    [35mmappedRole[39m: "ADMIN"
[2026-03-13 05:42:47.087 +0300] [32mINFO[39m: [36mUser login successful[39m
    [35muserId[39m: "95298646-ec29-4936-a365-a19cf38a1134"
    [35memail[39m: "admin.stats.1773369751097@test.com"
    [35maudit[39m: true
    [35maction[39m: "LOGIN_SUCCESS"
[2026-03-13 05:42:47.088 +0300] [32mINFO[39m: [36mHTTP Request[39m
    [35mmethod[39m: "POST"
    [35murl[39m: "/api/auth/login"
    [35mstatus[39m: 200
    [35mduration[39m: "139ms"
[2026-03-13 05:42:47.019 +0300] [34mDEBUG[39m: [36mUser lookup result[39m
    [35memail[39m: "super.golden.1773369751639@test.com"
    [35mfound[39m: true
[2026-03-13 05:42:47.121 +0300] [32mINFO[39m: [36mBulk attendance submitted successfully[39m
    [35mclassId[39m: "7cad547f-5fc4-4c01-bf92-9df6f4355a58"
    [35mdate[39m: "2026-03-13"
    [35mcount[39m: 1
    [35muserId[39m: "962dc6b8-e73d-46e3-917a-4f793aad7603"
    [35mschoolId[39m: "f8167aaf-944e-4234-8bdb-a206e4163765"
    [35maudit[39m: true
    [35maction[39m: "ATTENDANCE_BULK_SUBMIT"
[2026-03-13 05:42:47.122 +0300] [32mINFO[39m: [36mHTTP Request[39m
    [35mmethod[39m: "POST"
    [35murl[39m: "/api/attendance/bulk"
    [35mstatus[39m: 200
    [35mduration[39m: "15ms"
[2026-03-13 05:42:47.128 +0300] [32mINFO[39m: [36mLogin attempt[39m
    [35memail[39m: "parent.golden.1773369766902@test.com"
[2026-03-13 05:42:47.121 +0300] [34mDEBUG[39m: [36mPassword comparison result[39m
    [35memail[39m: "super.golden.1773369751639@test.com"
    [35mmatch[39m: true
[2026-03-13 05:42:47.121 +0300] [32mINFO[39m: [36mLogin successful[39m
    [35memail[39m: "super.golden.1773369751639@test.com"
    [35mrole[39m: "super_admin"
    [35mmappedRole[39m: "SUPER_ADMIN"
[2026-03-13 05:42:47.122 +0300] [32mINFO[39m: [36mUser login successful[39m
    [35muserId[39m: "9a7350df-cc8e-453f-885c-724cc2103600"
    [35memail[39m: "super.golden.1773369751639@test.com"
    [35maudit[39m: true
    [35maction[39m: "LOGIN_SUCCESS"
[2026-03-13 05:42:47.124 +0300] [32mINFO[39m: [36mHTTP Request[39m
    [35mmethod[39m: "POST"
    [35murl[39m: "/api/auth/login"
    [35mstatus[39m: 200
    [35mduration[39m: "117ms"
[2026-03-13 05:42:47.130 +0300] [34mDEBUG[39m: [36mUser lookup result[39m
    [35memail[39m: "parent.golden.1773369766902@test.com"
    [35mfound[39m: true
[2026-03-13 05:42:47.226 +0300] [34mDEBUG[39m: [36mPassword comparison result[39m
    [35memail[39m: "parent.golden.1773369766902@test.com"
    [35mmatch[39m: true
[2026-03-13 05:42:47.226 +0300] [32mINFO[39m: [36mLogin successful[39m
    [35memail[39m: "parent.golden.1773369766902@test.com"
    [35mrole[39m: "parent"
    [35mmappedRole[39m: "PARENT"
[2026-03-13 05:42:47.227 +0300] [32mINFO[39m: [36mUser login successful[39m
    [35muserId[39m: "15a6bd05-c650-4297-b4d1-41c39d2961c5"
    [35memail[39m: "parent.golden.1773369766902@test.com"
    [35maudit[39m: true
    [35maction[39m: "LOGIN_SUCCESS"
[2026-03-13 05:42:47.227 +0300] [32mINFO[39m: [36mHTTP Request[39m
    [35mmethod[39m: "POST"
    [35murl[39m: "/api/auth/login"
    [35mstatus[39m: 200
    [35mduration[39m: "99ms"
[2026-03-13 05:42:47.252 +0300] [32mINFO[39m: [36mHTTP Request[39m
    [35mmethod[39m: "POST"
    [35murl[39m: "/api/school/students"
    [35mstatus[39m: 201
    [35mduration[39m: "153ms"
[2026-03-13 05:42:47.268 +0300] [32mINFO[39m: [36mHTTP Request[39m
    [35mmethod[39m: "GET"
    [35murl[39m: "/api/students/my-children"
    [35mstatus[39m: 200
    [35mduration[39m: "31ms"
[2026-03-13 05:42:47.277 +0300] [32mINFO[39m: [36mSchool successfully onboarded via platform.[39m
    [35maction[39m: "onboard_school"
    [35mschoolId[39m: "47a187db-8f35-4c0d-a053-9dfec663e7b0"
    [35madminId[39m: "e7aaeb56-bec3-4673-874b-8f3220695d7f"
[2026-03-13 05:42:47.278 +0300] [32mINFO[39m: [36mHTTP Request[39m
    [35mmethod[39m: "POST"
    [35murl[39m: "/api/platform/onboard-school"
    [35mstatus[39m: 200
    [35mduration[39m: "143ms"
[2026-03-13 05:42:47.289 +0300] [32mINFO[39m: [36mLogin attempt[39m
    [35memail[39m: "admin.1773369751639@goldenschool.com"
[2026-03-13 05:42:47.294 +0300] [32mINFO[39m: [36mHTTP Request[39m
    [35mmethod[39m: "GET"
    [35murl[39m: "/api/parent/attendance/47781cc9-7dd8-4583-b4b6-5f0806900b6e"
    [35mstatus[39m: 200
    [35mduration[39m: "14ms"
[2026-03-13 05:42:47.300 +0300] [32mINFO[39m: [36mHTTP Request[39m
    [35mmethod[39m: "GET"
    [35murl[39m: "/api/dashboard/admin-stats"
    [35mstatus[39m: 200
    [35mduration[39m: "42ms"
[2026-03-13 05:42:47.317 +0300] [32mINFO[39m: [36mHTTP Request[39m
    [35mmethod[39m: "GET"
    [35murl[39m: "/api/academics/homework?studentId=47781cc9-7dd8-4583-b4b6-5f0806900b6e"
    [35mstatus[39m: 200
    [35mduration[39m: "16ms"
[2026-03-13 05:42:47.347 +0300] [32mINFO[39m: [36mHTTP Request[39m
    [35mmethod[39m: "GET"
    [35murl[39m: "/api/parent/invoices/47781cc9-7dd8-4583-b4b6-5f0806900b6e"
    [35mstatus[39m: 200
    [35mduration[39m: "20ms"
[2026-03-13 05:42:47.292 +0300] [34mDEBUG[39m: [36mUser lookup result[39m
    [35memail[39m: "admin.1773369751639@goldenschool.com"
    [35mfound[39m: true
[2026-03-13 05:42:47.405 +0300] [34mDEBUG[39m: [36mPassword comparison result[39m
    [35memail[39m: "admin.1773369751639@goldenschool.com"
    [35mmatch[39m: true
[2026-03-13 05:42:47.405 +0300] [32mINFO[39m: [36mLogin successful[39m
    [35memail[39m: "admin.1773369751639@goldenschool.com"
    [35mrole[39m: "school_admin"
    [35mmappedRole[39m: "ADMIN"
[2026-03-13 05:42:47.406 +0300] [32mINFO[39m: [36mUser login successful[39m
    [35muserId[39m: "e7aaeb56-bec3-4673-874b-8f3220695d7f"
    [35memail[39m: "admin.1773369751639@goldenschool.com"
    [35maudit[39m: true
    [35maction[39m: "LOGIN_SUCCESS"
[2026-03-13 05:42:47.407 +0300] [32mINFO[39m: [36mHTTP Request[39m
    [35mmethod[39m: "POST"
    [35murl[39m: "/api/auth/login"
    [35mstatus[39m: 200
    [35mduration[39m: "120ms"
[2026-03-13 05:42:47.552 +0300] [32mINFO[39m: [36mHTTP Request[39m
    [35mmethod[39m: "POST"
    [35murl[39m: "/api/school/students"
    [35mstatus[39m: 201
    [35mduration[39m: "140ms"
[2026-03-13 05:42:47.598 +0300] [32mINFO[39m: [36mBulk attendance submitted successfully[39m
    [35mclassId[39m: "8fa1ee5c-96dd-4af7-9848-4682563f06db"
    [35mdate[39m: "2026-03-13"
    [35mcount[39m: 1
    [35muserId[39m: "e7aaeb56-bec3-4673-874b-8f3220695d7f"
    [35mschoolId[39m: "47a187db-8f35-4c0d-a053-9dfec663e7b0"
    [35maudit[39m: true
    [35maction[39m: "ATTENDANCE_BULK_SUBMIT"
[2026-03-13 05:42:47.599 +0300] [32mINFO[39m: [36mHTTP Request[39m
    [35mmethod[39m: "POST"
    [35murl[39m: "/api/attendance/bulk"
    [35mstatus[39m: 200
    [35mduration[39m: "41ms"
[2026-03-13 05:42:47.626 +0300] [32mINFO[39m: [36mHTTP Request[39m
    [35mmethod[39m: "GET"
    [35murl[39m: "/api/school/reports/overview"
    [35mstatus[39m: 200
    [35mduration[39m: "22ms"
PASS __tests__/create-s
tudent-notfound-class.t
est.js (18.771 s)
[2026-03-13 05:42:47.689 +0300] [32mINFO[39m: [36mHTTP Request[39m
    [35mmethod[39m: "POST"
    [35murl[39m: "/api/pos/items"
    [35mstatus[39m: 201
    [35mduration[39m: "57ms"
[2026-03-13 05:42:47.778 +0300] [32mINFO[39m: [36mHTTP Request[39m
    [35mmethod[39m: "POST"
    [35murl[39m: "/api/pos/orders"
    [35mstatus[39m: 201
    [35mduration[39m: "72ms"
[2026-03-13 05:42:47.825 +0300] [34mDEBUG[39m: [36mNo device tokens found. Skipping notification.[39m
    [35muserId[39m: "fc372292-13b5-4b19-8de8-a2ef5fe9ba7b"
ΓöîΓöÇΓöÇΓöÇΓöÇΓöÇΓöÇΓö
ÇΓöÇΓöÇΓöÇΓöÇΓöÇΓöÇΓöÇΓ
öÇΓöÇΓöÇΓöÇΓöÇΓöÇΓöÇΓöÇ
ΓöÇΓöÇΓöÇΓöÇΓöÇΓöÇΓöÇΓö
ÇΓöÇΓöÇΓöÇΓöÇΓöÇΓöÇΓöÇΓ
öÇΓöÇΓöÇΓöÇΓöÇΓöÇΓöÇΓöÇ
ΓöÇΓöÇΓöÇΓöÇΓöÇΓöÇΓöÇΓö
ÇΓöÇΓöÇΓöÇΓöÇΓöÉ
Γöé  Update available 
5.19.1 -> 7.5.0        
               Γöé
Γöé                    
                       
              Γöé
Γöé  This is a major 
update - please follow 
the guide at    Γöé
Γöé  https://pris.ly/d/
major-version-upgrade  
              Γöé
Γöé                    
                       
              Γöé
Γöé  Run the following 
to update              
              Γöé
Γöé    npm i 
--save-dev 
prisma@latest          
             Γöé
Γöé    npm i 
@prisma/client@latest  
                       
 Γöé
ΓööΓöÇΓöÇΓöÇΓöÇΓöÇΓöÇΓö
ÇΓöÇΓöÇΓöÇΓöÇΓöÇΓöÇΓöÇΓ
öÇΓöÇΓöÇΓöÇΓöÇΓöÇΓöÇΓöÇ
ΓöÇΓöÇΓöÇΓöÇΓöÇΓöÇΓöÇΓö
ÇΓöÇΓöÇΓöÇΓöÇΓöÇΓöÇΓöÇΓ
öÇΓöÇΓöÇΓöÇΓöÇΓöÇΓöÇΓöÇ
ΓöÇΓöÇΓöÇΓöÇΓöÇΓöÇΓöÇΓö
ÇΓöÇΓöÇΓöÇΓöÇΓöÿ
PASS __tests__/stats-st
udent-count.test.js 
(19.273 s)

Your database is now in sync with your Prisma schema. Done in 3.14s

PASS __tests__/golden-p
ath-parent.test.js 
(18.309 s)
PASS __tests__/golden-p
ath-admin.test.js 
(18.876 s)
[2026-03-13 05:42:48.399 +0300] [33mWARN[39m: [36mTwilio credentials not configured. SMS features disabled.[39m
[2026-03-13 05:42:48.435 +0300] [32mINFO[39m: [36mLoading Firebase credentials from local file...[39m
[2026-03-13 05:42:48.457 +0300] [32mINFO[39m: [36mFirebase Admin SDK initialized successfully.[39m
[2026-03-13 05:42:48.882 +0300] [32mINFO[39m: [36mLogin attempt[39m
    [35memail[39m: "super.1773369768700@test.com"
[2026-03-13 05:42:48.887 +0300] [34mDEBUG[39m: [36mUser lookup result[39m
    [35memail[39m: "super.1773369768700@test.com"
    [35mfound[39m: true
[2026-03-13 05:42:48.960 +0300] [34mDEBUG[39m: [36mPassword comparison result[39m
    [35memail[39m: "super.1773369768700@test.com"
    [35mmatch[39m: true
[2026-03-13 05:42:48.960 +0300] [32mINFO[39m: [36mLogin successful[39m
    [35memail[39m: "super.1773369768700@test.com"
    [35mrole[39m: "super_admin"
    [35mmappedRole[39m: "SUPER_ADMIN"
[2026-03-13 05:42:48.960 +0300] [32mINFO[39m: [36mUser login successful[39m
    [35muserId[39m: "c79d4462-77ee-46e0-9657-73664d16e38e"
    [35memail[39m: "super.1773369768700@test.com"
    [35maudit[39m: true
    [35maction[39m: "LOGIN_SUCCESS"
[2026-03-13 05:42:48.961 +0300] [32mINFO[39m: [36mHTTP Request[39m
    [35mmethod[39m: "POST"
    [35murl[39m: "/api/auth/login"
    [35mstatus[39m: 200
    [35mduration[39m: "83ms"
[2026-03-13 05:42:49.072 +0300] [32mINFO[39m: [36mSchool successfully onboarded via platform.[39m
    [35maction[39m: "onboard_school"
    [35mschoolId[39m: "926785c5-f80c-4bcd-bafa-b890d5b8b15f"
    [35madminId[39m: "e0ff18d9-95f5-41f5-a833-0ca680aa12de"
[2026-03-13 05:42:49.073 +0300] [32mINFO[39m: [36mHTTP Request[39m
    [35mmethod[39m: "POST"
    [35murl[39m: "/api/platform/onboard-school"
    [35mstatus[39m: 200
    [35mduration[39m: "106ms"
[2026-03-13 05:42:49.079 +0300] [32mINFO[39m: [36mLogin attempt[39m
    [35memail[39m: "admin.1773369768965@test.com"
[2026-03-13 05:42:49.082 +0300] [34mDEBUG[39m: [36mUser lookup result[39m
    [35memail[39m: "admin.1773369768965@test.com"
    [35mfound[39m: true
[2026-03-13 05:42:49.160 +0300] [34mDEBUG[39m: [36mPassword comparison result[39m
    [35memail[39m: "admin.1773369768965@test.com"
    [35mmatch[39m: true
[2026-03-13 05:42:49.160 +0300] [32mINFO[39m: [36mLogin successful[39m
    [35memail[39m: "admin.1773369768965@test.com"
    [35mrole[39m: "school_admin"
    [35mmappedRole[39m: "ADMIN"
[2026-03-13 05:42:49.160 +0300] [32mINFO[39m: [36mUser login successful[39m
    [35muserId[39m: "e0ff18d9-95f5-41f5-a833-0ca680aa12de"
    [35memail[39m: "admin.1773369768965@test.com"
    [35maudit[39m: true
    [35maction[39m: "LOGIN_SUCCESS"
[2026-03-13 05:42:49.161 +0300] [32mINFO[39m: [36mHTTP Request[39m
    [35mmethod[39m: "POST"
    [35murl[39m: "/api/auth/login"
    [35mstatus[39m: 200
    [35mduration[39m: "82ms"
[2026-03-13 05:42:49.278 +0300] [32mINFO[39m: [36mHTTP Request[39m
    [35mmethod[39m: "POST"
    [35murl[39m: "/api/school/students"
    [35mstatus[39m: 201
    [35mduration[39m: "112ms"
PASS __tests__/regressi
on-create-student-route
.test.js (19.956 s)
A worker process has 
failed to exit 
gracefully and has 
been force exited. 
This is likely caused 
by tests leaking due 
to improper teardown. 
Try running with 
--detectOpenHandles to 
find leaks. Active 
timers can also cause 
this, ensure that 
.unref() was called on 
them.

Summary of all failing 
tests
FAIL __tests__/finance.
test.js
  ΓùÅ Finance & POS 
Modules ΓÇ║ should 
allow a parent to top 
up their child wallet

    TypeError: Cannot 
read properties of 
null (reading 'id')

    [0m [90m 16 
|[39m         
adminToken [33m=[39m 
[36mawait[39m getAuth
Token([32m'principal@a
lmustaqbal.com'[39m[3
3m,[39m [32m'principa
lpassword'[39m)[33m;
[39m
     [90m 17 |[39m   
      [36mconst[39m 
student [33m=[39m 
[36mawait[39m prisma
[33m.[39mstudent[33m.
[39mfindFirst({ 
where[33m:[39m { 
fullName[33m:[39m 
[32m"Omar 
Haddad"[39m } 
})[33m;[39m
    [31m[1m>[22m[39
m[90m 18 |[39m       
  studentId 
[33m=[39m student[33
m.[39mid[33m;[39m
     [90m    |[39m   
                       
   [31m[1m^[22m[39m
     [90m 19 |[39m   
      [36mconst[39m 
sandwich [33m=[39m 
[36mawait[39m prisma
[33m.[39mcanteenItem[
33m.[39mfindFirst({ 
where[33m:[39m { 
name[33m:[39m 
[32m"Chicken 
Sandwich"[39m } 
})[33m;[39m
     [90m 20 |[39m   
      sandwichId 
[33m=[39m sandwich[3
3m.[39mid[33m;[39m
     [90m 21 |[39m   
  })[33m;[39m[0m

      at Object.id (__t
ests__/finance.test.js:
18:29)

  ΓùÅ Finance & POS 
Modules ΓÇ║ should 
allow an admin to 
create a POS order for 
a student

    TypeError: Cannot 
read properties of 
null (reading 'id')

    [0m [90m 16 
|[39m         
adminToken [33m=[39m 
[36mawait[39m getAuth
Token([32m'principal@a
lmustaqbal.com'[39m[3
3m,[39m [32m'principa
lpassword'[39m)[33m;
[39m
     [90m 17 |[39m   
      [36mconst[39m 
student [33m=[39m 
[36mawait[39m prisma
[33m.[39mstudent[33m.
[39mfindFirst({ 
where[33m:[39m { 
fullName[33m:[39m 
[32m"Omar 
Haddad"[39m } 
})[33m;[39m
    [31m[1m>[22m[39
m[90m 18 |[39m       
  studentId 
[33m=[39m student[33
m.[39mid[33m;[39m
     [90m    |[39m   
                       
   [31m[1m^[22m[39m
     [90m 19 |[39m   
      [36mconst[39m 
sandwich [33m=[39m 
[36mawait[39m prisma
[33m.[39mcanteenItem[
33m.[39mfindFirst({ 
where[33m:[39m { 
name[33m:[39m 
[32m"Chicken 
Sandwich"[39m } 
})[33m;[39m
     [90m 20 |[39m   
      sandwichId 
[33m=[39m sandwich[3
3m.[39mid[33m;[39m
     [90m 21 |[39m   
  })[33m;[39m[0m

      at Object.id (__t
ests__/finance.test.js:
18:29)

FAIL __tests__/academic
s.test.js
  ΓùÅ Academics Module 
ΓÇ║ should allow a 
teacher to add a grade 
to a homework

    TypeError: Cannot 
read properties of 
null (reading 'id')

    [0m [90m 14 
|[39m         
teacherToken 
[33m=[39m 
[36mawait[39m getAuth
Token([32m'teacher.ahm
ad@almustaqbal.com'[39
m[33m,[39m [32m'teac
herpassword'[39m)[33m
;[39m
     [90m 15 |[39m   
      [36mconst[39m 
student [33m=[39m 
[36mawait[39m prisma
[33m.[39mstudent[33m.
[39mfindFirst({ 
where[33m:[39m { 
fullName[33m:[39m 
[32m"Omar 
Haddad"[39m } 
})[33m;[39m
    [31m[1m>[22m[39
m[90m 16 |[39m       
  studentId 
[33m=[39m student[33
m.[39mid[33m;[39m
     [90m    |[39m   
                       
   [31m[1m^[22m[39m
     [90m 17 |[39m   
      [36mconst[39m 
homework [33m=[39m 
[36mawait[39m prisma
[33m.[39mhomework[33m
.[39mfindFirst({ 
where[33m:[39m { 
title[33m:[39m 
[32m"Math Homework 
Chapter 1"[39m } 
})[33m;[39m
     [90m 18 |[39m   
      homeworkId 
[33m=[39m homework[3
3m.[39mid[33m;[39m
     [90m 19 |[39m   
  })[33m;[39m[0m

      at Object.id (__t
ests__/academics.test.j
s:16:29)

  ΓùÅ Academics Module 
ΓÇ║ should allow a 
teacher to record 
attendance

    TypeError: Cannot 
read properties of 
null (reading 'id')

    [0m [90m 14 
|[39m         
teacherToken 
[33m=[39m 
[36mawait[39m getAuth
Token([32m'teacher.ahm
ad@almustaqbal.com'[39
m[33m,[39m [32m'teac
herpassword'[39m)[33m
;[39m
     [90m 15 |[39m   
      [36mconst[39m 
student [33m=[39m 
[36mawait[39m prisma
[33m.[39mstudent[33m.
[39mfindFirst({ 
where[33m:[39m { 
fullName[33m:[39m 
[32m"Omar 
Haddad"[39m } 
})[33m;[39m
    [31m[1m>[22m[39
m[90m 16 |[39m       
  studentId 
[33m=[39m student[33
m.[39mid[33m;[39m
     [90m    |[39m   
                       
   [31m[1m^[22m[39m
     [90m 17 |[39m   
      [36mconst[39m 
homework [33m=[39m 
[36mawait[39m prisma
[33m.[39mhomework[33m
.[39mfindFirst({ 
where[33m:[39m { 
title[33m:[39m 
[32m"Math Homework 
Chapter 1"[39m } 
})[33m;[39m
     [90m 18 |[39m   
      homeworkId 
[33m=[39m homework[3
3m.[39mid[33m;[39m
     [90m 19 |[39m   
  })[33m;[39m[0m

      at Object.id (__t
ests__/academics.test.j
s:16:29)

FAIL __tests__/observab
ility.test.js
  ΓùÅ Observability & 
Security Headers ΓÇ║ 
Strict Auth Rate 
Limiter ΓÇ║ should 
trigger 429 after 
limit is exceeded on 
login endpoint

    expect(received).to
Be(expected) // 
Object.is equality

    Expected: 429
    Received: 401

    [0m [90m 30 
|[39m             
[90m// Exceed the 
limit immediately[39m
     [90m 31 |[39m   
          
[36mconst[39m 
resThrottled 
[33m=[39m 
[36mawait[39m request
(app)[33m.[39mpost([
32m'/api/auth/login'[3
9m)[33m.[39msend({ 
email[33m:[39m [32m'
test@example.com'[39m
[33m,[39m 
password[33m:[39m 
[32m'password'[39m 
})[33m;[39m
    [31m[1m>[22m[39
m[90m 32 |[39m       
      expect(resThrottl
ed[33m.[39mstatusCode
)[33m.[39mtoBe([35m4
29[39m)[33m;[39m
     [90m    |[39m   
                       
                   
[31m[1m^[22m[39m
     [90m 33 |[39m   
          expect(resThr
ottled[33m.[39mbody[
33m.[39msuccess)[33m.
[39mtoBe([36mfalse[3
9m)[33m;[39m
     [90m 34 |[39m   
          expect(resThr
ottled[33m.[39mbody[
33m.[39merror[33m.[3
9mmessage)[33m.[39mto
Contain([32m'Too many 
attempts'[39m)[33m;[
39m
     [90m 35 |[39m   
      })[33m;[39m[0m

      at Object.toBe (_
_tests__/observability.
test.js:32:45)

FAIL src/__tests__/bus_
scenario.test.js
  ΓùÅ Bus Logistics 
Integration Test ΓÇ║ 
Full Morning Run 
Simulation

    expect(received).to
Be(expected) // 
Object.is equality

    Expected: 201
    Received: 401

    [0m [90m 101 
|[39m             
})[33m;[39m
     [90m 102 |[39m
    [31m[1m>[22m[39
m[90m 103 |[39m      
   expect(startRes[33m
.[39mstatusCode)[33m.
[39mtoBe([35m201[39m
)[33m;[39m
     [90m     |[39m  
                       
            
[31m[1m^[22m[39m
     [90m 104 |[39m  
       expect(startRes
[33m.[39mbody)[33m.[
39mtoHaveProperty([32m
'id'[39m)[33m;[39m
     [90m 105 |[39m  
       expect(startRes
[33m.[39mbody[33m.[3
9mstatus)[33m.[39mtoB
e([32m'active'[39m)[
33m;[39m
     [90m 106 |[39m  
       tripId 
[33m=[39m startRes[3
3m.[39mbody[33m.[39m
id[33m;[39m[0m

      at Object.toBe (s
rc/__tests__/bus_scenar
io.test.js:103:37)

  ΓùÅ Bus Logistics 
Integration Test ΓÇ║ 
Security Checks: 
Unauthorized Access

    expect(received).to
Be(expected) // 
Object.is equality

    Expected: 403
    Received: 401

    [0m [90m 169 
|[39m             
})[33m;[39m
     [90m 170 |[39m
    [31m[1m>[22m[39
m[90m 171 |[39m      
   expect(unauthorizedS
tart[33m.[39mstatusCo
de)[33m.[39mtoBe([35
m403[39m)[33m;[39m
     [90m     |[39m  
                       
                     
[31m[1m^[22m[39m
     [90m 172 |[39m
     [90m 173 |[39m  
       [90m// 2. 
Stranger tries to view 
student status[39m
     [90m 174 |[39m  
       [90m// Create 
a stranger 
parent[39m[0m

      at Object.toBe (s
rc/__tests__/bus_scenar
io.test.js:171:46)

FAIL 
__tests__/auth.test.js
  ΓùÅ Authentication 
Endpoints ΓÇ║ POST 
/api/users/login ΓÇ║ 
should log in 
successfully with 
correct credentials

    expect(received).to
Be(expected) // 
Object.is equality

    Expected: 200
    Received: 401

    [0m [90m 28 
|[39m                 
[33m.[39mpost([32m'/
api/users/login'[39m)
     [90m 29 |[39m   
              
[33m.[39msend({ 
email[33m:[39m [32m'
jawad.parent@email.com'
[39m[33m,[39m 
password[33m:[39m [3
2m'parentpassword'[39m
 })[33m;[39m
    [31m[1m>[22m[39
m[90m 30 |[39m       
      expect(response[
33m.[39mstatusCode)[3
3m.[39mtoBe([35m200[
39m)[33m;[39m
     [90m    |[39m   
                       
               
[31m[1m^[22m[39m
     [90m 31 |[39m   
          expect(respon
se[33m.[39mbody[33m.
[39msuccess)[33m.[39
mtoBe([36mtrue[39m)[
33m;[39m
     [90m 32 |[39m   
          expect(respon
se[33m.[39mbody[33m.
[39mdata)[33m.[39mto
HaveProperty([32m'toke
n'[39m)[33m;[39m
     [90m 33 |[39m   
      })[33m;[39m[0m

      at Object.toBe (_
_tests__/auth.test.js:3
0:41)

  ΓùÅ Authentication 
Endpoints ΓÇ║ POST 
/api/users/register 
ΓÇ║ should fail to 
register a user with 
an existing email

    expect(received).to
Be(expected) // 
Object.is equality

    Expected: 409
    Received: 201

    [0m [90m 49 
|[39m                 
[33m.[39mpost([32m'/
api/users/register'[39
m)
     [90m 50 |[39m   
              
[33m.[39msend({ 
fullName[33m:[39m 
[32m"Another 
User"[39m[33m,[39m 
email[33m:[39m [32m'
jawad.parent@email.com'
[39m[33m,[39m 
password[33m:[39m [3
2m"password123"[39m[3
3m,[39m 
role[33m:[39m 
[32m"parent"[39m 
})[33m;[39m
    [31m[1m>[22m[39
m[90m 51 |[39m       
      expect(response[
33m.[39mstatusCode)[3
3m.[39mtoBe([35m409[
39m)[33m;[39m
     [90m    |[39m   
                       
               
[31m[1m^[22m[39m
     [90m 52 |[39m   
          expect(respon
se[33m.[39mbody[33m.
[39msuccess)[33m.[39
mtoBe([36mfalse[39m)
[33m;[39m
     [90m 53 |[39m   
          expect(respon
se[33m.[39mbody[33m.
[39merror)[33m.[39mt
oHaveProperty([32m'mes
sage'[39m)[33m;[39m
     [90m 54 |[39m   
      })[33m;[39m[0m

      at Object.toBe (_
_tests__/auth.test.js:5
1:41)

FAIL __tests__/teacher-
scope.test.js
  ΓùÅ teacher can GET 
/api/teacher/classes 
and see assigned 
classes

    PrismaClientKnownRe
questError: 
    Invalid `prisma.hom
ework.create()` 
invocation in
    C:\Users\Pc\Downloa
ds\peek-school-system-b
ackend-main\peek-school
-system-backend-main\__
tests__\teacher-scope.t
est.js:91:38

      88 });
      89 
      90 // Create 
homework in the 
assignedClass
    ΓåÆ 91 const hw = 
await 
prisma.homework.create(
    The column 
`Homework.maxPoints` 
does not exist in the 
current database.

    [0m [90m 89 
|[39m
     [90m 90 |[39m   
  [90m// Create 
homework in the 
assignedClass[39m
    [31m[1m>[22m[39
m[90m 91 |[39m     
[36mconst[39m hw 
[33m=[39m 
[36mawait[39m prisma
[33m.[39mhomework[33m
.[39mcreate({
     [90m    |[39m   
             
[31m[1m^[22m[39m
     [90m 92 |[39m   
      data[33m:[39m 
{ title[33m:[39m [32
m`HW-${ts}`[39m[33m,
[39m 
classId[33m:[39m assi
gnedClass[33m.[39mid
[33m,[39m 
subjectId[33m:[39m su
bject[33m.[39mid[33m
,[39m 
dueDate[33m:[39m 
[36mnew[39m 
[33mDate[39m() }
     [90m 93 |[39m   
  })[33m;[39m
     [90m 94 |[39m   
  homeworkId 
[33m=[39m hw[33m.[3
9mid[33m;[39m[0m

      at 
Ln.handleRequestError (
node_modules/@prisma/cl
ient/runtime/library.js
:121:7753)
      at Ln.handleAndLo
gRequestError (node_mod
ules/@prisma/client/run
time/library.js:121:706
1)
      at Ln.request (no
de_modules/@prisma/clie
nt/runtime/library.js:1
21:6745)
      at l (node_module
s/@prisma/client/runtim
e/library.js:130:9633)
      at 
Object.<anonymous> (__t
ests__/teacher-scope.te
st.js:91:16)

  ΓùÅ teacher can GET 
students for their 
assigned class

    PrismaClientKnownRe
questError: 
    Invalid `prisma.hom
ework.create()` 
invocation in
    C:\Users\Pc\Downloa
ds\peek-school-system-b
ackend-main\peek-school
-system-backend-main\__
tests__\teacher-scope.t
est.js:91:38

      88 });
      89 
      90 // Create 
homework in the 
assignedClass
    ΓåÆ 91 const hw = 
await 
prisma.homework.create(
    The column 
`Homework.maxPoints` 
does not exist in the 
current database.

    [0m [90m 89 
|[39m
     [90m 90 |[39m   
  [90m// Create 
homework in the 
assignedClass[39m
    [31m[1m>[22m[39
m[90m 91 |[39m     
[36mconst[39m hw 
[33m=[39m 
[36mawait[39m prisma
[33m.[39mhomework[33m
.[39mcreate({
     [90m    |[39m   
             
[31m[1m^[22m[39m
     [90m 92 |[39m   
      data[33m:[39m 
{ title[33m:[39m [32
m`HW-${ts}`[39m[33m,
[39m 
classId[33m:[39m assi
gnedClass[33m.[39mid
[33m,[39m 
subjectId[33m:[39m su
bject[33m.[39mid[33m
,[39m 
dueDate[33m:[39m 
[36mnew[39m 
[33mDate[39m() }
     [90m 93 |[39m   
  })[33m;[39m
     [90m 94 |[39m   
  homeworkId 
[33m=[39m hw[33m.[3
9mid[33m;[39m[0m

      at 
Ln.handleRequestError (
node_modules/@prisma/cl
ient/runtime/library.js
:121:7753)
      at Ln.handleAndLo
gRequestError (node_mod
ules/@prisma/client/run
time/library.js:121:706
1)
      at Ln.request (no
de_modules/@prisma/clie
nt/runtime/library.js:1
21:6745)
      at l (node_module
s/@prisma/client/runtim
e/library.js:130:9633)
      at 
Object.<anonymous> (__t
ests__/teacher-scope.te
st.js:91:16)

  ΓùÅ teacher gets 403 
TEACHER_NOT_ASSIGNED 
when accessing 
unassigned class 
students

    PrismaClientKnownRe
questError: 
    Invalid `prisma.hom
ework.create()` 
invocation in
    C:\Users\Pc\Downloa
ds\peek-school-system-b
ackend-main\peek-school
-system-backend-main\__
tests__\teacher-scope.t
est.js:91:38

      88 });
      89 
      90 // Create 
homework in the 
assignedClass
    ΓåÆ 91 const hw = 
await 
prisma.homework.create(
    The column 
`Homework.maxPoints` 
does not exist in the 
current database.

    [0m [90m 89 
|[39m
     [90m 90 |[39m   
  [90m// Create 
homework in the 
assignedClass[39m
    [31m[1m>[22m[39
m[90m 91 |[39m     
[36mconst[39m hw 
[33m=[39m 
[36mawait[39m prisma
[33m.[39mhomework[33m
.[39mcreate({
     [90m    |[39m   
             
[31m[1m^[22m[39m
     [90m 92 |[39m   
      data[33m:[39m 
{ title[33m:[39m [32
m`HW-${ts}`[39m[33m,
[39m 
classId[33m:[39m assi
gnedClass[33m.[39mid
[33m,[39m 
subjectId[33m:[39m su
bject[33m.[39mid[33m
,[39m 
dueDate[33m:[39m 
[36mnew[39m 
[33mDate[39m() }
     [90m 93 |[39m   
  })[33m;[39m
     [90m 94 |[39m   
  homeworkId 
[33m=[39m hw[33m.[3
9mid[33m;[39m[0m

      at 
Ln.handleRequestError (
node_modules/@prisma/cl
ient/runtime/library.js
:121:7753)
      at Ln.handleAndLo
gRequestError (node_mod
ules/@prisma/client/run
time/library.js:121:706
1)
      at Ln.request (no
de_modules/@prisma/clie
nt/runtime/library.js:1
21:6745)
      at l (node_module
s/@prisma/client/runtim
e/library.js:130:9633)
      at 
Object.<anonymous> (__t
ests__/teacher-scope.te
st.js:91:16)

  ΓùÅ teacher gets 403 
TEACHER_NOT_ASSIGNED 
when submitting 
attendance for 
unassigned class

    PrismaClientKnownRe
questError: 
    Invalid `prisma.hom
ework.create()` 
invocation in
    C:\Users\Pc\Downloa
ds\peek-school-system-b
ackend-main\peek-school
-system-backend-main\__
tests__\teacher-scope.t
est.js:91:38

      88 });
      89 
      90 // Create 
homework in the 
assignedClass
    ΓåÆ 91 const hw = 
await 
prisma.homework.create(
    The column 
`Homework.maxPoints` 
does not exist in the 
current database.

    [0m [90m 89 
|[39m
     [90m 90 |[39m   
  [90m// Create 
homework in the 
assignedClass[39m
    [31m[1m>[22m[39
m[90m 91 |[39m     
[36mconst[39m hw 
[33m=[39m 
[36mawait[39m prisma
[33m.[39mhomework[33m
.[39mcreate({
     [90m    |[39m   
             
[31m[1m^[22m[39m
     [90m 92 |[39m   
      data[33m:[39m 
{ title[33m:[39m [32
m`HW-${ts}`[39m[33m,
[39m 
classId[33m:[39m assi
gnedClass[33m.[39mid
[33m,[39m 
subjectId[33m:[39m su
bject[33m.[39mid[33m
,[39m 
dueDate[33m:[39m 
[36mnew[39m 
[33mDate[39m() }
     [90m 93 |[39m   
  })[33m;[39m
     [90m 94 |[39m   
  homeworkId 
[33m=[39m hw[33m.[3
9mid[33m;[39m[0m

      at 
Ln.handleRequestError (
node_modules/@prisma/cl
ient/runtime/library.js
:121:7753)
      at Ln.handleAndLo
gRequestError (node_mod
ules/@prisma/client/run
time/library.js:121:706
1)
      at Ln.request (no
de_modules/@prisma/clie
nt/runtime/library.js:1
21:6745)
      at l (node_module
s/@prisma/client/runtim
e/library.js:130:9633)
      at 
Object.<anonymous> (__t
ests__/teacher-scope.te
st.js:91:16)

  ΓùÅ teacher gets 403 
TEACHER_NOT_ASSIGNED 
when submitting marks 
for unassigned exam 
schedule

    PrismaClientKnownRe
questError: 
    Invalid `prisma.hom
ework.create()` 
invocation in
    C:\Users\Pc\Downloa
ds\peek-school-system-b
ackend-main\peek-school
-system-backend-main\__
tests__\teacher-scope.t
est.js:91:38

      88 });
      89 
      90 // Create 
homework in the 
assignedClass
    ΓåÆ 91 const hw = 
await 
prisma.homework.create(
    The column 
`Homework.maxPoints` 
does not exist in the 
current database.

    [0m [90m 89 
|[39m
     [90m 90 |[39m   
  [90m// Create 
homework in the 
assignedClass[39m
    [31m[1m>[22m[39
m[90m 91 |[39m     
[36mconst[39m hw 
[33m=[39m 
[36mawait[39m prisma
[33m.[39mhomework[33m
.[39mcreate({
     [90m    |[39m   
             
[31m[1m^[22m[39m
     [90m 92 |[39m   
      data[33m:[39m 
{ title[33m:[39m [32
m`HW-${ts}`[39m[33m,
[39m 
classId[33m:[39m assi
gnedClass[33m.[39mid
[33m,[39m 
subjectId[33m:[39m su
bject[33m.[39mid[33m
,[39m 
dueDate[33m:[39m 
[36mnew[39m 
[33mDate[39m() }
     [90m 93 |[39m   
  })[33m;[39m
     [90m 94 |[39m   
  homeworkId 
[33m=[39m hw[33m.[3
9mid[33m;[39m[0m

      at 
Ln.handleRequestError (
node_modules/@prisma/cl
ient/runtime/library.js
:121:7753)
      at Ln.handleAndLo
gRequestError (node_mod
ules/@prisma/client/run
time/library.js:121:706
1)
      at Ln.request (no
de_modules/@prisma/clie
nt/runtime/library.js:1
21:6745)
      at l (node_module
s/@prisma/client/runtim
e/library.js:130:9633)
      at 
Object.<anonymous> (__t
ests__/teacher-scope.te
st.js:91:16)

  ΓùÅ teacher gets 403 
TEACHER_NOT_ASSIGNED 
when grading homework 
for unassigned class

    PrismaClientKnownRe
questError: 
    Invalid `prisma.hom
ework.create()` 
invocation in
    C:\Users\Pc\Downloa
ds\peek-school-system-b
ackend-main\peek-school
-system-backend-main\__
tests__\teacher-scope.t
est.js:91:38

      88 });
      89 
      90 // Create 
homework in the 
assignedClass
    ΓåÆ 91 const hw = 
await 
prisma.homework.create(
    The column 
`Homework.maxPoints` 
does not exist in the 
current database.

    [0m [90m 89 
|[39m
     [90m 90 |[39m   
  [90m// Create 
homework in the 
assignedClass[39m
    [31m[1m>[22m[39
m[90m 91 |[39m     
[36mconst[39m hw 
[33m=[39m 
[36mawait[39m prisma
[33m.[39mhomework[33m
.[39mcreate({
     [90m    |[39m   
             
[31m[1m^[22m[39m
     [90m 92 |[39m   
      data[33m:[39m 
{ title[33m:[39m [32
m`HW-${ts}`[39m[33m,
[39m 
classId[33m:[39m assi
gnedClass[33m.[39mid
[33m,[39m 
subjectId[33m:[39m su
bject[33m.[39mid[33m
,[39m 
dueDate[33m:[39m 
[36mnew[39m 
[33mDate[39m() }
     [90m 93 |[39m   
  })[33m;[39m
     [90m 94 |[39m   
  homeworkId 
[33m=[39m hw[33m.[3
9mid[33m;[39m[0m

      at 
Ln.handleRequestError (
node_modules/@prisma/cl
ient/runtime/library.js
:121:7753)
      at Ln.handleAndLo
gRequestError (node_mod
ules/@prisma/client/run
time/library.js:121:706
1)
      at Ln.request (no
de_modules/@prisma/clie
nt/runtime/library.js:1
21:6745)
      at l (node_module
s/@prisma/client/runtim
e/library.js:130:9633)
      at 
Object.<anonymous> (__t
ests__/teacher-scope.te
st.js:91:16)

FAIL __tests__/teacher-
exams-view.test.js 
(5.26 s)
  ΓùÅ Teacher-scoped 
Exam View ΓÇ║ from/to 
date filter ΓåÆ 
invalid format 
rejected with 400

    expect(received).to
Be(expected) // 
Object.is equality

    Expected: 400
    Received: 500

    [0m [90m 137 
|[39m             [33
m.[39m[36mset[39m([
32m'Authorization'[39m
[33m,[39m 
[32m`Bearer ${teacherT
oken}`[39m)[33m;[39m
     [90m 138 |[39m
    [31m[1m>[22m[39
m[90m 139 |[39m      
   expect(res[33m.[39
mstatus)[33m.[39mtoBe
([35m400[39m)[33m;[
39m
     [90m     |[39m  
                       
   [31m[1m^[22m[39m
     [90m 140 |[39m  
       expect(res[33m.
[39mbody[33m?[39m[3
3m.[39merror[33m?[39
m[33m.[39mcode)[33m.
[39mtoBe([32m'VALIDAT
ION_ERROR'[39m)[33m;
[39m
     [90m 141 |[39m  
   })[33m;[39m
     [90m 142 
|[39m[0m

      at Object.toBe (_
_tests__/teacher-exams-
view.test.js:139:28)

  ΓùÅ Teacher-scoped 
Exam View ΓÇ║ invalid 
UUID scheduleId 
rejected with 400

    expect(received).to
Be(expected) // 
Object.is equality

    Expected: 400
    Received: 500

    [0m [90m 180 
|[39m             [33
m.[39m[36mset[39m([
32m'Authorization'[39m
[33m,[39m 
[32m`Bearer ${teacherT
oken}`[39m)[33m;[39m
     [90m 181 |[39m
    [31m[1m>[22m[39
m[90m 182 |[39m      
   expect(res[33m.[39
mstatus)[33m.[39mtoBe
([35m400[39m)[33m;[
39m
     [90m     |[39m  
                       
   [31m[1m^[22m[39m
     [90m 183 |[39m  
       expect(res[33m.
[39mbody[33m?[39m[3
3m.[39merror[33m?[39
m[33m.[39mcode)[33m.
[39mtoBe([32m'VALIDAT
ION_ERROR'[39m)[33m;
[39m
     [90m 184 |[39m  
   })[33m;[39m
     [90m 185 
|[39m[0m

      at Object.toBe (_
_tests__/teacher-exams-
view.test.js:182:28)

FAIL __tests__/mvp-smok
e.test.js (5.542 s)
  ΓùÅ Flow 1: Auth 
Login ΓÇ║ ADMIN login 
returns correct shape 
and role

    expect(received).to
HaveProperty(path)

    Expected path: 
"message"
    Received path: []

    Received value: 
{"data": {"token": "eyJ
hbGciOiJIUzI1NiIsInR5cC
I6IkpXVCJ9.eyJ1c2VySWQi
OiJiOTMxOWQxNC04MTA5LTQ
0OGUtOGQ2My00NzMxYjg3ZG
U4OTgiLCJlbWFpbCI6ImFkb
WluQHBlZWsuY29tIiwicm9s
ZSI6IkFETUlOIiwic2Nob29
sSWQiOiJhMGVmMDZhYy0yNz
Y4LTQ0MzYtODA1Yy0xZWQwM
TAzZTRkMDgiLCJpYXQiOjE3
NzMzNjk3NDgsImV4cCI6MTc
3MzQ1NjE0OH0.GMmJzN9ACA
DOxz3QZoRqVrcw5okaL_X2f
S3mFhhh3Zs", "user": 
{"email": 
"admin@peek.com", 
"fullName": "School 
Admin", "id": "b9319d14
-8109-448e-8d63-4731b87
de898", "role": 
"ADMIN", "schoolId": "a
0ef06ac-2768-4436-805c-
1ed0103e4d08"}}, 
"success": true}

    [0m [90m 30 
|[39m         
[36mconst[39m res 
[33m=[39m 
[36mawait[39m login(
[32m'admin@peek.com'[3
9m)[33m;[39m
     [90m 31 |[39m   
      expect(res[33m.
[39mstatus)[33m.[39mt
oBe([35m200[39m)[33m
;[39m
    [31m[1m>[22m[39
m[90m 32 |[39m       
  expect(res[33m.[39m
body)[33m.[39mtoHaveP
roperty([32m'message'
[39m)[33m;[39m
     [90m    |[39m   
                       
[31m[1m^[22m[39m
     [90m 33 |[39m   
      expect(res[33m.
[39mbody)[33m.[39mtoH
aveProperty([32m'token
'[39m)[33m;[39m
     [90m 34 |[39m   
      expect(res[33m.
[39mbody[33m.[39muser
)[33m.[39mtoMatchObje
ct({
     [90m 35 |[39m   
          
role[33m:[39m [32m'A
DMIN'[39m[33m,[39m[
0m

      at 
Object.toHaveProperty (
__tests__/mvp-smoke.tes
t.js:32:26)

  ΓùÅ Flow 1: Auth 
Login ΓÇ║ TEACHER 
login returns correct 
shape and role

    TypeError: Cannot 
read properties of 
undefined (reading 
'role')

    [0m [90m 46 
|[39m         
[36mconst[39m res 
[33m=[39m 
[36mawait[39m login(
[32m'teacher@peek.com'
[39m)[33m;[39m
     [90m 47 |[39m   
      expect(res[33m.
[39mstatus)[33m.[39mt
oBe([35m200[39m)[33m
;[39m
    [31m[1m>[22m[39
m[90m 48 |[39m       
  expect(res[33m.[39m
body[33m.[39muser[33
m.[39mrole)[33m.[39m
toBe([32m'TEACHER'[39
m)[33m;[39m
     [90m    |[39m   
                       
    
[31m[1m^[22m[39m
     [90m 49 |[39m   
      expect(res[33m.
[39mbody[33m.[39muser
)[33m.[39mtoHavePrope
rty([32m'schoolId'[39
m)[33m;[39m
     [90m 50 |[39m   
      teacherToken 
[33m=[39m res[33m.[
39mbody[33m.[39mtoken
[33m;[39m
     [90m 51 |[39m   
      teacherUser 
[33m=[39m res[33m.[
39mbody[33m.[39muser
[33m;[39m[0m

      at Object.role (_
_tests__/mvp-smoke.test
.js:48:30)

  ΓùÅ Flow 1: Auth 
Login ΓÇ║ PARENT login 
returns correct shape 
and role

    TypeError: Cannot 
read properties of 
undefined (reading 
'role')

    [0m [90m 55 
|[39m         
[36mconst[39m res 
[33m=[39m 
[36mawait[39m login(
[32m'parent@peek.com'[
39m)[33m;[39m
     [90m 56 |[39m   
      expect(res[33m.
[39mstatus)[33m.[39mt
oBe([35m200[39m)[33m
;[39m
    [31m[1m>[22m[39
m[90m 57 |[39m       
  expect(res[33m.[39m
body[33m.[39muser[33
m.[39mrole)[33m.[39m
toBe([32m'PARENT'[39m
)[33m;[39m
     [90m    |[39m   
                       
    
[31m[1m^[22m[39m
     [90m 58 |[39m   
      parentToken 
[33m=[39m res[33m.[
39mbody[33m.[39mtoken
[33m;[39m
     [90m 59 |[39m   
      parentUser 
[33m=[39m res[33m.[
39mbody[33m.[39muser
[33m;[39m
     [90m 60 |[39m   
  })[33m;[39m[0m

      at Object.role (_
_tests__/mvp-smoke.test
.js:57:30)

  ΓùÅ Flow 2: Classes 
CRUD + RBAC ΓÇ║ ADMIN 
can GET 
/api/school/classes

    TypeError: Cannot 
read properties of 
undefined (reading 
'schoolId')

    [0m [90m 105 
|[39m         [90m// 
Find seed academic 
year by querying 
admin's school[39m
     [90m 106 |[39m  
       [36mconst[39m 
ay [33m=[39m 
[36mawait[39m prisma
[33m.[39macademicYear
[33m.[39mfindFirst({
    [31m[1m>[22m[39
m[90m 107 |[39m      
       
where[33m:[39m { 
schoolId[33m:[39m adm
inUser[33m.[39mschool
Id }[33m,[39m
     [90m     |[39m  
                       
                 
[31m[1m^[22m[39m
     [90m 108 |[39m  
       })[33m;[39m
     [90m 109 |[39m  
       
schoolAcademicYearId 
[33m=[39m ay[33m?[3
9m[33m.[39mid[33m;[
39m
     [90m 110 |[39m  
   })[33m;[39m[0m

      at 
Object.schoolId (__test
s__/mvp-smoke.test.js:1
07:42)

  ΓùÅ Flow 2: Classes 
CRUD + RBAC ΓÇ║ ADMIN 
can POST 
/api/school/classes

    TypeError: Cannot 
read properties of 
undefined (reading 
'schoolId')

    [0m [90m 105 
|[39m         [90m// 
Find seed academic 
year by querying 
admin's school[39m
     [90m 106 |[39m  
       [36mconst[39m 
ay [33m=[39m 
[36mawait[39m prisma
[33m.[39macademicYear
[33m.[39mfindFirst({
    [31m[1m>[22m[39
m[90m 107 |[39m      
       
where[33m:[39m { 
schoolId[33m:[39m adm
inUser[33m.[39mschool
Id }[33m,[39m
     [90m     |[39m  
                       
                 
[31m[1m^[22m[39m
     [90m 108 |[39m  
       })[33m;[39m
     [90m 109 |[39m  
       
schoolAcademicYearId 
[33m=[39m ay[33m?[3
9m[33m.[39mid[33m;[
39m
     [90m 110 |[39m  
   })[33m;[39m[0m

      at 
Object.schoolId (__test
s__/mvp-smoke.test.js:1
07:42)

  ΓùÅ Flow 2: Classes 
CRUD + RBAC ΓÇ║ ADMIN 
can PUT /api/school/cla
sses/:classId

    TypeError: Cannot 
read properties of 
undefined (reading 
'schoolId')

    [0m [90m 105 
|[39m         [90m// 
Find seed academic 
year by querying 
admin's school[39m
     [90m 106 |[39m  
       [36mconst[39m 
ay [33m=[39m 
[36mawait[39m prisma
[33m.[39macademicYear
[33m.[39mfindFirst({
    [31m[1m>[22m[39
m[90m 107 |[39m      
       
where[33m:[39m { 
schoolId[33m:[39m adm
inUser[33m.[39mschool
Id }[33m,[39m
     [90m     |[39m  
                       
                 
[31m[1m^[22m[39m
     [90m 108 |[39m  
       })[33m;[39m
     [90m 109 |[39m  
       
schoolAcademicYearId 
[33m=[39m ay[33m?[3
9m[33m.[39mid[33m;[
39m
     [90m 110 |[39m  
   })[33m;[39m[0m

      at 
Object.schoolId (__test
s__/mvp-smoke.test.js:1
07:42)

  ΓùÅ Flow 2: Classes 
CRUD + RBAC ΓÇ║ ADMIN 
can DELETE /api/school/
classes/:classId

    TypeError: Cannot 
read properties of 
undefined (reading 
'schoolId')

    [0m [90m 105 
|[39m         [90m// 
Find seed academic 
year by querying 
admin's school[39m
     [90m 106 |[39m  
       [36mconst[39m 
ay [33m=[39m 
[36mawait[39m prisma
[33m.[39macademicYear
[33m.[39mfindFirst({
    [31m[1m>[22m[39
m[90m 107 |[39m      
       
where[33m:[39m { 
schoolId[33m:[39m adm
inUser[33m.[39mschool
Id }[33m,[39m
     [90m     |[39m  
                       
                 
[31m[1m^[22m[39m
     [90m 108 |[39m  
       })[33m;[39m
     [90m 109 |[39m  
       
schoolAcademicYearId 
[33m=[39m ay[33m?[3
9m[33m.[39mid[33m;[
39m
     [90m 110 |[39m  
   })[33m;[39m[0m

      at 
Object.schoolId (__test
s__/mvp-smoke.test.js:1
07:42)

  ΓùÅ Flow 2: Classes 
CRUD + RBAC ΓÇ║ POST 
class with missing 
name returns 400

    TypeError: Cannot 
read properties of 
undefined (reading 
'schoolId')

    [0m [90m 105 
|[39m         [90m// 
Find seed academic 
year by querying 
admin's school[39m
     [90m 106 |[39m  
       [36mconst[39m 
ay [33m=[39m 
[36mawait[39m prisma
[33m.[39macademicYear
[33m.[39mfindFirst({
    [31m[1m>[22m[39
m[90m 107 |[39m      
       
where[33m:[39m { 
schoolId[33m:[39m adm
inUser[33m.[39mschool
Id }[33m,[39m
     [90m     |[39m  
                       
                 
[31m[1m^[22m[39m
     [90m 108 |[39m  
       })[33m;[39m
     [90m 109 |[39m  
       
schoolAcademicYearId 
[33m=[39m ay[33m?[3
9m[33m.[39mid[33m;[
39m
     [90m 110 |[39m  
   })[33m;[39m[0m

      at 
Object.schoolId (__test
s__/mvp-smoke.test.js:1
07:42)

  ΓùÅ Flow 2: Classes 
CRUD + RBAC ΓÇ║ 
TEACHER cannot POST 
class (403)

    TypeError: Cannot 
read properties of 
undefined (reading 
'schoolId')

    [0m [90m 105 
|[39m         [90m// 
Find seed academic 
year by querying 
admin's school[39m
     [90m 106 |[39m  
       [36mconst[39m 
ay [33m=[39m 
[36mawait[39m prisma
[33m.[39macademicYear
[33m.[39mfindFirst({
    [31m[1m>[22m[39
m[90m 107 |[39m      
       
where[33m:[39m { 
schoolId[33m:[39m adm
inUser[33m.[39mschool
Id }[33m,[39m
     [90m     |[39m  
                       
                 
[31m[1m^[22m[39m
     [90m 108 |[39m  
       })[33m;[39m
     [90m 109 |[39m  
       
schoolAcademicYearId 
[33m=[39m ay[33m?[3
9m[33m.[39mid[33m;[
39m
     [90m 110 |[39m  
   })[33m;[39m[0m

      at 
Object.schoolId (__test
s__/mvp-smoke.test.js:1
07:42)

  ΓùÅ Flow 2: Classes 
CRUD + RBAC ΓÇ║ 
TEACHER cannot PUT 
class (403)

    TypeError: Cannot 
read properties of 
undefined (reading 
'schoolId')

    [0m [90m 105 
|[39m         [90m// 
Find seed academic 
year by querying 
admin's school[39m
     [90m 106 |[39m  
       [36mconst[39m 
ay [33m=[39m 
[36mawait[39m prisma
[33m.[39macademicYear
[33m.[39mfindFirst({
    [31m[1m>[22m[39
m[90m 107 |[39m      
       
where[33m:[39m { 
schoolId[33m:[39m adm
inUser[33m.[39mschool
Id }[33m,[39m
     [90m     |[39m  
                       
                 
[31m[1m^[22m[39m
     [90m 108 |[39m  
       })[33m;[39m
     [90m 109 |[39m  
       
schoolAcademicYearId 
[33m=[39m ay[33m?[3
9m[33m.[39mid[33m;[
39m
     [90m 110 |[39m  
   })[33m;[39m[0m

      at 
Object.schoolId (__test
s__/mvp-smoke.test.js:1
07:42)

  ΓùÅ Flow 2: Classes 
CRUD + RBAC ΓÇ║ 
TEACHER cannot DELETE 
class (403)

    TypeError: Cannot 
read properties of 
undefined (reading 
'schoolId')

    [0m [90m 105 
|[39m         [90m// 
Find seed academic 
year by querying 
admin's school[39m
     [90m 106 |[39m  
       [36mconst[39m 
ay [33m=[39m 
[36mawait[39m prisma
[33m.[39macademicYear
[33m.[39mfindFirst({
    [31m[1m>[22m[39
m[90m 107 |[39m      
       
where[33m:[39m { 
schoolId[33m:[39m adm
inUser[33m.[39mschool
Id }[33m,[39m
     [90m     |[39m  
                       
                 
[31m[1m^[22m[39m
     [90m 108 |[39m  
       })[33m;[39m
     [90m 109 |[39m  
       
schoolAcademicYearId 
[33m=[39m ay[33m?[3
9m[33m.[39mid[33m;[
39m
     [90m 110 |[39m  
   })[33m;[39m[0m

      at 
Object.schoolId (__test
s__/mvp-smoke.test.js:1
07:42)

  ΓùÅ Flow 2: Classes 
CRUD + RBAC ΓÇ║ PARENT 
cannot GET classes 
(403)

    TypeError: Cannot 
read properties of 
undefined (reading 
'schoolId')

    [0m [90m 105 
|[39m         [90m// 
Find seed academic 
year by querying 
admin's school[39m
     [90m 106 |[39m  
       [36mconst[39m 
ay [33m=[39m 
[36mawait[39m prisma
[33m.[39macademicYear
[33m.[39mfindFirst({
    [31m[1m>[22m[39
m[90m 107 |[39m      
       
where[33m:[39m { 
schoolId[33m:[39m adm
inUser[33m.[39mschool
Id }[33m,[39m
     [90m     |[39m  
                       
                 
[31m[1m^[22m[39m
     [90m 108 |[39m  
       })[33m;[39m
     [90m 109 |[39m  
       
schoolAcademicYearId 
[33m=[39m ay[33m?[3
9m[33m.[39mid[33m;[
39m
     [90m 110 |[39m  
   })[33m;[39m[0m

      at 
Object.schoolId (__test
s__/mvp-smoke.test.js:1
07:42)

  ΓùÅ Flow 2: Classes 
CRUD + RBAC ΓÇ║ PARENT 
cannot POST class (403)

    TypeError: Cannot 
read properties of 
undefined (reading 
'schoolId')

    [0m [90m 105 
|[39m         [90m// 
Find seed academic 
year by querying 
admin's school[39m
     [90m 106 |[39m  
       [36mconst[39m 
ay [33m=[39m 
[36mawait[39m prisma
[33m.[39macademicYear
[33m.[39mfindFirst({
    [31m[1m>[22m[39
m[90m 107 |[39m      
       
where[33m:[39m { 
schoolId[33m:[39m adm
inUser[33m.[39mschool
Id }[33m,[39m
     [90m     |[39m  
                       
                 
[31m[1m^[22m[39m
     [90m 108 |[39m  
       })[33m;[39m
     [90m 109 |[39m  
       
schoolAcademicYearId 
[33m=[39m ay[33m?[3
9m[33m.[39mid[33m;[
39m
     [90m 110 |[39m  
   })[33m;[39m[0m

      at 
Object.schoolId (__test
s__/mvp-smoke.test.js:1
07:42)

  ΓùÅ Flow 2: Classes 
CRUD + RBAC ΓÇ║ 
Non-existent classId 
returns 404 on PUT

    TypeError: Cannot 
read properties of 
undefined (reading 
'schoolId')

    [0m [90m 105 
|[39m         [90m// 
Find seed academic 
year by querying 
admin's school[39m
     [90m 106 |[39m  
       [36mconst[39m 
ay [33m=[39m 
[36mawait[39m prisma
[33m.[39macademicYear
[33m.[39mfindFirst({
    [31m[1m>[22m[39
m[90m 107 |[39m      
       
where[33m:[39m { 
schoolId[33m:[39m adm
inUser[33m.[39mschool
Id }[33m,[39m
     [90m     |[39m  
                       
                 
[31m[1m^[22m[39m
     [90m 108 |[39m  
       })[33m;[39m
     [90m 109 |[39m  
       
schoolAcademicYearId 
[33m=[39m ay[33m?[3
9m[33m.[39mid[33m;[
39m
     [90m 110 |[39m  
   })[33m;[39m[0m

      at 
Object.schoolId (__test
s__/mvp-smoke.test.js:1
07:42)

  ΓùÅ Flow 2: Classes 
CRUD + RBAC ΓÇ║ 
Non-existent classId 
returns 404 on DELETE

    TypeError: Cannot 
read properties of 
undefined (reading 
'schoolId')

    [0m [90m 105 
|[39m         [90m// 
Find seed academic 
year by querying 
admin's school[39m
     [90m 106 |[39m  
       [36mconst[39m 
ay [33m=[39m 
[36mawait[39m prisma
[33m.[39macademicYear
[33m.[39mfindFirst({
    [31m[1m>[22m[39
m[90m 107 |[39m      
       
where[33m:[39m { 
schoolId[33m:[39m adm
inUser[33m.[39mschool
Id }[33m,[39m
     [90m     |[39m  
                       
                 
[31m[1m^[22m[39m
     [90m 108 |[39m  
       })[33m;[39m
     [90m 109 |[39m  
       
schoolAcademicYearId 
[33m=[39m ay[33m?[3
9m[33m.[39mid[33m;[
39m
     [90m 110 |[39m  
   })[33m;[39m[0m

      at 
Object.schoolId (__test
s__/mvp-smoke.test.js:1
07:42)

  ΓùÅ Flow 3: Teacher 
Attendance ΓÇ║ TEACHER 
can GET /api/academics/
classes/:classId/studen
ts

    TypeError: Cannot 
read properties of 
undefined (reading 
'schoolId')

    [0m [90m 266 
|[39m         
[36mif[39m ([33m![3
9mseedClassId) {
     [90m 267 |[39m  
           
[36mconst[39m cls 
[33m=[39m 
[36mawait[39m prisma
[33m.[39m[36mclass[3
9m[33m.[39mfindFirst(
{
    [31m[1m>[22m[39
m[90m 268 |[39m      
           
where[33m:[39m { acad
emicYear[33m:[39m { 
schoolId[33m:[39m adm
inUser[33m.[39mschool
Id } }[33m,[39m
     [90m     |[39m  
                       
                       
              
[31m[1m^[22m[39m
     [90m 269 |[39m  
           
})[33m;[39m
     [90m 270 |[39m  
           seedClassId 
[33m=[39m cls[33m?[
39m[33m.[39mid[33m;
[39m
     [90m 271 |[39m  
       }[0m

      at 
Object.schoolId (__test
s__/mvp-smoke.test.js:2
68:62)

  ΓùÅ Flow 3: Teacher 
Attendance ΓÇ║ TEACHER 
can POST 
/api/attendance/bulk 
with valid payload

    TypeError: Cannot 
read properties of 
undefined (reading 
'schoolId')

    [0m [90m 266 
|[39m         
[36mif[39m ([33m![3
9mseedClassId) {
     [90m 267 |[39m  
           
[36mconst[39m cls 
[33m=[39m 
[36mawait[39m prisma
[33m.[39m[36mclass[3
9m[33m.[39mfindFirst(
{
    [31m[1m>[22m[39
m[90m 268 |[39m      
           
where[33m:[39m { acad
emicYear[33m:[39m { 
schoolId[33m:[39m adm
inUser[33m.[39mschool
Id } }[33m,[39m
     [90m     |[39m  
                       
                       
              
[31m[1m^[22m[39m
     [90m 269 |[39m  
           
})[33m;[39m
     [90m 270 |[39m  
           seedClassId 
[33m=[39m cls[33m?[
39m[33m.[39mid[33m;
[39m
     [90m 271 |[39m  
       }[0m

      at 
Object.schoolId (__test
s__/mvp-smoke.test.js:2
68:62)

  ΓùÅ Flow 3: Teacher 
Attendance ΓÇ║ 
Uppercase status 
"ABSENT" with reason 
is accepted 
(normalized)

    TypeError: Cannot 
read properties of 
undefined (reading 
'schoolId')

    [0m [90m 266 
|[39m         
[36mif[39m ([33m![3
9mseedClassId) {
     [90m 267 |[39m  
           
[36mconst[39m cls 
[33m=[39m 
[36mawait[39m prisma
[33m.[39m[36mclass[3
9m[33m.[39mfindFirst(
{
    [31m[1m>[22m[39
m[90m 268 |[39m      
           
where[33m:[39m { acad
emicYear[33m:[39m { 
schoolId[33m:[39m adm
inUser[33m.[39mschool
Id } }[33m,[39m
     [90m     |[39m  
                       
                       
              
[31m[1m^[22m[39m
     [90m 269 |[39m  
           
})[33m;[39m
     [90m 270 |[39m  
           seedClassId 
[33m=[39m cls[33m?[
39m[33m.[39mid[33m;
[39m
     [90m 271 |[39m  
       }[0m

      at 
Object.schoolId (__test
s__/mvp-smoke.test.js:2
68:62)

  ΓùÅ Flow 3: Teacher 
Attendance ΓÇ║ Non-ISO 
date format returns 400

    TypeError: Cannot 
read properties of 
undefined (reading 
'schoolId')

    [0m [90m 266 
|[39m         
[36mif[39m ([33m![3
9mseedClassId) {
     [90m 267 |[39m  
           
[36mconst[39m cls 
[33m=[39m 
[36mawait[39m prisma
[33m.[39m[36mclass[3
9m[33m.[39mfindFirst(
{
    [31m[1m>[22m[39
m[90m 268 |[39m      
           
where[33m:[39m { acad
emicYear[33m:[39m { 
schoolId[33m:[39m adm
inUser[33m.[39mschool
Id } }[33m,[39m
     [90m     |[39m  
                       
                       
              
[31m[1m^[22m[39m
     [90m 269 |[39m  
           
})[33m;[39m
     [90m 270 |[39m  
           seedClassId 
[33m=[39m cls[33m?[
39m[33m.[39mid[33m;
[39m
     [90m 271 |[39m  
       }[0m

      at 
Object.schoolId (__test
s__/mvp-smoke.test.js:2
68:62)

  ΓùÅ Flow 3: Teacher 
Attendance ΓÇ║ Invalid 
status "here" returns 
400

    TypeError: Cannot 
read properties of 
undefined (reading 
'schoolId')

    [0m [90m 266 
|[39m         
[36mif[39m ([33m![3
9mseedClassId) {
     [90m 267 |[39m  
           
[36mconst[39m cls 
[33m=[39m 
[36mawait[39m prisma
[33m.[39m[36mclass[3
9m[33m.[39mfindFirst(
{
    [31m[1m>[22m[39
m[90m 268 |[39m      
           
where[33m:[39m { acad
emicYear[33m:[39m { 
schoolId[33m:[39m adm
inUser[33m.[39mschool
Id } }[33m,[39m
     [90m     |[39m  
                       
                       
              
[31m[1m^[22m[39m
     [90m 269 |[39m  
           
})[33m;[39m
     [90m 270 |[39m  
           seedClassId 
[33m=[39m cls[33m?[
39m[33m.[39mid[33m;
[39m
     [90m 271 |[39m  
       }[0m

      at 
Object.schoolId (__test
s__/mvp-smoke.test.js:2
68:62)

  ΓùÅ Flow 3: Teacher 
Attendance ΓÇ║ Invalid 
alphanumeric date 
returns 400

    TypeError: Cannot 
read properties of 
undefined (reading 
'schoolId')

    [0m [90m 266 
|[39m         
[36mif[39m ([33m![3
9mseedClassId) {
     [90m 267 |[39m  
           
[36mconst[39m cls 
[33m=[39m 
[36mawait[39m prisma
[33m.[39m[36mclass[3
9m[33m.[39mfindFirst(
{
    [31m[1m>[22m[39
m[90m 268 |[39m      
           
where[33m:[39m { acad
emicYear[33m:[39m { 
schoolId[33m:[39m adm
inUser[33m.[39mschool
Id } }[33m,[39m
     [90m     |[39m  
                       
                       
              
[31m[1m^[22m[39m
     [90m 269 |[39m  
           
})[33m;[39m
     [90m 270 |[39m  
           seedClassId 
[33m=[39m cls[33m?[
39m[33m.[39mid[33m;
[39m
     [90m 271 |[39m  
       }[0m

      at 
Object.schoolId (__test
s__/mvp-smoke.test.js:2
68:62)

  ΓùÅ Flow 3: Teacher 
Attendance ΓÇ║ Empty 
records array returns 
400

    TypeError: Cannot 
read properties of 
undefined (reading 
'schoolId')

    [0m [90m 266 
|[39m         
[36mif[39m ([33m![3
9mseedClassId) {
     [90m 267 |[39m  
           
[36mconst[39m cls 
[33m=[39m 
[36mawait[39m prisma
[33m.[39m[36mclass[3
9m[33m.[39mfindFirst(
{
    [31m[1m>[22m[39
m[90m 268 |[39m      
           
where[33m:[39m { acad
emicYear[33m:[39m { 
schoolId[33m:[39m adm
inUser[33m.[39mschool
Id } }[33m,[39m
     [90m     |[39m  
                       
                       
              
[31m[1m^[22m[39m
     [90m 269 |[39m  
           
})[33m;[39m
     [90m 270 |[39m  
           seedClassId 
[33m=[39m cls[33m?[
39m[33m.[39mid[33m;
[39m
     [90m 271 |[39m  
       }[0m

      at 
Object.schoolId (__test
s__/mvp-smoke.test.js:2
68:62)

  ΓùÅ Flow 3: Teacher 
Attendance ΓÇ║ Missing 
studentId in record 
returns 400

    TypeError: Cannot 
read properties of 
undefined (reading 
'schoolId')

    [0m [90m 266 
|[39m         
[36mif[39m ([33m![3
9mseedClassId) {
     [90m 267 |[39m  
           
[36mconst[39m cls 
[33m=[39m 
[36mawait[39m prisma
[33m.[39m[36mclass[3
9m[33m.[39mfindFirst(
{
    [31m[1m>[22m[39
m[90m 268 |[39m      
           
where[33m:[39m { acad
emicYear[33m:[39m { 
schoolId[33m:[39m adm
inUser[33m.[39mschool
Id } }[33m,[39m
     [90m     |[39m  
                       
                       
              
[31m[1m^[22m[39m
     [90m 269 |[39m  
           
})[33m;[39m
     [90m 270 |[39m  
           seedClassId 
[33m=[39m cls[33m?[
39m[33m.[39mid[33m;
[39m
     [90m 271 |[39m  
       }[0m

      at 
Object.schoolId (__test
s__/mvp-smoke.test.js:2
68:62)

  ΓùÅ Flow 3: Teacher 
Attendance ΓÇ║ TEACHER 
can read back 
attendance ensuring 
UPSERT caught the 
ABSENT overwrite

    TypeError: Cannot 
read properties of 
undefined (reading 
'schoolId')

    [0m [90m 266 
|[39m         
[36mif[39m ([33m![3
9mseedClassId) {
     [90m 267 |[39m  
           
[36mconst[39m cls 
[33m=[39m 
[36mawait[39m prisma
[33m.[39m[36mclass[3
9m[33m.[39mfindFirst(
{
    [31m[1m>[22m[39
m[90m 268 |[39m      
           
where[33m:[39m { acad
emicYear[33m:[39m { 
schoolId[33m:[39m adm
inUser[33m.[39mschool
Id } }[33m,[39m
     [90m     |[39m  
                       
                       
              
[31m[1m^[22m[39m
     [90m 269 |[39m  
           
})[33m;[39m
     [90m 270 |[39m  
           seedClassId 
[33m=[39m cls[33m?[
39m[33m.[39mid[33m;
[39m
     [90m 271 |[39m  
       }[0m

      at 
Object.schoolId (__test
s__/mvp-smoke.test.js:2
68:62)

  ΓùÅ Flow 3: Teacher 
Attendance ΓÇ║ PARENT 
cannot POST 
/api/attendance/bulk 
(403)

    TypeError: Cannot 
read properties of 
undefined (reading 
'schoolId')

    [0m [90m 266 
|[39m         
[36mif[39m ([33m![3
9mseedClassId) {
     [90m 267 |[39m  
           
[36mconst[39m cls 
[33m=[39m 
[36mawait[39m prisma
[33m.[39m[36mclass[3
9m[33m.[39mfindFirst(
{
    [31m[1m>[22m[39
m[90m 268 |[39m      
           
where[33m:[39m { acad
emicYear[33m:[39m { 
schoolId[33m:[39m adm
inUser[33m.[39mschool
Id } }[33m,[39m
     [90m     |[39m  
                       
                       
              
[31m[1m^[22m[39m
     [90m 269 |[39m  
           
})[33m;[39m
     [90m 270 |[39m  
           seedClassId 
[33m=[39m cls[33m?[
39m[33m.[39mid[33m;
[39m
     [90m 271 |[39m  
       }[0m

      at 
Object.schoolId (__test
s__/mvp-smoke.test.js:2
68:62)

FAIL __tests__/teacher-
homework-grades.test.js
  ΓùÅ Teacher-scoped 
Homework Grades ΓÇ║ 
teacher can fetch 
grades roster for 
assigned homework

    PrismaClientKnownRe
questError: 
    Invalid `prisma.hom
ework.create()` 
invocation in
    C:\Users\Pc\Downloa
ds\peek-school-system-b
ackend-main\peek-school
-system-backend-main\__
tests__\teacher-homewor
k-grades.test.js:89:25

      86 // Note: use 
raw SQL to set 
maxPoints because the 
Prisma client may be 
cached
      87 // from 
before the schema 
migration while the 
DLL is locked by other 
test runners.
      88 const [hw, 
hwNoMax] = await 
Promise.all([
    ΓåÆ 89     
prisma.homework.create(
    The column 
`Homework.maxPoints` 
does not exist in the 
current database.

    [0m [90m 86 
|[39m     [90m// 
Note: use raw SQL to 
set maxPoints because 
the Prisma client may 
be cached[39m
     [90m 87 |[39m   
  [90m// from before 
the schema migration 
while the DLL is 
locked by other test 
runners.[39m
    [31m[1m>[22m[39
m[90m 88 |[39m     
[36mconst[39m 
[hw[33m,[39m 
hwNoMax] [33m=[39m 
[36mawait[39m [33mPr
omise[39m[33m.[39mal
l([
     [90m    |[39m   
                       
 [31m[1m^[22m[39m
     [90m 89 |[39m   
      prisma[33m.[39m
homework[33m.[39mcrea
te({ data[33m:[39m { 
title[33m:[39m [32m`
HW-${ts}`[39m[33m,[3
9m classId[33m:[39m c
ls1[33m.[39mid[33m,
[39m 
subjectId[33m,[39m 
dueDate[33m:[39m 
[36mnew[39m 
[33mDate[39m() } 
})[33m,[39m
     [90m 90 |[39m   
      prisma[33m.[39m
homework[33m.[39mcrea
te({ data[33m:[39m { 
title[33m:[39m [32m`
HW2-${ts}`[39m[33m,[
39m classId[33m:[39m 
cls1[33m.[39mid[33m,
[39m 
subjectId[33m,[39m 
dueDate[33m:[39m 
[36mnew[39m 
[33mDate[39m() } })
     [90m 91 |[39m   
  ])[33m;[39m[0m

      at 
Ln.handleRequestError (
node_modules/@prisma/cl
ient/runtime/library.js
:121:7753)
      at Ln.handleAndLo
gRequestError (node_mod
ules/@prisma/client/run
time/library.js:121:706
1)
      at Ln.request (no
de_modules/@prisma/clie
nt/runtime/library.js:1
21:6745)
      at l (node_module
s/@prisma/client/runtim
e/library.js:130:9633)
          at async 
Promise.all (index 0)
      at 
Object.<anonymous> (__t
ests__/teacher-homework
-grades.test.js:88:27)

  ΓùÅ Teacher-scoped 
Homework Grades ΓÇ║ 
teacher cannot fetch 
grades roster for 
unassigned homework 
ΓåÆ 403

    PrismaClientKnownRe
questError: 
    Invalid `prisma.hom
ework.create()` 
invocation in
    C:\Users\Pc\Downloa
ds\peek-school-system-b
ackend-main\peek-school
-system-backend-main\__
tests__\teacher-homewor
k-grades.test.js:89:25

      86 // Note: use 
raw SQL to set 
maxPoints because the 
Prisma client may be 
cached
      87 // from 
before the schema 
migration while the 
DLL is locked by other 
test runners.
      88 const [hw, 
hwNoMax] = await 
Promise.all([
    ΓåÆ 89     
prisma.homework.create(
    The column 
`Homework.maxPoints` 
does not exist in the 
current database.

    [0m [90m 86 
|[39m     [90m// 
Note: use raw SQL to 
set maxPoints because 
the Prisma client may 
be cached[39m
     [90m 87 |[39m   
  [90m// from before 
the schema migration 
while the DLL is 
locked by other test 
runners.[39m
    [31m[1m>[22m[39
m[90m 88 |[39m     
[36mconst[39m 
[hw[33m,[39m 
hwNoMax] [33m=[39m 
[36mawait[39m [33mPr
omise[39m[33m.[39mal
l([
     [90m    |[39m   
                       
 [31m[1m^[22m[39m
     [90m 89 |[39m   
      prisma[33m.[39m
homework[33m.[39mcrea
te({ data[33m:[39m { 
title[33m:[39m [32m`
HW-${ts}`[39m[33m,[3
9m classId[33m:[39m c
ls1[33m.[39mid[33m,
[39m 
subjectId[33m,[39m 
dueDate[33m:[39m 
[36mnew[39m 
[33mDate[39m() } 
})[33m,[39m
     [90m 90 |[39m   
      prisma[33m.[39m
homework[33m.[39mcrea
te({ data[33m:[39m { 
title[33m:[39m [32m`
HW2-${ts}`[39m[33m,[
39m classId[33m:[39m 
cls1[33m.[39mid[33m,
[39m 
subjectId[33m,[39m 
dueDate[33m:[39m 
[36mnew[39m 
[33mDate[39m() } })
     [90m 91 |[39m   
  ])[33m;[39m[0m

      at 
Ln.handleRequestError (
node_modules/@prisma/cl
ient/runtime/library.js
:121:7753)
      at Ln.handleAndLo
gRequestError (node_mod
ules/@prisma/client/run
time/library.js:121:706
1)
      at Ln.request (no
de_modules/@prisma/clie
nt/runtime/library.js:1
21:6745)
      at l (node_module
s/@prisma/client/runtim
e/library.js:130:9633)
          at async 
Promise.all (index 0)
      at 
Object.<anonymous> (__t
ests__/teacher-homework
-grades.test.js:88:27)

  ΓùÅ Teacher-scoped 
Homework Grades ΓÇ║ 
teacher can submit 
grades for assigned 
homework

    PrismaClientKnownRe
questError: 
    Invalid `prisma.hom
ework.create()` 
invocation in
    C:\Users\Pc\Downloa
ds\peek-school-system-b
ackend-main\peek-school
-system-backend-main\__
tests__\teacher-homewor
k-grades.test.js:89:25

      86 // Note: use 
raw SQL to set 
maxPoints because the 
Prisma client may be 
cached
      87 // from 
before the schema 
migration while the 
DLL is locked by other 
test runners.
      88 const [hw, 
hwNoMax] = await 
Promise.all([
    ΓåÆ 89     
prisma.homework.create(
    The column 
`Homework.maxPoints` 
does not exist in the 
current database.

    [0m [90m 86 
|[39m     [90m// 
Note: use raw SQL to 
set maxPoints because 
the Prisma client may 
be cached[39m
     [90m 87 |[39m   
  [90m// from before 
the schema migration 
while the DLL is 
locked by other test 
runners.[39m
    [31m[1m>[22m[39
m[90m 88 |[39m     
[36mconst[39m 
[hw[33m,[39m 
hwNoMax] [33m=[39m 
[36mawait[39m [33mPr
omise[39m[33m.[39mal
l([
     [90m    |[39m   
                       
 [31m[1m^[22m[39m
     [90m 89 |[39m   
      prisma[33m.[39m
homework[33m.[39mcrea
te({ data[33m:[39m { 
title[33m:[39m [32m`
HW-${ts}`[39m[33m,[3
9m classId[33m:[39m c
ls1[33m.[39mid[33m,
[39m 
subjectId[33m,[39m 
dueDate[33m:[39m 
[36mnew[39m 
[33mDate[39m() } 
})[33m,[39m
     [90m 90 |[39m   
      prisma[33m.[39m
homework[33m.[39mcrea
te({ data[33m:[39m { 
title[33m:[39m [32m`
HW2-${ts}`[39m[33m,[
39m classId[33m:[39m 
cls1[33m.[39mid[33m,
[39m 
subjectId[33m,[39m 
dueDate[33m:[39m 
[36mnew[39m 
[33mDate[39m() } })
     [90m 91 |[39m   
  ])[33m;[39m[0m

      at 
Ln.handleRequestError (
node_modules/@prisma/cl
ient/runtime/library.js
:121:7753)
      at Ln.handleAndLo
gRequestError (node_mod
ules/@prisma/client/run
time/library.js:121:706
1)
      at Ln.request (no
de_modules/@prisma/clie
nt/runtime/library.js:1
21:6745)
      at l (node_module
s/@prisma/client/runtim
e/library.js:130:9633)
          at async 
Promise.all (index 0)
      at 
Object.<anonymous> (__t
ests__/teacher-homework
-grades.test.js:88:27)

  ΓùÅ Teacher-scoped 
Homework Grades ΓÇ║ 
submitted grade 
appears in subsequent 
roster fetch

    PrismaClientKnownRe
questError: 
    Invalid `prisma.hom
ework.create()` 
invocation in
    C:\Users\Pc\Downloa
ds\peek-school-system-b
ackend-main\peek-school
-system-backend-main\__
tests__\teacher-homewor
k-grades.test.js:89:25

      86 // Note: use 
raw SQL to set 
maxPoints because the 
Prisma client may be 
cached
      87 // from 
before the schema 
migration while the 
DLL is locked by other 
test runners.
      88 const [hw, 
hwNoMax] = await 
Promise.all([
    ΓåÆ 89     
prisma.homework.create(
    The column 
`Homework.maxPoints` 
does not exist in the 
current database.

    [0m [90m 86 
|[39m     [90m// 
Note: use raw SQL to 
set maxPoints because 
the Prisma client may 
be cached[39m
     [90m 87 |[39m   
  [90m// from before 
the schema migration 
while the DLL is 
locked by other test 
runners.[39m
    [31m[1m>[22m[39
m[90m 88 |[39m     
[36mconst[39m 
[hw[33m,[39m 
hwNoMax] [33m=[39m 
[36mawait[39m [33mPr
omise[39m[33m.[39mal
l([
     [90m    |[39m   
                       
 [31m[1m^[22m[39m
     [90m 89 |[39m   
      prisma[33m.[39m
homework[33m.[39mcrea
te({ data[33m:[39m { 
title[33m:[39m [32m`
HW-${ts}`[39m[33m,[3
9m classId[33m:[39m c
ls1[33m.[39mid[33m,
[39m 
subjectId[33m,[39m 
dueDate[33m:[39m 
[36mnew[39m 
[33mDate[39m() } 
})[33m,[39m
     [90m 90 |[39m   
      prisma[33m.[39m
homework[33m.[39mcrea
te({ data[33m:[39m { 
title[33m:[39m [32m`
HW2-${ts}`[39m[33m,[
39m classId[33m:[39m 
cls1[33m.[39mid[33m,
[39m 
subjectId[33m,[39m 
dueDate[33m:[39m 
[36mnew[39m 
[33mDate[39m() } })
     [90m 91 |[39m   
  ])[33m;[39m[0m

      at 
Ln.handleRequestError (
node_modules/@prisma/cl
ient/runtime/library.js
:121:7753)
      at Ln.handleAndLo
gRequestError (node_mod
ules/@prisma/client/run
time/library.js:121:706
1)
      at Ln.request (no
de_modules/@prisma/clie
nt/runtime/library.js:1
21:6745)
      at l (node_module
s/@prisma/client/runtim
e/library.js:130:9633)
          at async 
Promise.all (index 0)
      at 
Object.<anonymous> (__t
ests__/teacher-homework
-grades.test.js:88:27)

  ΓùÅ Teacher-scoped 
Homework Grades ΓÇ║ 
teacher cannot submit 
grades for unassigned 
homework ΓåÆ 403

    PrismaClientKnownRe
questError: 
    Invalid `prisma.hom
ework.create()` 
invocation in
    C:\Users\Pc\Downloa
ds\peek-school-system-b
ackend-main\peek-school
-system-backend-main\__
tests__\teacher-homewor
k-grades.test.js:89:25

      86 // Note: use 
raw SQL to set 
maxPoints because the 
Prisma client may be 
cached
      87 // from 
before the schema 
migration while the 
DLL is locked by other 
test runners.
      88 const [hw, 
hwNoMax] = await 
Promise.all([
    ΓåÆ 89     
prisma.homework.create(
    The column 
`Homework.maxPoints` 
does not exist in the 
current database.

    [0m [90m 86 
|[39m     [90m// 
Note: use raw SQL to 
set maxPoints because 
the Prisma client may 
be cached[39m
     [90m 87 |[39m   
  [90m// from before 
the schema migration 
while the DLL is 
locked by other test 
runners.[39m
    [31m[1m>[22m[39
m[90m 88 |[39m     
[36mconst[39m 
[hw[33m,[39m 
hwNoMax] [33m=[39m 
[36mawait[39m [33mPr
omise[39m[33m.[39mal
l([
     [90m    |[39m   
                       
 [31m[1m^[22m[39m
     [90m 89 |[39m   
      prisma[33m.[39m
homework[33m.[39mcrea
te({ data[33m:[39m { 
title[33m:[39m [32m`
HW-${ts}`[39m[33m,[3
9m classId[33m:[39m c
ls1[33m.[39mid[33m,
[39m 
subjectId[33m,[39m 
dueDate[33m:[39m 
[36mnew[39m 
[33mDate[39m() } 
})[33m,[39m
     [90m 90 |[39m   
      prisma[33m.[39m
homework[33m.[39mcrea
te({ data[33m:[39m { 
title[33m:[39m [32m`
HW2-${ts}`[39m[33m,[
39m classId[33m:[39m 
cls1[33m.[39mid[33m,
[39m 
subjectId[33m,[39m 
dueDate[33m:[39m 
[36mnew[39m 
[33mDate[39m() } })
     [90m 91 |[39m   
  ])[33m;[39m[0m

      at 
Ln.handleRequestError (
node_modules/@prisma/cl
ient/runtime/library.js
:121:7753)
      at Ln.handleAndLo
gRequestError (node_mod
ules/@prisma/client/run
time/library.js:121:706
1)
      at Ln.request (no
de_modules/@prisma/clie
nt/runtime/library.js:1
21:6745)
      at l (node_module
s/@prisma/client/runtim
e/library.js:130:9633)
          at async 
Promise.all (index 0)
      at 
Object.<anonymous> (__t
ests__/teacher-homework
-grades.test.js:88:27)

  ΓùÅ Teacher-scoped 
Homework Grades ΓÇ║ 
grade > maxPoints 
rejected with 400 
VALIDATION_ERROR

    PrismaClientKnownRe
questError: 
    Invalid `prisma.hom
ework.create()` 
invocation in
    C:\Users\Pc\Downloa
ds\peek-school-system-b
ackend-main\peek-school
-system-backend-main\__
tests__\teacher-homewor
k-grades.test.js:89:25

      86 // Note: use 
raw SQL to set 
maxPoints because the 
Prisma client may be 
cached
      87 // from 
before the schema 
migration while the 
DLL is locked by other 
test runners.
      88 const [hw, 
hwNoMax] = await 
Promise.all([
    ΓåÆ 89     
prisma.homework.create(
    The column 
`Homework.maxPoints` 
does not exist in the 
current database.

    [0m [90m 86 
|[39m     [90m// 
Note: use raw SQL to 
set maxPoints because 
the Prisma client may 
be cached[39m
     [90m 87 |[39m   
  [90m// from before 
the schema migration 
while the DLL is 
locked by other test 
runners.[39m
    [31m[1m>[22m[39
m[90m 88 |[39m     
[36mconst[39m 
[hw[33m,[39m 
hwNoMax] [33m=[39m 
[36mawait[39m [33mPr
omise[39m[33m.[39mal
l([
     [90m    |[39m   
                       
 [31m[1m^[22m[39m
     [90m 89 |[39m   
      prisma[33m.[39m
homework[33m.[39mcrea
te({ data[33m:[39m { 
title[33m:[39m [32m`
HW-${ts}`[39m[33m,[3
9m classId[33m:[39m c
ls1[33m.[39mid[33m,
[39m 
subjectId[33m,[39m 
dueDate[33m:[39m 
[36mnew[39m 
[33mDate[39m() } 
})[33m,[39m
     [90m 90 |[39m   
      prisma[33m.[39m
homework[33m.[39mcrea
te({ data[33m:[39m { 
title[33m:[39m [32m`
HW2-${ts}`[39m[33m,[
39m classId[33m:[39m 
cls1[33m.[39mid[33m,
[39m 
subjectId[33m,[39m 
dueDate[33m:[39m 
[36mnew[39m 
[33mDate[39m() } })
     [90m 91 |[39m   
  ])[33m;[39m[0m

      at 
Ln.handleRequestError (
node_modules/@prisma/cl
ient/runtime/library.js
:121:7753)
      at Ln.handleAndLo
gRequestError (node_mod
ules/@prisma/client/run
time/library.js:121:706
1)
      at Ln.request (no
de_modules/@prisma/clie
nt/runtime/library.js:1
21:6745)
      at l (node_module
s/@prisma/client/runtim
e/library.js:130:9633)
          at async 
Promise.all (index 0)
      at 
Object.<anonymous> (__t
ests__/teacher-homework
-grades.test.js:88:27)

  ΓùÅ Teacher-scoped 
Homework Grades ΓÇ║ 
grade without 
maxPoints cap accepted

    PrismaClientKnownRe
questError: 
    Invalid `prisma.hom
ework.create()` 
invocation in
    C:\Users\Pc\Downloa
ds\peek-school-system-b
ackend-main\peek-school
-system-backend-main\__
tests__\teacher-homewor
k-grades.test.js:89:25

      86 // Note: use 
raw SQL to set 
maxPoints because the 
Prisma client may be 
cached
      87 // from 
before the schema 
migration while the 
DLL is locked by other 
test runners.
      88 const [hw, 
hwNoMax] = await 
Promise.all([
    ΓåÆ 89     
prisma.homework.create(
    The column 
`Homework.maxPoints` 
does not exist in the 
current database.

    [0m [90m 86 
|[39m     [90m// 
Note: use raw SQL to 
set maxPoints because 
the Prisma client may 
be cached[39m
     [90m 87 |[39m   
  [90m// from before 
the schema migration 
while the DLL is 
locked by other test 
runners.[39m
    [31m[1m>[22m[39
m[90m 88 |[39m     
[36mconst[39m 
[hw[33m,[39m 
hwNoMax] [33m=[39m 
[36mawait[39m [33mPr
omise[39m[33m.[39mal
l([
     [90m    |[39m   
                       
 [31m[1m^[22m[39m
     [90m 89 |[39m   
      prisma[33m.[39m
homework[33m.[39mcrea
te({ data[33m:[39m { 
title[33m:[39m [32m`
HW-${ts}`[39m[33m,[3
9m classId[33m:[39m c
ls1[33m.[39mid[33m,
[39m 
subjectId[33m,[39m 
dueDate[33m:[39m 
[36mnew[39m 
[33mDate[39m() } 
})[33m,[39m
     [90m 90 |[39m   
      prisma[33m.[39m
homework[33m.[39mcrea
te({ data[33m:[39m { 
title[33m:[39m [32m`
HW2-${ts}`[39m[33m,[
39m classId[33m:[39m 
cls1[33m.[39mid[33m,
[39m 
subjectId[33m,[39m 
dueDate[33m:[39m 
[36mnew[39m 
[33mDate[39m() } })
     [90m 91 |[39m   
  ])[33m;[39m[0m

      at 
Ln.handleRequestError (
node_modules/@prisma/cl
ient/runtime/library.js
:121:7753)
      at Ln.handleAndLo
gRequestError (node_mod
ules/@prisma/client/run
time/library.js:121:706
1)
      at Ln.request (no
de_modules/@prisma/clie
nt/runtime/library.js:1
21:6745)
      at l (node_module
s/@prisma/client/runtim
e/library.js:130:9633)
          at async 
Promise.all (index 0)
      at 
Object.<anonymous> (__t
ests__/teacher-homework
-grades.test.js:88:27)

  ΓùÅ Teacher-scoped 
Homework Grades ΓÇ║ 
empty grades array 
rejected with 400 
VALIDATION_ERROR

    PrismaClientKnownRe
questError: 
    Invalid `prisma.hom
ework.create()` 
invocation in
    C:\Users\Pc\Downloa
ds\peek-school-system-b
ackend-main\peek-school
-system-backend-main\__
tests__\teacher-homewor
k-grades.test.js:89:25

      86 // Note: use 
raw SQL to set 
maxPoints because the 
Prisma client may be 
cached
      87 // from 
before the schema 
migration while the 
DLL is locked by other 
test runners.
      88 const [hw, 
hwNoMax] = await 
Promise.all([
    ΓåÆ 89     
prisma.homework.create(
    The column 
`Homework.maxPoints` 
does not exist in the 
current database.

    [0m [90m 86 
|[39m     [90m// 
Note: use raw SQL to 
set maxPoints because 
the Prisma client may 
be cached[39m
     [90m 87 |[39m   
  [90m// from before 
the schema migration 
while the DLL is 
locked by other test 
runners.[39m
    [31m[1m>[22m[39
m[90m 88 |[39m     
[36mconst[39m 
[hw[33m,[39m 
hwNoMax] [33m=[39m 
[36mawait[39m [33mPr
omise[39m[33m.[39mal
l([
     [90m    |[39m   
                       
 [31m[1m^[22m[39m
     [90m 89 |[39m   
      prisma[33m.[39m
homework[33m.[39mcrea
te({ data[33m:[39m { 
title[33m:[39m [32m`
HW-${ts}`[39m[33m,[3
9m classId[33m:[39m c
ls1[33m.[39mid[33m,
[39m 
subjectId[33m,[39m 
dueDate[33m:[39m 
[36mnew[39m 
[33mDate[39m() } 
})[33m,[39m
     [90m 90 |[39m   
      prisma[33m.[39m
homework[33m.[39mcrea
te({ data[33m:[39m { 
title[33m:[39m [32m`
HW2-${ts}`[39m[33m,[
39m classId[33m:[39m 
cls1[33m.[39mid[33m,
[39m 
subjectId[33m,[39m 
dueDate[33m:[39m 
[36mnew[39m 
[33mDate[39m() } })
     [90m 91 |[39m   
  ])[33m;[39m[0m

      at 
Ln.handleRequestError (
node_modules/@prisma/cl
ient/runtime/library.js
:121:7753)
      at Ln.handleAndLo
gRequestError (node_mod
ules/@prisma/client/run
time/library.js:121:706
1)
      at Ln.request (no
de_modules/@prisma/clie
nt/runtime/library.js:1
21:6745)
      at l (node_module
s/@prisma/client/runtim
e/library.js:130:9633)
          at async 
Promise.all (index 0)
      at 
Object.<anonymous> (__t
ests__/teacher-homework
-grades.test.js:88:27)

  ΓùÅ Teacher-scoped 
Homework Grades ΓÇ║ 
student not enrolled 
in class rejected with 
400 VALIDATION_ERROR

    PrismaClientKnownRe
questError: 
    Invalid `prisma.hom
ework.create()` 
invocation in
    C:\Users\Pc\Downloa
ds\peek-school-system-b
ackend-main\peek-school
-system-backend-main\__
tests__\teacher-homewor
k-grades.test.js:89:25

      86 // Note: use 
raw SQL to set 
maxPoints because the 
Prisma client may be 
cached
      87 // from 
before the schema 
migration while the 
DLL is locked by other 
test runners.
      88 const [hw, 
hwNoMax] = await 
Promise.all([
    ΓåÆ 89     
prisma.homework.create(
    The column 
`Homework.maxPoints` 
does not exist in the 
current database.

    [0m [90m 86 
|[39m     [90m// 
Note: use raw SQL to 
set maxPoints because 
the Prisma client may 
be cached[39m
     [90m 87 |[39m   
  [90m// from before 
the schema migration 
while the DLL is 
locked by other test 
runners.[39m
    [31m[1m>[22m[39
m[90m 88 |[39m     
[36mconst[39m 
[hw[33m,[39m 
hwNoMax] [33m=[39m 
[36mawait[39m [33mPr
omise[39m[33m.[39mal
l([
     [90m    |[39m   
                       
 [31m[1m^[22m[39m
     [90m 89 |[39m   
      prisma[33m.[39m
homework[33m.[39mcrea
te({ data[33m:[39m { 
title[33m:[39m [32m`
HW-${ts}`[39m[33m,[3
9m classId[33m:[39m c
ls1[33m.[39mid[33m,
[39m 
subjectId[33m,[39m 
dueDate[33m:[39m 
[36mnew[39m 
[33mDate[39m() } 
})[33m,[39m
     [90m 90 |[39m   
      prisma[33m.[39m
homework[33m.[39mcrea
te({ data[33m:[39m { 
title[33m:[39m [32m`
HW2-${ts}`[39m[33m,[
39m classId[33m:[39m 
cls1[33m.[39mid[33m,
[39m 
subjectId[33m,[39m 
dueDate[33m:[39m 
[36mnew[39m 
[33mDate[39m() } })
     [90m 91 |[39m   
  ])[33m;[39m[0m

      at 
Ln.handleRequestError (
node_modules/@prisma/cl
ient/runtime/library.js
:121:7753)
      at Ln.handleAndLo
gRequestError (node_mod
ules/@prisma/client/run
time/library.js:121:706
1)
      at Ln.request (no
de_modules/@prisma/clie
nt/runtime/library.js:1
21:6745)
      at l (node_module
s/@prisma/client/runtim
e/library.js:130:9633)
          at async 
Promise.all (index 0)
      at 
Object.<anonymous> (__t
ests__/teacher-homework
-grades.test.js:88:27)

FAIL __tests__/teacher-
homework-crud.test.js
  ΓùÅ Teacher-scoped 
Homework CRUD ΓÇ║ 
teacher can create 
homework for assigned 
class

    expect(received).to
Be(expected) // 
Object.is equality

    Expected: 201
    Received: 500

    [0m [90m 101 
|[39m             
})[33m;[39m
     [90m 102 |[39m
    [31m[1m>[22m[39
m[90m 103 |[39m      
   expect(res[33m.[39
mstatus)[33m.[39mtoBe
([35m201[39m)[33m;[
39m
     [90m     |[39m  
                       
   [31m[1m^[22m[39m
     [90m 104 |[39m  
       expect(res[33m.
[39mbody[33m.[39msuc
cess)[33m.[39mtoBe([
36mtrue[39m)[33m;[39
m
     [90m 105 |[39m  
       expect(res[33m.
[39mbody[33m.[39mdat
a)[33m.[39mtoHaveProp
erty([32m'id'[39m)[3
3m;[39m
     [90m 106 |[39m  
       expect(res[33m.
[39mbody[33m.[39mdat
a[33m.[39mtitle)[33m
.[39mtoBe([32m`Test 
HW ${ts}`[39m)[33m;[
39m[0m

      at Object.toBe (_
_tests__/teacher-homewo
rk-crud.test.js:103:28)

  ΓùÅ Teacher-scoped 
Homework CRUD ΓÇ║ 
teacher can list 
homework for assigned 
class only

    expect(received).to
Be(expected) // 
Object.is equality

    Expected: 200
    Received: 500

    [0m [90m 150 
|[39m             [33
m.[39m[36mset[39m([
32m'Authorization'[39m
[33m,[39m 
[32m`Bearer ${teacherT
oken}`[39m)[33m;[39m
     [90m 151 |[39m
    [31m[1m>[22m[39
m[90m 152 |[39m      
   expect(res[33m.[39
mstatus)[33m.[39mtoBe
([35m200[39m)[33m;[
39m
     [90m     |[39m  
                       
   [31m[1m^[22m[39m
     [90m 153 |[39m  
       expect([33mArra
y[39m[33m.[39misArra
y(res[33m.[39mbody[3
3m.[39mdata))[33m.[3
9mtoBe([36mtrue[39m)
[33m;[39m
     [90m 154 |[39m  
       [36mconst[39m 
ids [33m=[39m res[33
m.[39mbody[33m.[39md
ata[33m.[39mmap(h 
[33m=>[39m h[33m.[3
9mid)[33m;[39m
     [90m 155 |[39m  
       expect(ids)[33m
.[39mtoContain(created
HomeworkId)[33m;[39m
[0m

      at Object.toBe (_
_tests__/teacher-homewo
rk-crud.test.js:152:28)

  ΓùÅ Teacher-scoped 
Homework CRUD ΓÇ║ 
teacher can update 
homework for assigned 
class

    expect(received).to
BeDefined()

    Received: undefined

    [0m [90m 169 
|[39m     
test([32m'teacher can 
update homework for 
assigned 
class'[39m[33m,[39m 
[36masync[39m () 
[33m=>[39m {
     [90m 170 |[39m  
       [90m// ensure 
createdHomeworkId was 
set[39m
    [31m[1m>[22m[39
m[90m 171 |[39m      
   expect(createdHomewo
rkId)[33m.[39mtoBeDef
ined()[33m;[39m
     [90m     |[39m  
                       
          
[31m[1m^[22m[39m
     [90m 172 |[39m
     [90m 173 |[39m  
       [36mconst[39m 
res [33m=[39m 
[36mawait[39m 
request(app)
     [90m 174 |[39m  
           [33m.[39mp
atch([32m`/api/academi
cs/homework/${createdHo
meworkId}`[39m)[0m

      at 
Object.toBeDefined (__t
ests__/teacher-homework
-crud.test.js:171:35)

  ΓùÅ Teacher-scoped 
Homework CRUD ΓÇ║ 
teacher cannot update 
homework for 
unassigned class ΓåÆ 
403

    PrismaClientKnownRe
questError: 
    Invalid `prisma.hom
ework.create()` 
invocation in
    C:\Users\Pc\Downloa
ds\peek-school-system-b
ackend-main\peek-school
-system-backend-main\__
tests__\teacher-homewor
k-crud.test.js:185:42

      182 
      183 
test('teacher cannot 
update homework for 
unassigned class ΓåÆ 
403', async () => {
      184     // 
Create homework in 
unassigned class via 
direct Prisma (bypass 
scope)
    ΓåÆ 185     const 
hw = await 
prisma.homework.create(
    The column 
`Homework.maxPoints` 
does not exist in the 
current database.

    [0m [90m 183 
|[39m     
test([32m'teacher 
cannot update homework 
for unassigned class 
ΓåÆ 
403'[39m[33m,[39m 
[36masync[39m () 
[33m=>[39m {
     [90m 184 |[39m  
       [90m// Create 
homework in unassigned 
class via direct 
Prisma (bypass 
scope)[39m
    [31m[1m>[22m[39
m[90m 185 |[39m      
   [36mconst[39m hw 
[33m=[39m 
[36mawait[39m prisma
[33m.[39mhomework[33m
.[39mcreate({
     [90m     |[39m  
                  
[31m[1m^[22m[39m
     [90m 186 |[39m  
           
data[33m:[39m { 
title[33m:[39m 
[32m'Direct 
HW'[39m[33m,[39m 
classId[33m:[39m unas
signedClassId[33m,[39
m subjectId[33m,[39m 
dueDate[33m:[39m 
[36mnew[39m 
[33mDate[39m() }
     [90m 187 |[39m  
       })[33m;[39m
     [90m 188 
|[39m[0m

      at 
Ln.handleRequestError (
node_modules/@prisma/cl
ient/runtime/library.js
:121:7753)
      at Ln.handleAndLo
gRequestError (node_mod
ules/@prisma/client/run
time/library.js:121:706
1)
      at Ln.request (no
de_modules/@prisma/clie
nt/runtime/library.js:1
21:6745)
      at l (node_module
s/@prisma/client/runtim
e/library.js:130:9633)
      at 
Object.<anonymous> (__t
ests__/teacher-homework
-crud.test.js:185:20)

  ΓùÅ Teacher-scoped 
Homework CRUD ΓÇ║ 
teacher can delete 
homework for assigned 
class

    PrismaClientKnownRe
questError: 
    Invalid `prisma.hom
ework.create()` 
invocation in
    C:\Users\Pc\Downloa
ds\peek-school-system-b
ackend-main\peek-school
-system-backend-main\__
tests__\teacher-homewor
k-crud.test.js:202:42

      199 
      200 
test('teacher can 
delete homework for 
assigned class', async 
() => {
      201     // 
Create a hw 
specifically for 
deletion
    ΓåÆ 202     const 
hw = await 
prisma.homework.create(
    The column 
`Homework.maxPoints` 
does not exist in the 
current database.

    [0m [90m 200 
|[39m     
test([32m'teacher can 
delete homework for 
assigned 
class'[39m[33m,[39m 
[36masync[39m () 
[33m=>[39m {
     [90m 201 |[39m  
       [90m// Create 
a hw specifically for 
deletion[39m
    [31m[1m>[22m[39
m[90m 202 |[39m      
   [36mconst[39m hw 
[33m=[39m 
[36mawait[39m prisma
[33m.[39mhomework[33m
.[39mcreate({
     [90m     |[39m  
                  
[31m[1m^[22m[39m
     [90m 203 |[39m  
           
data[33m:[39m { 
title[33m:[39m 
[32m'To Delete'[39m[
33m,[39m 
classId[33m:[39m assi
gnedClassId[33m,[39m 
subjectId[33m,[39m 
dueDate[33m:[39m 
[36mnew[39m 
[33mDate[39m() }
     [90m 204 |[39m  
       })[33m;[39m
     [90m 205 
|[39m[0m

      at 
Ln.handleRequestError (
node_modules/@prisma/cl
ient/runtime/library.js
:121:7753)
      at Ln.handleAndLo
gRequestError (node_mod
ules/@prisma/client/run
time/library.js:121:706
1)
      at Ln.request (no
de_modules/@prisma/clie
nt/runtime/library.js:1
21:6745)
      at l (node_module
s/@prisma/client/runtim
e/library.js:130:9633)
      at 
Object.<anonymous> (__t
ests__/teacher-homework
-crud.test.js:202:20)

  ΓùÅ Teacher-scoped 
Homework CRUD ΓÇ║ 
teacher cannot delete 
homework for 
unassigned class ΓåÆ 
403

    PrismaClientKnownRe
questError: 
    Invalid `prisma.hom
ework.create()` 
invocation in
    C:\Users\Pc\Downloa
ds\peek-school-system-b
ackend-main\peek-school
-system-backend-main\__
tests__\teacher-homewor
k-crud.test.js:215:42

      212 });
      213 
      214 
test('teacher cannot 
delete homework for 
unassigned class ΓåÆ 
403', async () => {
    ΓåÆ 215     const 
hw = await 
prisma.homework.create(
    The column 
`Homework.maxPoints` 
does not exist in the 
current database.

    [0m [90m 213 
|[39m
     [90m 214 |[39m  
   test([32m'teacher 
cannot delete homework 
for unassigned class 
ΓåÆ 
403'[39m[33m,[39m 
[36masync[39m () 
[33m=>[39m {
    [31m[1m>[22m[39
m[90m 215 |[39m      
   [36mconst[39m hw 
[33m=[39m 
[36mawait[39m prisma
[33m.[39mhomework[33m
.[39mcreate({
     [90m     |[39m  
                  
[31m[1m^[22m[39m
     [90m 216 |[39m  
           
data[33m:[39m { 
title[33m:[39m 
[32m'Direct HW Delete'
[39m[33m,[39m 
classId[33m:[39m unas
signedClassId[33m,[39
m subjectId[33m,[39m 
dueDate[33m:[39m 
[36mnew[39m 
[33mDate[39m() }
     [90m 217 |[39m  
       })[33m;[39m
     [90m 218 
|[39m[0m

      at 
Ln.handleRequestError (
node_modules/@prisma/cl
ient/runtime/library.js
:121:7753)
      at Ln.handleAndLo
gRequestError (node_mod
ules/@prisma/client/run
time/library.js:121:706
1)
      at Ln.request (no
de_modules/@prisma/clie
nt/runtime/library.js:1
21:6745)
      at l (node_module
s/@prisma/client/runtim
e/library.js:130:9633)
      at 
Object.<anonymous> (__t
ests__/teacher-homework
-crud.test.js:215:20)

FAIL __tests__/validati
on-4b.test.js
  ΓùÅ Test suite 
failed to run

    Route.get() 
requires a callback 
function but got a 
[object Undefined]

    [0m [90m 215 
|[39m [90m// --- 
Grades ---[39m
     [90m 216 |[39m 
[90m// GET  ΓåÆ 
roster + existing 
grades[39m
    [31m[1m>[22m[39
m[90m 217 |[39m route
r[33m.[39m[36mget[3
9m([32m'/homework/:hom
eworkId/grades'[39m[3
3m,[39m teacherAdminAc
tions[33m,[39m valida
teParams(gradeParamsSch
ema)[33m,[39m cachePr
ivate([35m30[39m)[33
m,[39m getHomeworkGrad
es)[33m;[39m
     [90m     |[39m  
      
[31m[1m^[22m[39m
     [90m 218 |[39m 
[90m// POST ΓåÆ bulk 
upsert[39m
     [90m 219 |[39m r
outer[33m.[39mpost([
32m'/homework/:homework
Id/grades'[39m[33m,[
39m teacherAdminActions
[33m,[39m validatePar
ams(gradeParamsSchema)
[33m,[39m validate(sub
mitGradesSchema)[33m,
[39m 
noCache[33m,[39m subm
itHomeworkGrades)[33m;
[39m
     [90m 220 |[39m 
[90m// DEPRECATED: 
Single-record 
attendance. Use POST 
/api/attendance/bulk 
instead.[39m[0m

      at 
Route.<computed> [as 
get] (node_modules/expr
ess/lib/router/route.js
:216:15)
      at router.proto.<
computed> [as get] (nod
e_modules/express/lib/r
outer/index.js:521:19)
      at Object.get (sr
c/routes/academicRoutes
.js:217:8)
      at 
Object.require (__tests
__/validation-4b.test.j
s:64:24)

FAIL __tests__/rbac-att
endance-school.test.js
  ΓùÅ Test suite 
failed to run

    TypeError: 
validateQuery is not a 
function

    [0m [90m 113 
|[39m [90m *         
description: Missing 
classId or date[39m
     [90m 114 |[39m 
[90m */[39m
    [31m[1m>[22m[39
m[90m 115 |[39m route
r[33m.[39m[36mget[3
9m([32m'/:classId'[39
m[33m,[39m teacherAdm
inActions[33m,[39m va
lidateQuery(paginationS
chema)[33m,[39m cache
Private([35m30[39m)[
33m,[39m getClassAtten
dance)[33m;[39m
     [90m     |[39m  
                       
                     
[31m[1m^[22m[39m
     [90m 116 |[39m
     [90m 117 |[39m m
odule[33m.[39mexports
 [33m=[39m 
router[33m;[39m
     [90m 118 
|[39m[0m

      at 
Object.validateQuery (s
rc/routes/attendanceRou
tes.js:115:46)
      at 
Object.require (__tests
__/rbac-attendance-scho
ol.test.js:73:26)

FAIL 
__tests__/helpers.js
  ΓùÅ Test suite 
failed to run

    Your test suite 
must contain at least 
one test.

      at onResult (node
_modules/@jest/core/bui
ld/index.js:1057:18)
      at node_modules/@
jest/core/build/index.j
s:1127:165
      at node_modules/e
mittery/index.js:363:13
          at Array.map 
(<anonymous>)
      at Emittery.emit 
(node_modules/emittery/
index.js:361:23)


Test Suites: 13 
failed, 22 passed, 35 
total
Tests:       57 
failed, 157 passed, 
214 total
Snapshots:   0 total
Time:        26.377 s
Ran all test suites.
